01-02 06:08:09.081626  1677 11508 V MediaProvider: insertInternal>>>: uri=content://media/external/file, match=700, initValues=title=radio_log mime_type=null date_modified=1388614088 _size=19 format=12288 _data=/storage/sdcard0/mtklog/mobilelog/APLog_2014_0102_060808/radio_log is_drm=false
01-02 06:08:09.081705  1677 11508 V MediaProvider: insertFile>>>: uri=content://media/external/file, mediaType=0, values=title=radio_log mime_type=null date_modified=1388614088 _size=19 format=12288 _data=/storage/sdcard0/mtklog/mobilelog/APLog_2014_0102_060808/radio_log is_drm=false
01-02 06:08:09.081851  1677 11508 V MediaProvider: Returning cached entry for /storage/sdcard0/mtklog/mobilelog/APLog_2014_0102_060808
01-02 06:08:09.082280  1677 11508 V MediaProvider: insertFile<<<: values=bucket_id=475676183 media_type=0 storage_id=65537 date_modified=1388614088 parent=151 format=12288 file_name=radio_log bucket_display_name=APLog_2014_0102_060808 is_drm=false title=radio_log mime_type=null date_added=1388614089 _size=19 _data=/storage/sdcard0/mtklog/mobilelog/APLog_2014_0102_060808/radio_log, rowId=179
01-02 06:08:09.082364  1677 11508 V MediaProvider: insertInternal<<<: return newUri content://media/external/file/179
01-02 06:08:09.082446  1677 11508 V MediaProvider: insertInternal>>>: uri=content://media/external/file, match=700, initValues=title=events_log mime_type=null date_modified=1388614088 _size=19 format=12288 _data=/storage/sdcard0/mtklog/mobilelog/APLog_2014_0102_060808/events_log is_drm=false
01-02 06:08:09.082525  1677 11508 V MediaProvider: insertFile>>>: uri=content://media/external/file, mediaType=0, values=title=events_log mime_type=null date_modified=1388614088 _size=19 format=12288 _data=/storage/sdcard0/mtklog/mobilelog/APLog_2014_0102_060808/events_log is_drm=false
01-02 06:08:09.082699  1677 11508 V MediaProvider: Returning cached entry for /storage/sdcard0/mtklog/mobilelog/APLog_2014_0102_060808
01-02 06:08:09.083292  1677 11508 V MediaProvider: insertFile<<<: values=bucket_id=475676183 media_type=0 storage_id=65537 date_modified=1388614088 parent=151 format=12288 file_name=events_log bucket_display_name=APLog_2014_0102_060808 is_drm=false title=events_log mime_type=null date_added=1388614089 _size=19 _data=/storage/sdcard0/mtklog/mobilelog/APLog_2014_0102_060808/events_log, rowId=180
01-02 06:08:09.083370  1677 11508 V MediaProvider: insertInternal<<<: return newUri content://media/external/file/180
01-02 06:08:09.083465  1677 11508 V MediaProvider: insertInternal>>>: uri=content://media/external/file, match=700, initValues=title=kernel_log mime_type=null date_modified=1388614088 _size=19 format=12288 _data=/storage/sdcard0/mtklog/mobilelog/APLog_2014_0102_060808/kernel_log is_drm=false
01-02 06:08:09.083556  1677 11508 V MediaProvider: insertFile>>>: uri=content://media/external/file, mediaType=0, values=title=kernel_log mime_type=null date_modified=1388614088 _size=19 format=12288 _data=/storage/sdcard0/mtklog/mobilelog/APLog_2014_0102_060808/kernel_log is_drm=false
01-02 06:08:09.083864  1677 11508 V MediaProvider: Returning cached entry for /storage/sdcard0/mtklog/mobilelog/APLog_2014_0102_060808
01-02 06:08:09.084355  1677 11508 V MediaProvider: insertFile<<<: values=bucket_id=475676183 media_type=0 storage_id=65537 date_modified=1388614088 parent=151 format=12288 file_name=kernel_log bucket_display_name=APLog_2014_0102_060808 is_drm=false title=kernel_log mime_type=null date_added=1388614089 _size=19 _data=/storage/sdcard0/mtklog/mobilelog/APLog_2014_0102_060808/kernel_log, rowId=181
01-02 06:08:09.084409  1677 11508 V MediaProvider: insertInternal<<<: return newUri content://media/external/file/181
01-02 06:08:09.084483  1677 11508 V MediaProvider: insertInternal>>>: uri=content://media/external/file, match=700, initValues=title=properties mime_type=null date_modified=1388614088 _size=328 format=12288 _data=/storage/sdcard0/mtklog/mobilelog/APLog_2014_0102_060808/properties is_drm=false
01-02 06:08:09.084574  1677 11508 V MediaProvider: insertFile>>>: uri=content://media/external/file, mediaType=0, values=title=properties mime_type=null date_modified=1388614088 _size=328 format=12288 _data=/storage/sdcard0/mtklog/mobilelog/APLog_2014_0102_060808/properties is_drm=false
01-02 06:08:09.084736  1677 11508 V MediaProvider: Returning cached entry for /storage/sdcard0/mtklog/mobilelog/APLog_2014_0102_060808
01-02 06:08:09.085163  1677 11508 V MediaProvider: insertFile<<<: values=bucket_id=475676183 media_type=0 storage_id=65537 date_modified=1388614088 parent=151 format=12288 file_name=properties bucket_display_name=APLog_2014_0102_060808 is_drm=false title=properties mime_type=null date_added=1388614089 _size=328 _data=/storage/sdcard0/mtklog/mobilelog/APLog_2014_0102_060808/properties, rowId=182
01-02 06:08:09.085215  1677 11508 V MediaProvider: insertInternal<<<: return newUri content://media/external/file/182
01-02 06:08:09.085294  1677 11508 V MediaProvider: insertInternal>>>: uri=content://media/external/file, match=700, initValues=title=dump-stats-2014_0102_041538_stop mime_type=text/plain date_modified=1388607338 _size=76 format=12292 _data=/storage/sdcard0/mtklog/netlog/NTLog_2014_0102_032454/dump-stats-2014_0102_041538_stop.txt is_drm=false
01-02 06:08:09.085375  1677 11508 V MediaProvider: insertFile>>>: uri=content://media/external/file, mediaType=0, values=title=dump-stats-2014_0102_041538_stop mime_type=text/plain date_modified=1388607338 _size=76 format=12292 _data=/storage/sdcard0/mtklog/netlog/NTLog_2014_0102_032454/dump-stats-2014_0102_041538_stop.txt is_drm=false
01-02 06:08:09.086264  1677 11508 V MediaProvider: Returning cached entry for /storage/sdcard0/mtklog/netlog/NTLog_2014_0102_032454
01-02 06:08:09.086768  1677 11508 V MediaProvider: insertFile<<<: values=bucket_id=-1627112673 media_type=0 storage_id=65537 date_modified=1388607338 parent=153 format=12292 file_name=dump-stats-2014_0102_041538_stop.txt bucket_display_name=NTLog_2014_0102_032454 is_drm=false file_type=4 title=dump-stats-2014_0102_041538_stop mime_type=text/plain date_added=1388614089 _size=76 _data=/storage/sdcard0/mtklog/netlog/NTLog_2014_0102_032454/dump-stats-2014_0102_041538_stop.txt, rowId=183
01-02 06:08:09.086820  1677 11508 V MediaProvider: insertInternal<<<: return newUri content://media/external/file/183
01-02 06:08:09.086895  1677 11508 V MediaProvider: insertInternal>>>: uri=content://media/external/file, match=700, initValues=title=dump-networking-2014_0102_041537_stop mime_type=text/plain date_modified=1388607337 _size=231486 format=12292 _data=/storage/sdcard0/mtklog/netlog/NTLog_2014_0102_032454/dump-networking-2014_0102_041537_stop.txt is_drm=false
01-02 06:08:09.086977  1677 11508 V MediaProvider: insertFile>>>: uri=content://media/external/file, mediaType=0, values=title=dump-networking-2014_0102_041537_stop mime_type=text/plain date_modified=1388607337 _size=231486 format=12292 _data=/storage/sdcard0/mtklog/netlog/NTLog_2014_0102_032454/dump-networking-2014_0102_041537_stop.txt is_drm=false
01-02 06:08:09.087440   243 11498 I MobileLogD/new: malloc 22
01-02 06:08:09.087804  1677 11508 V MediaProvider: Returning cached entry for /storage/sdcard0/mtklog/netlog/NTLog_2014_0102_032454
01-02 06:08:09.088246  1677 11508 V MediaProvider: insertFile<<<: values=bucket_id=-1627112673 media_type=0 storage_id=65537 date_modified=1388607337 parent=153 format=12292 file_name=dump-networking-2014_0102_041537_stop.txt bucket_display_name=NTLog_2014_0102_032454 is_drm=false file_type=4 title=dump-networking-2014_0102_041537_stop mime_type=text/plain date_added=1388614089 _size=231486 _data=/storage/sdcard0/mtklog/netlog/NTLog_2014_0102_032454/dump-networking-2014_0102_041537_stop.txt, rowId=184
01-02 06:08:09.088290  1677 11508 V MediaProvider: insertInternal<<<: return newUri content://media/external/file/184
01-02 06:08:09.088361  1677 11508 V MediaProvider: insertInternal>>>: uri=content://media/external/file, match=700, initValues=title=tcpdump_NTLog_2014_0102_032454_start mime_type=null date_modified=1388607338 _size=24 format=12288 _data=/storage/sdcard0/mtklog/netlog/NTLog_2014_0102_032454/tcpdump_NTLog_2014_0102_032454_start.cap is_drm=false
01-02 06:08:09.088429  1677 11508 V MediaProvider: insertFile>>>: uri=content://media/external/file, mediaType=0, values=title=tcpdump_NTLog_2014_0102_032454_start mime_type=null date_modified=1388607338 _size=24 format=12288 _data=/storage/sdcard0/mtklog/netlog/NTLog_2014_0102_032454/tcpdump_NTLog_2014_0102_032454_start.cap is_drm=false
01-02 06:08:09.088588  1677 11508 V MediaProvider: Returning cached entry for /storage/sdcard0/mtklog/netlog/NTLog_2014_0102_032454
01-02 06:08:09.089003  1677 11508 V MediaProvider: insertFile<<<: values=bucket_id=-1627112673 media_type=0 storage_id=65537 date_modified=1388607338 parent=153 format=12288 file_name=tcpdump_NTLog_2014_0102_032454_start.cap bucket_display_name=NTLog_2014_0102_032454 is_drm=false title=tcpdump_NTLog_2014_0102_032454_start mime_type=null date_added=1388614089 _size=24 _data=/storage/sdcard0/mtklog/netlog/NTLog_2014_0102_032454/tcpdump_NTLog_2014_0102_032454_start.cap, rowId=185
01-02 06:08:09.089050  1677 11508 V MediaProvider: insertInternal<<<: return newUri content://media/external/file/185
01-02 06:08:09.089128  1677 11508 V MediaProvider: insertInternal>>>: uri=content://media/external/file, match=700, initValues=title=version_info mime_type=text/plain date_modified=1388604298 _size=121 format=12292 _data=/storage/sdcard0/mtklog/mdlog1/MDLog1_2014_0102_032458/version_info.txt is_drm=false
01-02 06:08:09.089200  1677 11508 V MediaProvider: insertFile>>>: uri=content://media/external/file, mediaType=0, values=title=version_info mime_type=text/plain date_modified=1388604298 _size=121 format=12292 _data=/storage/sdcard0/mtklog/mdlog1/MDLog1_2014_0102_032458/version_info.txt is_drm=false
01-02 06:08:09.089882  1677 11508 V MediaProvider: Returning cached entry for /storage/sdcard0/mtklog/mdlog1/MDLog1_2014_0102_032458
01-02 06:08:09.090405  1677 11508 V MediaProvider: insertFile<<<: values=bucket_id=936612642 media_type=0 storage_id=65537 date_modified=1388604298 parent=155 format=12292 file_name=version_info.txt bucket_display_name=MDLog1_2014_0102_032458 is_drm=false file_type=4 title=version_info mime_type=text/plain date_added=1388614089 _size=121 _data=/storage/sdcard0/mtklog/mdlog1/MDLog1_2014_0102_032458/version_info.txt, rowId=186
01-02 06:08:09.090458  1677 11508 V MediaProvider: insertInternal<<<: return newUri content://media/external/file/186
01-02 06:08:09.090533  1677 11508 V MediaProvider: insertInternal>>>: uri=content://media/external/file, match=700, initValues=title=file_tree mime_type=text/plain date_modified=1388604298 _size=90 format=12292 _data=/storage/sdcard0/mtklog/mdlog1/MDLog1_2014_0102_032458/file_tree.txt is_drm=false
01-02 06:08:09.090611  1677 11508 V MediaProvider: insertFile>>>: uri=content://media/external/file, mediaType=0, values=title=file_tree mime_type=text/plain date_modified=1388604298 _size=90 format=12292 _data=/storage/sdcard0/mtklog/mdlog1/MDLog1_2014_0102_032458/file_tree.txt is_drm=false
01-02 06:08:09.091234  1677 11508 V MediaProvider: Returning cached entry for /storage/sdcard0/mtklog/mdlog1/MDLog1_2014_0102_032458
01-02 06:08:09.091710  1677 11508 V MediaProvider: insertFile<<<: values=bucket_id=936612642 media_type=0 storage_id=65537 date_modified=1388604298 parent=155 format=12292 file_name=file_tree.txt bucket_display_name=MDLog1_2014_0102_032458 is_drm=false file_type=4 title=file_tree mime_type=text/plain date_added=1388614089 _size=90 _data=/storage/sdcard0/mtklog/mdlog1/MDLog1_2014_0102_032458/file_tree.txt, rowId=187
01-02 06:08:09.091767  1677 11508 V MediaProvider: insertInternal<<<: return newUri content://media/external/file/187
01-02 06:08:09.091848  1677 11508 V MediaProvider: insertInternal>>>: uri=content://media/external/file, match=700, initValues=title=MDLog1_2014_0102_032458 mime_type=null date_modified=1388607337 _size=22060473 format=12288 _data=/storage/sdcard0/mtklog/mdlog1/MDLog1_2014_0102_032458/MDLog1_2014_0102_032458.muxraw is_drm=false
01-02 06:08:09.091984  1677 11508 V MediaProvider: insertFile>>>: uri=content://media/external/file, mediaType=0, values=title=MDLog1_2014_0102_032458 mime_type=null date_modified=1388607337 _size=22060473 format=12288 _data=/storage/sdcard0/mtklog/mdlog1/MDLog1_2014_0102_032458/MDLog1_2014_0102_032458.muxraw is_drm=false
01-02 06:08:09.092156  1677 11508 V MediaProvider: Returning cached entry for /storage/sdcard0/mtklog/mdlog1/MDLog1_2014_0102_032458
01-02 06:08:09.092580  1677 11508 V MediaProvider: insertFile<<<: values=bucket_id=936612642 media_type=0 storage_id=65537 date_modified=1388607337 parent=155 format=12288 file_name=MDLog1_2014_0102_032458.muxraw bucket_display_name=MDLog1_2014_0102_032458 is_drm=false title=MDLog1_2014_0102_032458 mime_type=null date_added=1388614089 _size=22060473 _data=/storage/sdcard0/mtklog/mdlog1/MDLog1_2014_0102_032458/MDLog1_2014_0102_032458.muxraw, rowId=188
01-02 06:08:09.092624  1677 11508 V MediaProvider: insertInternal<<<: return newUri content://media/external/file/188
01-02 06:08:09.092696  1677 11508 V MediaProvider: insertInternal>>>: uri=content://media/external/file, match=700, initValues=title=BPLGUInfoCustomAppSrcP_MT6752_S00_A938T_V4_1_ltg_n mime_type=null date_modified=1388604310 _size=7286872 format=12288 _data=/storage/sdcard0/mtklog/mdlog1/MDLog1_2014_0102_032458/BPLGUInfoCustomAppSrcP_MT6752_S00_A938T_V4_1_ltg_n is_drm=false
01-02 06:08:09.092767  1677 11508 V MediaProvider: insertFile>>>: uri=content://media/external/file, mediaType=0, values=title=BPLGUInfoCustomAppSrcP_MT6752_S00_A938T_V4_1_ltg_n mime_type=null date_modified=1388604310 _size=7286872 format=12288 _data=/storage/sdcard0/mtklog/mdlog1/MDLog1_2014_0102_032458/BPLGUInfoCustomAppSrcP_MT6752_S00_A938T_V4_1_ltg_n is_drm=false
01-02 06:08:09.092933  1677 11508 V MediaProvider: Returning cached entry for /storage/sdcard0/mtklog/mdlog1/MDLog1_2014_0102_032458
01-02 06:08:09.093367  1677 11508 V MediaProvider: insertFile<<<: values=bucket_id=936612642 media_type=0 storage_id=65537 date_modified=1388604310 parent=155 format=12288 file_name=BPLGUInfoCustomAppSrcP_MT6752_S00_A938T_V4_1_ltg_n bucket_display_name=MDLog1_2014_0102_032458 is_drm=false title=BPLGUInfoCustomAppSrcP_MT6752_S00_A938T_V4_1_ltg_n mime_type=null date_added=1388614089 _size=7286872 _data=/storage/sdcard0/mtklog/mdlog1/MDLog1_2014_0102_032458/BPLGUInfoCustomAppSrcP_MT6752_S00_A938T_V4_1_ltg_n, rowId=189
01-02 06:08:09.093407  1677 11508 V MediaProvider: insertInternal<<<: return newUri content://media/external/file/189
01-02 06:08:09.093477  1677 11508 V MediaProvider: insertInternal>>>: uri=content://media/external/file, match=700, initValues=title=DbgInfo_LR9.W1423.MD.LWTG.CMCC mime_type=null date_modified=1388604313 _size=1429642 format=12288 _data=/storage/sdcard0/mtklog/mdlog1/MDLog1_2014_0102_032458/DbgInfo_LR9.W1423.MD.LWTG.CMCC.MP_AUBEST_CMCC_A938T_V4_2014_12_17_16_31_1_ltg_n is_drm=false
01-02 06:08:09.093548  1677 11508 V MediaProvider: insertFile>>>: uri=content://media/external/file, mediaType=0, values=title=DbgInfo_LR9.W1423.MD.LWTG.CMCC mime_type=null date_modified=1388604313 _size=1429642 format=12288 _data=/storage/sdcard0/mtklog/mdlog1/MDLog1_2014_0102_032458/DbgInfo_LR9.W1423.MD.LWTG.CMCC.MP_AUBEST_CMCC_A938T_V4_2014_12_17_16_31_1_ltg_n is_drm=false
01-02 06:08:09.093679  1677 11508 V MediaProvider: Returning cached entry for /storage/sdcard0/mtklog/mdlog1/MDLog1_2014_0102_032458
01-02 06:08:09.094024  1677 11508 V MediaProvider: insertFile<<<: values=bucket_id=936612642 media_type=0 storage_id=65537 date_modified=1388604313 parent=155 format=12288 file_name=DbgInfo_LR9.W1423.MD.LWTG.CMCC.MP_AUBEST_CMCC_A938T_V4_2014_12_17_16_31_1_ltg_n bucket_display_name=MDLog1_2014_0102_032458 is_drm=false title=DbgInfo_LR9.W1423.MD.LWTG.CMCC mime_type=null date_added=1388614089 _size=1429642 _data=/storage/sdcard0/mtklog/mdlog1/MDLog1_2014_0102_032458/DbgInfo_LR9.W1423.MD.LWTG.CMCC.MP_AUBEST_CMCC_A938T_V4_2014_12_17_16_31_1_ltg_n, rowId=190
01-02 06:08:09.094064  1677 11508 V MediaProvider: insertInternal<<<: return newUri content://media/external/file/190
01-02 06:08:09.094131  1677 11508 V MediaProvider: insertInternal>>>: uri=content://media/external/file, match=700, initValues=title=file_tree mime_type=text/plain date_modified=1388604298 _size=55 format=12292 _data=/storage/sdcard0/mtklog/mdlog1/file_tree.txt is_drm=false
01-02 06:08:09.094194  1677 11508 V MediaProvider: insertFile>>>: uri=content://media/external/file, mediaType=0, values=title=file_tree mime_type=text/plain date_modified=1388604298 _size=55 format=12292 _data=/storage/sdcard0/mtklog/mdlog1/file_tree.txt is_drm=false
01-02 06:08:09.094824  1677 11508 V MediaProvider: Returning cached entry for /storage/sdcard0/mtklog/mdlog1
01-02 06:08:09.095228  1677 11508 V MediaProvider: insertFile<<<: values=bucket_id=1324713552 media_type=0 storage_id=65537 date_modified=1388604298 parent=154 format=12292 file_name=file_tree.txt bucket_display_name=mdlog1 is_drm=false file_type=4 title=file_tree mime_type=text/plain date_added=1388614089 _size=55 _data=/storage/sdcard0/mtklog/mdlog1/file_tree.txt, rowId=191
01-02 06:08:09.095269  1677 11508 V MediaProvider: insertInternal<<<: return newUri content://media/external/file/191
01-02 06:08:09.095289  1677 11508 D SQLiteDatabase: endTransaction()
01-02 06:08:09.100476  1677 11508 D MediaScannerService: scanFolder<<<
01-02 06:08:09.100645  4540  4552 V MTKLogger/Utils: <--updateLogFilesInMediaProvider(), onScanCompleted, path=/storage/sdcard0/mtklog
01-02 06:08:09.100660  4540  4552 V MediaScannerConnection: Disconnecting from Media Scanner
01-02 06:08:09.101948  1677  1677 D MediaScannerService: onDestroy
01-02 06:08:09.102036  1677 11508 D dalvikvm: threadid=17: exiting
01-02 06:08:09.102094  1677 11508 D dalvikvm: threadid=17: bye!
01-02 06:08:09.167402   243 11495 I MobileLogD/dupm: dump /proc/cmdline
01-02 06:08:09.268386   243 11495 I MobileLogD/dupm: dump /proc/version
01-02 06:08:09.274138   235   235 I SurfaceFlinger: [Built-in Screen (type:0)] fps:48.891281,dur:1002.22,max:127.04,min:10.74
01-02 06:08:09.352136   775   791 V Provider/Settings: get setting for user 0 by user 0 so skipping cache
01-02 06:08:09.352184   775   791 V Provider/Settings:  from settings cache , name = full_screen_expand_statusbar , value = 1
01-02 06:08:09.353587   775   791 V Provider/Settings: get setting for user 0 by user 0 so skipping cache
01-02 06:08:09.353623   775   791 V Provider/Settings:  from settings cache , name = full_screen_expand_statusbar , value = 1
01-02 06:08:09.367507   235   235 I BufferQueue: [Starting logs](this:0xb8a9ab00,id:136,api:1,p:-1,c:-1) consumerDisconnect
01-02 06:08:09.367930   235   235 I BufferQueue: [Starting logs](this:0xb8a9ab00,id:136,api:1,p:-1,c:-1) ~BufferQueue
01-02 06:08:09.368319   235   235 D GraphicBuffer: free, handle(0xb8b172a8) (w:684 h:324 s:688 f:0x1 u:0x000900)
01-02 06:08:09.369288   243 11495 I MobileLogD/dupm: dump /proc/bootprof
01-02 06:08:09.453382   897  1097 V Provider/Settings: get setting for user 0 by user 0 so skipping cache
01-02 06:08:09.453420   897  1097 V Provider/Settings:  from settings cache , name = full_screen_expand_statusbar , value = 1
01-02 06:08:09.453836   897  1097 V Provider/Settings: get setting for user 0 by user 0 so skipping cache
01-02 06:08:09.453864   897  1097 V Provider/Settings:  from settings cache , name = full_screen_expand_statusbar , value = 1
01-02 06:08:09.471092   243 11495 I MobileLogD/dupm: dump /proc/last_kmsg2
01-02 06:08:09.573486   243 11495 I MobileLogD/dupm: dump /system/data/misc/ProjectConfig.mk
01-02 06:08:09.693421   243 11495 I MobileLogD/dupm: dump sys property
01-02 06:08:09.693773   243 11495 I MobileLogD/dupm: copydump over
01-02 06:08:09.876370   243 11499 I MobileLogD/new: free 2(22) this write
01-02 06:08:09.887409  4540  4540 D MTKLogger/LogInstance: -->showLogStatusInNotificationBar(), enable?true, title=MTKLogger is running, summary=Mobile log is on., tickerText=Mobile log is on., icon=2130837522
01-02 06:08:09.888211  4540  4540 D RemoteViews: RemoteViews packageName: com.mediatek.mtklogger layoutId: 17367140
01-02 06:08:09.888265  4540  4540 D RemoteViews: RemoteViews packageName: com.mediatek.mtklogger layoutId: 17367205
01-02 06:08:09.888408  4540  4540 D RemoteViews: RemoteViews parcel: android.os.Parcel@4293fb88 bitmapCache: null
01-02 06:08:09.888564  4540  4540 D RemoteViews: RemoteViews parcel: android.os.Parcel@428dd360 bitmapCache: null
01-02 06:08:09.888652  4540  4540 I MTKLogger/LogInstance: Give service foreground priority since log is on
01-02 06:08:09.889034   775  1125 D RemoteViews: RemoteViews parcel: android.os.Parcel@42912fe0 bitmapCache: null
01-02 06:08:09.889148   775  1125 D RemoteViews: RemoteViews parcel: android.os.Parcel@42912fe0 bitmapCache: null
01-02 06:08:09.889777   775   775 D AppOps  : noteOperation: allowing code 11 uid 10069 package com.mediatek.mtklogger
01-02 06:08:09.890200   775   775 E RemoteViews: ANR Warning,RemoteViews can only be used once ,if not ,it may cause ANR in hosts such as Laucher,SystemUI. keys for search <ANR Exception MSG   History>
01-02 06:08:09.890299   775   775 D RemoteViews: RemoteViews parcel: android.os.Parcel@427e6ef0 bitmapCache: null
01-02 06:08:09.890379   897   916 D RemoteViews: RemoteViews parcel: android.os.Parcel@426f3980 bitmapCache: null
01-02 06:08:09.890392   775   775 E RemoteViews: ANR Warning,RemoteViews can only be used once ,if not ,it may cause ANR in hosts such as Laucher,SystemUI. keys for search <ANR Exception MSG   History>
01-02 06:08:09.890480   775   775 D RemoteViews: RemoteViews parcel: android.os.Parcel@42760a30 bitmapCache: null
01-02 06:08:09.890484   897   916 D RemoteViews: RemoteViews parcel: android.os.Parcel@426f3980 bitmapCache: null
01-02 06:08:09.890589   775   775 D NotificationService: useDefaultSound=false
01-02 06:08:09.890600   775   775 D NotificationService: notification.sound=null
01-02 06:08:09.891472   897   897 D asset   : AssetManager-->addDefaultAssets CIP path not exsit!
01-02 06:08:09.894442   897   897 D RemoteViews: apply LayoutId: 17367140
01-02 06:08:09.894499   897   897 V AppWidgetContext: package name: com.mediatek.mtklogger
01-02 06:08:09.894519   897   897 V AppWidgetContext: context permission not changed
01-02 06:08:09.900132   897   897 D RemoteViews: ReflectionAction apply viewId: 16908294
01-02 06:08:09.900211   897   897 D RemoteViews: ReflectionAction apply viewId: 16908294
01-02 06:08:09.900244   897   897 D RemoteViews: ReflectionAction apply viewId: 16908310
01-02 06:08:09.900286   897   897 D RemoteViews: ReflectionAction apply viewId: 16908358
01-02 06:08:09.900318   897   897 D RemoteViews: ReflectionAction apply viewId: 16909022
01-02 06:08:09.900346   897   897 D RemoteViews: ReflectionAction apply viewId: 16908309
01-02 06:08:09.900371   897   897 D RemoteViews: ReflectionAction apply viewId: 16908301
01-02 06:08:09.900394   897   897 D RemoteViews: ReflectionAction apply viewId: 16908388
01-02 06:08:09.900995   897   897 D RemoteViews: ReflectionAction apply viewId: 16908388
01-02 06:08:09.901327   897   897 V Provider/Settings: get setting for user 0 by user 0 so skipping cache
01-02 06:08:09.901554   775  1124 D SettingsProvider: lookupValue table system cache contains Key time_12_24 , value = null
01-02 06:08:09.901578   775  1124 D SettingsProvider: lookupValue table system cache.fullyMatchesDisk() time_12_24
01-02 06:08:09.901690   897   897 V Provider/Settings: from db cache, name = time_12_24 , value = null
01-02 06:08:09.902019   897   897 D RemoteViews: ReflectionAction apply viewId: 16909021
01-02 06:08:09.902062   897   897 D RemoteViews: ReflectionAction apply viewId: 16909027
01-02 06:08:09.903213   897   897 I getAppIcon: sbn.pkg = com.mediatek.mtklogger
01-02 06:08:09.903247   897   897 I getAppIcon: isSpecial = false flag = false
01-02 06:08:09.903264   897   897 I getAppIcon: apk_name = com.mediatek.mtklogger
01-02 06:08:09.911846   897   897 D Resources: updateConfiguration from skin change, clear preloaded drawables.
01-02 06:08:09.911889   897   897 D TAG     : updateConfiguration() mMtkColorCache.size = 0
01-02 06:08:09.912502   897   897 I getAppIcon: iconname = com_mediatek_mtklogger__launcher
01-02 06:08:09.913967   897   897 I getAppIcon: filepath = null
01-02 06:08:09.915366   897   897 D LaunchIconThemeResource: getDrawable packageName=com.mediatek.mtklogger,iconId=0X7f02000f,asetfile=null
01-02 06:08:09.915388   897   897 D LaunchIconThemeResource: error asetfile=null packageName=com.mediatek.mtklogger, iconId=0X7f02000f
01-02 06:08:09.917052   897   897 D asset   : AssetManager-->addDefaultAssets CIP path not exsit!
01-02 06:08:09.927755   897   897 I getAppIcon: dr = android.graphics.drawable.BitmapDrawable@42ddc858
01-02 06:08:09.928210   897   897 D LenovoSlidingDrawer: isMoving = mTouching(false) +  mAnimating(false) mShowUserGuide (+  false)
01-02 06:08:09.931578   897   897 D jiayh2  : FontThemeManager createThemeFont typefacetype=2, curfontpath=/system/fonts/FangZhengLTH.ttf
01-02 06:08:09.932629   897   897 D jiayh2  : FontThemeManager createThemeFont typefacetype=2, curfontpath=/system/fonts/FangZhengLTH.ttf
01-02 06:08:09.934936   897   897 I Ticker  : addEntry mIsBlackTheme = false
01-02 06:08:09.941327   235   472 I BufferQueue: [StatusBar](this:0xb8a7ec18,id:5,api:1,p:897,c:235) queueBuffer: fps=0.10 dur=9923.41 max=9923.41 min=9923.41
01-02 06:08:09.956205   897  1484 V Provider/Settings: get setting for user 0 by user 0 so skipping cache
01-02 06:08:09.956246   897  1484 V Provider/Settings:  from settings cache , name = full_screen_expand_statusbar , value = 1
01-02 06:08:09.956666   897  1484 V Provider/Settings: get setting for user 0 by user 0 so skipping cache
01-02 06:08:09.956697   897  1484 V Provider/Settings:  from settings cache , name = full_screen_expand_statusbar , value = 1
01-02 06:08:09.960743  4540  4540 D MTKLogger/MainActivity: rate = 1.0
01-02 06:08:09.971200   235   819 I BufferQueue: [com.mediatek.mtklogger/com.mediatek.mtklogger.MainActivity](this:0xb8aeba20,id:135,api:1,p:4540,c:235) queueBuffer: fps=3.55 dur=1691.97 max=981.53 min=16.29
01-02 06:08:10.017506  7591  7591 V FileBrowser: wuyg updateDbRunnable
01-02 06:08:10.017524  7591  7591 V FileBrowser: wuyg prepareInitMedia
01-02 06:08:10.017532  7591  7591 V FileBrowser: wuyg updateAllCategory
01-02 06:08:10.017559  7591  7591 V FileBrowser: onCancel true
01-02 06:08:10.017622  7591  7591 D dalvikvm: create interp thread : stack size=128KB
01-02 06:08:10.017667  7591  7591 D dalvikvm: create new thread
01-02 06:08:10.017754  7591  7591 D dalvikvm: new thread created
01-02 06:08:10.017762  7591  7591 D dalvikvm: update thread list
01-02 06:08:10.017804  7591 11509 D dalvikvm: threadid=11: interp stack at 0x66909000
01-02 06:08:10.017818  7591 11509 D dalvikvm: threadid=11: created from interp
01-02 06:08:10.017839  7591  7591 D dalvikvm: start new thread
01-02 06:08:10.017867  7591 11509 D dalvikvm: threadid=11: notify debugger
01-02 06:08:10.017882  7591  7591 V FileBrowser: InitCategoryWorker oncreate
01-02 06:08:10.017920  7591 11509 D dalvikvm: threadid=11 (Thread-717): calling run()
01-02 06:08:10.017935  7591  7591 D dalvikvm: create interp thread : stack size=128KB
01-02 06:08:10.017952  7591  7591 D dalvikvm: create new thread
01-02 06:08:10.017979  7591 11509 D dalvikvm: threadid=11: exiting
01-02 06:08:10.018018  7591 11509 D dalvikvm: threadid=11: bye!
01-02 06:08:10.018023  7591  7591 D dalvikvm: new thread created
01-02 06:08:10.018028  7591  7591 D dalvikvm: update thread list
01-02 06:08:10.018136  7591 11510 D dalvikvm: threadid=11: interp stack at 0x66929000
01-02 06:08:10.018148  7591 11510 D dalvikvm: threadid=11: created from interp
01-02 06:08:10.018186  7591  7591 D dalvikvm: start new thread
01-02 06:08:10.018209  7591 11510 D dalvikvm: threadid=11: notify debugger
01-02 06:08:10.018210  7591  7591 V FileBrowser: onCancel true
01-02 06:08:10.018239  7591  7591 D dalvikvm: create interp thread : stack size=128KB
01-02 06:08:10.018249  7591 11510 D dalvikvm: threadid=11 (Thread-718): calling run()
01-02 06:08:10.018301  7591  7591 D dalvikvm: create new thread
01-02 06:08:10.018350  7591  7591 D dalvikvm: new thread created
01-02 06:08:10.018358  7591  7591 D dalvikvm: update thread list
01-02 06:08:10.018362  7591 11510 V FileBrowser: initHome_media begin 
01-02 06:08:10.018422  7591 11510 D dalvikvm: create interp thread : stack size=128KB
01-02 06:08:10.018443  7591 11511 D dalvikvm: threadid=14: interp stack at 0x66909000
01-02 06:08:10.018455  7591 11511 D dalvikvm: threadid=14: created from interp
01-02 06:08:10.018473  7591  7591 D dalvikvm: start new thread
01-02 06:08:10.018497  7591 11511 D dalvikvm: threadid=14: notify debugger
01-02 06:08:10.018507  7591  7591 V FileBrowser: InitCategoryWorker oncreate
01-02 06:08:10.018508  7591 11510 D dalvikvm: create new thread
01-02 06:08:10.018527  7591 11511 D dalvikvm: threadid=14 (Thread-719): calling run()
01-02 06:08:10.018528  7591  7591 D dalvikvm: create interp thread : stack size=128KB
01-02 06:08:10.018544  7591 11511 D dalvikvm: threadid=14: exiting
01-02 06:08:10.018572  7591 11511 D dalvikvm: threadid=14: bye!
01-02 06:08:10.018604  7591  7591 D dalvikvm: create new thread
01-02 06:08:10.018606  7591 11510 D dalvikvm: new thread created
01-02 06:08:10.018612  7591 11510 D dalvikvm: update thread list
01-02 06:08:10.018684  7591 11512 D dalvikvm: threadid=14: interp stack at 0x66982000
01-02 06:08:10.018747  7591  7591 D dalvikvm: new thread created
01-02 06:08:10.018755  7591  7591 D dalvikvm: update thread list
01-02 06:08:10.018771  7591 11512 D dalvikvm: threadid=14: created from interp
01-02 06:08:10.018796  7591 11510 D dalvikvm: start new thread
01-02 06:08:10.018819  7591 11512 D dalvikvm: threadid=14: notify debugger
01-02 06:08:10.018845  7591 11512 D dalvikvm: threadid=14 (Thread-720): calling run()
01-02 06:08:10.018905  7591 11513 D dalvikvm: threadid=15: interp stack at 0x669bc000
01-02 06:08:10.018919  7591 11513 D dalvikvm: threadid=15: created from interp
01-02 06:08:10.018958  7591  7591 D dalvikvm: start new thread
01-02 06:08:10.018978  7591  7591 V FileBrowser: onCancel true
01-02 06:08:10.019007  7591 11513 D dalvikvm: threadid=15: notify debugger
01-02 06:08:10.019035  7591 11513 D dalvikvm: threadid=15 (Thread-721): calling run()
01-02 06:08:10.021127  7591 11512 D dalvikvm: threadid=14: exiting
01-02 06:08:10.021446  7591 11513 V FileBrowser: initHome_media begin 
01-02 06:08:10.021574  7591 11512 D dalvikvm: threadid=14: bye!
01-02 06:08:10.022090  7591  7591 D dalvikvm: create interp thread : stack size=128KB
01-02 06:08:10.022102  7591 11513 D dalvikvm: create interp thread : stack size=128KB
01-02 06:08:10.022142  7591  7591 D dalvikvm: create new thread
01-02 06:08:10.022217  7591 11513 D dalvikvm: create new thread
01-02 06:08:10.022270  7591  7591 D dalvikvm: new thread created
01-02 06:08:10.022274  7591 11513 D dalvikvm: new thread created
01-02 06:08:10.022279  7591 11513 D dalvikvm: update thread list
01-02 06:08:10.022279  7591  7591 D dalvikvm: update thread list
01-02 06:08:10.022346  7591 11514 D dalvikvm: threadid=14: interp stack at 0x66909000
01-02 06:08:10.022357  7591 11514 D dalvikvm: threadid=14: created from interp
01-02 06:08:10.022381  7591  7591 D dalvikvm: start new thread
01-02 06:08:10.022402  7591 11514 D dalvikvm: threadid=14: notify debugger
01-02 06:08:10.022427  7591  7591 V FileBrowser: InitCategoryWorker oncreate
01-02 06:08:10.022433  7591 11514 D dalvikvm: threadid=14 (Thread-722): calling run()
01-02 06:08:10.022451  7591 11514 D dalvikvm: threadid=14: exiting
01-02 06:08:10.022468  7591 11515 D dalvikvm: threadid=16: interp stack at 0x66982000
01-02 06:08:10.022479  7591 11515 D dalvikvm: threadid=16: created from interp
01-02 06:08:10.022490  7591 11514 D dalvikvm: threadid=14: bye!
01-02 06:08:10.022515  7591  7591 D dalvikvm: create interp thread : stack size=128KB
01-02 06:08:10.022556  7591  7591 D dalvikvm: create new thread
01-02 06:08:10.022595  7591 11513 D dalvikvm: start new thread
01-02 06:08:10.022689  7591 11515 D dalvikvm: threadid=16: notify debugger
01-02 06:08:10.022711  7591 11515 D dalvikvm: threadid=16 (Thread-723): calling run()
01-02 06:08:10.022713  7591  7591 D dalvikvm: new thread created
01-02 06:08:10.022719  7591  7591 D dalvikvm: update thread list
01-02 06:08:10.022726  7591 11515 D dalvikvm: threadid=16: exiting
01-02 06:08:10.022768  7591 11515 D dalvikvm: threadid=16: bye!
01-02 06:08:10.023254  7591 11516 D dalvikvm: threadid=14: interp stack at 0x66909000
01-02 06:08:10.023266  7591 11516 D dalvikvm: threadid=14: created from interp
01-02 06:08:10.023295  7591  7591 D dalvikvm: start new thread
01-02 06:08:10.023325  7591  7591 V FileBrowser: onCancel true
01-02 06:08:10.023337  7591 11516 D dalvikvm: threadid=14: notify debugger
01-02 06:08:10.023365  7591 11516 D dalvikvm: threadid=14 (Thread-724): calling run()
01-02 06:08:10.023372  7591  7591 D dalvikvm: create interp thread : stack size=128KB
01-02 06:08:10.023426  7591 11516 V FileBrowser: initHome_media begin 
01-02 06:08:10.023451  7591  7591 D dalvikvm: create new thread
01-02 06:08:10.023489  7591 11516 D dalvikvm: create interp thread : stack size=128KB
01-02 06:08:10.023520  7591 11516 D dalvikvm: create new thread
01-02 06:08:10.023674  7591  7591 D dalvikvm: new thread created
01-02 06:08:10.023683  7591  7591 D dalvikvm: update thread list
01-02 06:08:10.023699  7591 11517 D dalvikvm: threadid=16: interp stack at 0x66982000
01-02 06:08:10.023706  7591 11517 D dalvikvm: threadid=16: created from interp
01-02 06:08:10.023727  7591  7591 D dalvikvm: start new thread
01-02 06:08:10.023821  7591  7591 V FileBrowser: InitCategoryWorker oncreate
01-02 06:08:10.023859  7591  7591 D dalvikvm: create interp thread : stack size=128KB
01-02 06:08:10.023877  7591  7591 D dalvikvm: create new thread
01-02 06:08:10.023897  7591 11517 D dalvikvm: threadid=16: notify debugger
01-02 06:08:10.023901  7591 11516 D dalvikvm: new thread created
01-02 06:08:10.023906  7591 11516 D dalvikvm: update thread list
01-02 06:08:10.023954  7591  7591 D dalvikvm: new thread created
01-02 06:08:10.023955  7591 11518 D dalvikvm: threadid=17: interp stack at 0x669dc000
01-02 06:08:10.023958  7591  7591 D dalvikvm: update thread list
01-02 06:08:10.023964  7591 11518 D dalvikvm: threadid=17: created from interp
01-02 06:08:10.024032  7591 11516 D dalvikvm: start new thread
01-02 06:08:10.024092  7591 11518 D dalvikvm: threadid=17: notify debugger
01-02 06:08:10.024124  7591 11519 D dalvikvm: threadid=18: interp stack at 0x669fc000
01-02 06:08:10.024136  7591 11519 D dalvikvm: threadid=18: created from interp
01-02 06:08:10.024144  7591 11518 D dalvikvm: threadid=17 (Thread-726): calling run()
01-02 06:08:10.024168  7591 11518 D dalvikvm: threadid=17: exiting
01-02 06:08:10.024195  7591  7591 D dalvikvm: start new thread
01-02 06:08:10.024346  7591 11518 D dalvikvm: threadid=17: bye!
01-02 06:08:10.024350  7591  7591 V FileBrowser: onCancel true
01-02 06:08:10.024396  7591  7591 D dalvikvm: create interp thread : stack size=128KB
01-02 06:08:10.024440  7591 11517 D dalvikvm: threadid=16 (Thread-725): calling run()
01-02 06:08:10.024478  7591 11519 D dalvikvm: threadid=18: notify debugger
01-02 06:08:10.024506  7591 11519 D dalvikvm: threadid=18 (Thread-727): calling run()
01-02 06:08:10.025581  7591  7591 D dalvikvm: create new thread
01-02 06:08:10.025582  7591 11517 D dalvikvm: threadid=16: exiting
01-02 06:08:10.025681  7591 11519 V FileBrowser: initHome_media begin 
01-02 06:08:10.025819  7591 11519 D dalvikvm: create interp thread : stack size=128KB
01-02 06:08:10.025962  7591 11517 D dalvikvm: threadid=16: bye!
01-02 06:08:10.025969  7591  7591 D dalvikvm: new thread created
01-02 06:08:10.025975  7591  7591 D dalvikvm: update thread list
01-02 06:08:10.026050  7591 11519 D dalvikvm: create new thread
01-02 06:08:10.026121  7591 11519 D dalvikvm: new thread created
01-02 06:08:10.026129  7591 11519 D dalvikvm: update thread list
01-02 06:08:10.026152  7591 11521 D dalvikvm: threadid=16: interp stack at 0x66982000
01-02 06:08:10.026173  7591 11521 D dalvikvm: threadid=16: created from interp
01-02 06:08:10.026200  7591 11519 D dalvikvm: start new thread
01-02 06:08:10.026216  7591 11521 D dalvikvm: threadid=16: notify debugger
01-02 06:08:10.026241  7591 11521 D dalvikvm: threadid=16 (Thread-729): calling run()
01-02 06:08:10.026265  7591 11521 D dalvikvm: threadid=16: exiting
01-02 06:08:10.026308  7591 11521 D dalvikvm: threadid=16: bye!
01-02 06:08:10.026472  7591 11520 D dalvikvm: threadid=16: interp stack at 0x669dc000
01-02 06:08:10.026485  7591 11520 D dalvikvm: threadid=16: created from interp
01-02 06:08:10.026526  7591  7591 D dalvikvm: start new thread
01-02 06:08:10.026551  7591 11520 D dalvikvm: threadid=16: notify debugger
01-02 06:08:10.026564  7591  7591 V FileBrowser: InitCategoryWorker oncreate
01-02 06:08:10.026581  7591 11520 D dalvikvm: threadid=16 (Thread-728): calling run()
01-02 06:08:10.026598  7591  7591 D dalvikvm: create interp thread : stack size=128KB
01-02 06:08:10.026599  7591 11520 D dalvikvm: threadid=16: exiting
01-02 06:08:10.026624  7591  7591 D dalvikvm: create new thread
01-02 06:08:10.026638  7591 11520 D dalvikvm: threadid=16: bye!
01-02 06:08:10.026775  7591  7591 D dalvikvm: new thread created
01-02 06:08:10.026786  7591  7591 D dalvikvm: update thread list
01-02 06:08:10.026825  7591 11522 D dalvikvm: threadid=16: interp stack at 0x66982000
01-02 06:08:10.026843  7591 11513 V FileBrowser: initHome_media apk num = 0
01-02 06:08:10.026890  7591 11522 D dalvikvm: threadid=16: created from interp
01-02 06:08:10.026908  7591 11516 V FileBrowser: initHome_media mImageItems = 0
01-02 06:08:10.026925  7591 11516 V FileBrowser: initHome_media music mImageItems() = 0
01-02 06:08:10.026934  7591  7591 D dalvikvm: start new thread
01-02 06:08:10.026954  7591  7591 V FileBrowser: onCancel true
01-02 06:08:10.026989  7591  7591 D dalvikvm: create interp thread : stack size=128KB
01-02 06:08:10.027015  7591  7591 D dalvikvm: create new thread
01-02 06:08:10.027080  7591  7591 D dalvikvm: new thread created
01-02 06:08:10.027088  7591  7591 D dalvikvm: update thread list
01-02 06:08:10.027115  7591 11513 V FileBrowser: initHome_media fileExt = apk0
01-02 06:08:10.027147  7591 11522 D dalvikvm: threadid=16: notify debugger
01-02 06:08:10.027158  7591 11523 D dalvikvm: threadid=17: interp stack at 0x669dc000
01-02 06:08:10.027166  7591 11523 D dalvikvm: threadid=17: created from interp
01-02 06:08:10.027181  7591 11522 D dalvikvm: threadid=16 (Thread-730): calling run()
01-02 06:08:10.027227  7591 11522 V FileBrowser: initHome_media begin 
01-02 06:08:10.027278  7591 11522 D dalvikvm: create interp thread : stack size=128KB
01-02 06:08:10.027298  7591 11522 D dalvikvm: create new thread
01-02 06:08:10.027360  7591 11522 D dalvikvm: new thread created
01-02 06:08:10.027368  7591 11522 D dalvikvm: update thread list
01-02 06:08:10.027989  7591  7591 D dalvikvm: start new thread
01-02 06:08:10.028019  7591 11523 D dalvikvm: threadid=17: notify debugger
01-02 06:08:10.028036  7591  7591 V FileBrowser: InitCategoryWorker oncreate
01-02 06:08:10.028053  7591 11523 D dalvikvm: threadid=17 (Thread-731): calling run()
01-02 06:08:10.028074  7591 11523 D dalvikvm: threadid=17: exiting
01-02 06:08:10.028076  7591  7591 D dalvikvm: create interp thread : stack size=128KB
01-02 06:08:10.028118  7591 11523 D dalvikvm: threadid=17: bye!
01-02 06:08:10.028297  7591 11516 V FileBrowser: initHome_media end 
01-02 06:08:10.028357  7591 11516 D dalvikvm: threadid=14: exiting
01-02 06:08:10.028391  7591 11516 D dalvikvm: threadid=14: bye!
01-02 06:08:10.028393  7591 11510 V FileBrowser: initHome_media mFileList = 5
01-02 06:08:10.028464  7591  7591 D dalvikvm: create new thread
01-02 06:08:10.028486  7591 11524 D dalvikvm: threadid=14: interp stack at 0x66a2c000
01-02 06:08:10.028507  7591 11524 D dalvikvm: threadid=14: created from interp
01-02 06:08:10.028535  7591 11522 D dalvikvm: start new thread
01-02 06:08:10.028559  7591 11524 D dalvikvm: threadid=14: notify debugger
01-02 06:08:10.028582  7591 11524 D dalvikvm: threadid=14 (Thread-732): calling run()
01-02 06:08:10.028707  7591 11524 D dalvikvm: threadid=14: exiting
01-02 06:08:10.028749  7591  7591 D dalvikvm: new thread created
01-02 06:08:10.028754  7591  7591 D dalvikvm: update thread list
01-02 06:08:10.029115  7591 11524 D dalvikvm: threadid=14: bye!
01-02 06:08:10.029264  7591 11525 D dalvikvm: threadid=14: interp stack at 0x669dc000
01-02 06:08:10.029276  7591 11525 D dalvikvm: threadid=14: created from interp
01-02 06:08:10.029543  7591 11513 V FileBrowser: initHome_media end 
01-02 06:08:10.029598  7591  7591 D dalvikvm: start new thread
01-02 06:08:10.029605  7591 11513 D dalvikvm: threadid=15: exiting
01-02 06:08:10.029629  7591  7591 V FileBrowser: onCancel true
01-02 06:08:10.029630  7591 11525 D dalvikvm: threadid=14: notify debugger
01-02 06:08:10.029692  7591 11525 D dalvikvm: threadid=14 (Thread-733): calling run()
01-02 06:08:10.029774  7591 11513 D dalvikvm: threadid=15: bye!
01-02 06:08:10.029798  7591 11525 V FileBrowser: initHome_media begin 
01-02 06:08:10.029830  7591  7591 D dalvikvm: create interp thread : stack size=128KB
01-02 06:08:10.029843  7591 11525 D dalvikvm: create interp thread : stack size=128KB
01-02 06:08:10.029882  7591 11525 D dalvikvm: create new thread
01-02 06:08:10.029914  7591  7591 D dalvikvm: create new thread
01-02 06:08:10.030281  7591 11525 D dalvikvm: new thread created
01-02 06:08:10.030290  7591 11525 D dalvikvm: update thread list
01-02 06:08:10.030406  7591  7591 D dalvikvm: new thread created
01-02 06:08:10.030416  7591  7591 D dalvikvm: update thread list
01-02 06:08:10.030484  7591 11527 D dalvikvm: threadid=15: interp stack at 0x669bc000
01-02 06:08:10.030503  7591 11527 D dalvikvm: threadid=15: created from interp
01-02 06:08:10.030540  7591  7591 D dalvikvm: start new thread
01-02 06:08:10.030566  7591 11527 D dalvikvm: threadid=15: notify debugger
01-02 06:08:10.030584  7591  7591 V FileBrowser: InitCategoryWorker oncreate
01-02 06:08:10.030593  7591 11526 D dalvikvm: threadid=17: interp stack at 0x66909000
01-02 06:08:10.030604  7591 11527 D dalvikvm: threadid=15 (Thread-734): calling run()
01-02 06:08:10.030612  7591 11526 D dalvikvm: threadid=17: created from interp
01-02 06:08:10.030623  7591 11527 D dalvikvm: threadid=15: exiting
01-02 06:08:10.030642  7591 11519 V FileBrowser: initHome_media apk num = 5
01-02 06:08:10.030667  7591 11527 D dalvikvm: threadid=15: bye!
01-02 06:08:10.030672  7591  7591 D dalvikvm: create interp thread : stack size=128KB
01-02 06:08:10.030702  7591 11525 D dalvikvm: start new thread
01-02 06:08:10.030742  7591 11526 D dalvikvm: threadid=17: notify debugger
01-02 06:08:10.030763  7591 11526 D dalvikvm: threadid=17 (Thread-735): calling run()
01-02 06:08:10.031017  7591 11526 D dalvikvm: threadid=17: exiting
01-02 06:08:10.031058  7591 11526 D dalvikvm: threadid=17: bye!
01-02 06:08:10.031122  7591  7591 D dalvikvm: create new thread
01-02 06:08:10.031192  7591  7591 D dalvikvm: new thread created
01-02 06:08:10.031203  7591  7591 D dalvikvm: update thread list
01-02 06:08:10.031278  7591 11528 D dalvikvm: threadid=15: interp stack at 0x66909000
01-02 06:08:10.031295  7591 11528 D dalvikvm: threadid=15: created from interp
01-02 06:08:10.031333  7591  7591 D dalvikvm: start new thread
01-02 06:08:10.031357  7591 11522 V FileBrowser: initHome_media music mMusicItems.num = 0
01-02 06:08:10.031384  7591 11522 V FileBrowser: initHome_media music mMusicItems.size() = 0
01-02 06:08:10.031409  7591 11528 D dalvikvm: threadid=15: notify debugger
01-02 06:08:10.031495  7591  7591 V FileBrowser: debug UPDATE_CATEGORY_MEIDA: mMode = FB_RECENTFILE ordinal = 13
01-02 06:08:10.031529  7591 11528 D dalvikvm: threadid=15 (Thread-736): calling run()
01-02 06:08:10.031536  7591 11519 V FileBrowser: initHome_media fileExt = doc5
01-02 06:08:10.031574  7591 11528 V FileBrowser: initHome_media begin 
01-02 06:08:10.031650  7591 11528 D dalvikvm: create interp thread : stack size=128KB
01-02 06:08:10.031879  7591 11528 D dalvikvm: create new thread
01-02 06:08:10.032069  7591 11528 D dalvikvm: new thread created
01-02 06:08:10.032081  7591 11528 D dalvikvm: update thread list
01-02 06:08:10.032108  7591 11529 D dalvikvm: threadid=17: interp stack at 0x669bc000
01-02 06:08:10.032117  7591 11529 D dalvikvm: threadid=17: created from interp
01-02 06:08:10.032155  7591 11528 D dalvikvm: start new thread
01-02 06:08:10.032162  7591  7591 V FileBrowser: debug UPDATE_CATEGORY_MEIDA: mMode = FB_RECENTFILE ordinal = 12
01-02 06:08:10.032192  7591 11529 D dalvikvm: threadid=17: notify debugger
01-02 06:08:10.032225  7591 11529 D dalvikvm: threadid=17 (Thread-737): calling run()
01-02 06:08:10.032256  7591 11529 D dalvikvm: threadid=17: exiting
01-02 06:08:10.032315  7591 11529 D dalvikvm: threadid=17: bye!
01-02 06:08:10.033010  7591 11519 V FileBrowser: initHome_media end 
01-02 06:08:10.033094  7591 11519 D dalvikvm: threadid=18: exiting
01-02 06:08:10.033127  7591 11519 D dalvikvm: threadid=18: bye!
01-02 06:08:10.033142  7591  7591 V FileBrowser: debug UPDATE_CATEGORY_MEIDA: mMode = FB_RECENTFILE ordinal = 14
01-02 06:08:10.033489  7591 11510 V FileBrowser: initHome_media music recentCursor() = 5
01-02 06:08:10.033681  7591 11522 V FileBrowser: initHome_media end 
01-02 06:08:10.033742  7591 11522 D dalvikvm: threadid=16: exiting
01-02 06:08:10.033794  7591 11522 D dalvikvm: threadid=16: bye!
01-02 06:08:10.033798  7591  7591 V FileBrowser: debug UPDATE_CATEGORY_MEIDA: mMode = FB_RECENTFILE ordinal = 15
01-02 06:08:10.034178  7591 11525 V FileBrowser: initHome_media mVideoItems = 0
01-02 06:08:10.034210  7591 11525 V FileBrowser: initHome_media music mVideoItems() = 0
01-02 06:08:10.035238  7591 11525 V FileBrowser: initHome_media end 
01-02 06:08:10.035316  7591 11525 D dalvikvm: threadid=14: exiting
01-02 06:08:10.035356  7591 11525 D dalvikvm: threadid=14: bye!
01-02 06:08:10.035380  7591  7591 V FileBrowser: debug UPDATE_CATEGORY_MEIDA: mMode = FB_RECENTFILE ordinal = 16
01-02 06:08:10.037546  7591 11528 V FileBrowser: initHome_media apk num = 0
01-02 06:08:10.037574  7591 11528 V FileBrowser: initHome_media fileExt = zip0
01-02 06:08:10.039067  1677  7623 D dalvikvm: between the previous GC alloc  1664K
01-02 06:08:10.039296  7591 11528 V FileBrowser: initHome_media end 
01-02 06:08:10.039363  7591 11528 D dalvikvm: threadid=15: exiting
01-02 06:08:10.039413  7591 11528 D dalvikvm: threadid=15: bye!
01-02 06:08:10.039930  7591  7591 V FileBrowser: debug UPDATE_CATEGORY_MEIDA: mMode = FB_RECENTFILE ordinal = 17
01-02 06:08:10.075681  1677  7623 D dalvikvm: GC_EXPLICIT freed 1670K (27398), 44% free 10612K/18700K, paused 2ms+7ms, total 36ms
01-02 06:08:10.077875  1677  1685 I StagefrightMediaScanner: StagefrightMediaScanner destructor
01-02 06:08:10.078749  7591 11510 V FileBrowser: findRecentFile path = /storage/sdcard0/baidu/ime
01-02 06:08:10.079637  7591 11510 V FileBrowser: findRecentFile path = /storage/sdcard0/baidu/ime/skins
01-02 06:08:10.081911  7591 11510 V FileBrowser: findRecentFile path = /storage/sdcard0/baidu/ime/skink
01-02 06:08:10.085271  7591 11510 V FileBrowser: findRecentFile path = /storage/sdcard0/baidu/ime/theme
01-02 06:08:10.086815  7591 11510 V FileBrowser: findRecentFile path = /storage/sdcard0/baidu/ime/noti
01-02 06:08:10.087966  7591 11510 V FileBrowser: findRecentFile path = /storage/sdcard0/qiezi
01-02 06:08:10.089141  7591 11510 V FileBrowser: findRecentFile path = /storage/sdcard0/qiezi/apps
01-02 06:08:10.089565  7591 11510 V FileBrowser: findRecentFile path = /storage/sdcard0/qiezi/pictures
01-02 06:08:10.090010  7591 11510 V FileBrowser: findRecentFile path = /storage/sdcard0/qiezi/audios
01-02 06:08:10.090427  7591 11510 V FileBrowser: findRecentFile path = /storage/sdcard0/qiezi/videos
01-02 06:08:10.090853  7591 11510 V FileBrowser: findRecentFile path = /storage/sdcard0/qiezi/files
01-02 06:08:10.091291  7591 11510 V FileBrowser: findRecentFile path = /storage/sdcard0/qiezi/contacts
01-02 06:08:10.091531  7591 11510 V FileBrowser: initHome_media end 
01-02 06:08:10.091617  7591 11510 D dalvikvm: threadid=11: exiting
01-02 06:08:10.091653  7591 11510 D dalvikvm: threadid=11: bye!
01-02 06:08:10.091695  7591  7591 V FileBrowser: debug UPDATE_CATEGORY_MEIDA: mMode = FB_RECENTFILE ordinal = 11
01-02 06:08:10.091714  7591  7591 V FileBrowser: debug updataFileList mode = FB_RECENTFILE
01-02 06:08:10.091873  7591  7591 V Provider/Settings: get setting for user 0 by user 0 so skipping cache
01-02 06:08:10.091909  7591  7591 V Provider/Settings:  from settings cache , name = date_format , value = null
01-02 06:08:10.092511  7591  7591 V FileBrowser: FBMultiOpeManager getMenuState mState = STATE_INVISIBLE
01-02 06:08:10.096854  7591  7591 D dalvikvm: create interp thread : stack size=128KB
01-02 06:08:10.096898  7591  7591 D dalvikvm: create new thread
01-02 06:08:10.096975  7591  7591 D dalvikvm: new thread created
01-02 06:08:10.096984  7591  7591 D dalvikvm: update thread list
01-02 06:08:10.097019  7591 11530 D dalvikvm: threadid=11: interp stack at 0x66909000
01-02 06:08:10.097033  7591 11530 D dalvikvm: threadid=11: created from interp
01-02 06:08:10.097055  7591  7591 D dalvikvm: start new thread
01-02 06:08:10.097081  7591  7591 V FileBrowser: sortFileList out
01-02 06:08:10.097083  7591 11530 D dalvikvm: threadid=11: notify debugger
01-02 06:08:10.097106  7591  7591 V FileBrowser: setSrcList begin
