01-02 06:08:10.097120  7591 11530 D dalvikvm: threadid=11 (Thread-738): calling run()
01-02 06:08:10.097134  7591  7591 V FileBrowser: FBTypeManager setMode mTypeMode = FB_RECENTFILE
01-02 06:08:10.097342  7591 11530 D dalvikvm: threadid=11: exiting
01-02 06:08:10.097378  7591 11530 D dalvikvm: threadid=11: bye!
01-02 06:08:10.097857  7591  7591 V FileBrowser: updataFileList out
01-02 06:08:10.098156  7591  7591 V FileBrowser: handleMessage UPDATE_OVER
01-02 06:08:10.098182  7591  7591 V FileBrowser: setSrcList begin
01-02 06:08:10.098224  7591  7591 D dalvikvm: create interp thread : stack size=128KB
01-02 06:08:10.098312  7591  7591 D dalvikvm: create new thread
01-02 06:08:10.098392  7591  7591 D dalvikvm: new thread created
01-02 06:08:10.098404  7591  7591 D dalvikvm: update thread list
01-02 06:08:10.098437  7591 11531 D dalvikvm: threadid=11: interp stack at 0x66909000
01-02 06:08:10.098467  7591 11531 D dalvikvm: threadid=11: created from interp
01-02 06:08:10.098483  7591  7591 D dalvikvm: start new thread
01-02 06:08:10.098512  7591 11531 D dalvikvm: threadid=11: notify debugger
01-02 06:08:10.098558  7591 11531 D dalvikvm: threadid=11 (Thread-739): calling run()
01-02 06:08:10.098599  7591 11531 D dalvikvm: threadid=11: exiting
01-02 06:08:10.098736  7591  7591 V Provider/Settings: get setting for user 0 by user 0 so skipping cache
01-02 06:08:10.098774  7591  7591 V Provider/Settings:  from settings cache , name = date_format , value = null
01-02 06:08:10.098901  7591  7591 V FileBrowser: showFileList mFileList.size() = 5
01-02 06:08:10.098902  7591 11531 D dalvikvm: threadid=11: bye!
01-02 06:08:10.099001  7591  7591 V FileBrowser: showFileList mSelPosNow = -1
01-02 06:08:10.099020  7591  7591 V FileBrowser: showFileList mSelPosition = 0
01-02 06:08:10.099193  7591  7591 D ListView: setSelectionFromTop position=0, y=0, isInTouchMode=true, mResurrectToPosition=0, mAreAllItemsSelectable=true, mNextSelectedPosition=-1, mAdapter=android.widget.HeaderViewListAdapter@42f57918, this=com.lenovo.common.ui.ListViewEx{42b86688 VFED.VCL .F....ID 0,154-720,1280 #7f0a0122 app:id/myList}
01-02 06:08:10.099220  7591  7591 V FileBrowser: showFileList selPos1 = 0
01-02 06:08:10.289329   235   235 I SurfaceFlinger: [Built-in Screen (type:0)] fps:26.595945,dur:1015.19,max:586.03,min:14.97
01-02 06:08:10.363335 11417 11425 D jdwp    : Can't connect to ADB control socket:Connection refused
01-02 06:08:10.465739   897  1367 V Provider/Settings: get setting for user 0 by user 0 so skipping cache
01-02 06:08:10.465777   897  1367 V Provider/Settings:  from settings cache , name = full_screen_expand_statusbar , value = 1
01-02 06:08:10.466186   897  1367 V Provider/Settings: get setting for user 0 by user 0 so skipping cache
01-02 06:08:10.466218   897  1367 V Provider/Settings:  from settings cache , name = full_screen_expand_statusbar , value = 1
01-02 06:08:10.766018  1778  1790 D jdwp    : Can't connect to ADB control socket:Connection refused
01-02 06:08:10.953732   897  1276 V Provider/Settings: get setting for user 0 by user 0 so skipping cache
01-02 06:08:10.953770   897  1276 V Provider/Settings:  from settings cache , name = full_screen_expand_statusbar , value = 1
01-02 06:08:10.954203   897  1276 V Provider/Settings: get setting for user 0 by user 0 so skipping cache
01-02 06:08:10.954231   897  1276 V Provider/Settings:  from settings cache , name = full_screen_expand_statusbar , value = 1
01-02 06:08:10.960818  4540  4540 D MTKLogger/MainActivity: rate = 1.0
01-02 06:08:10.973183   235   819 I BufferQueue: [com.mediatek.mtklogger/com.mediatek.mtklogger.MainActivity](this:0xb8aeba20,id:135,api:1,p:4540,c:235) queueBuffer: fps=1.00 dur=1001.96 max=1001.96 min=1001.96
01-02 06:08:11.018190   775   827 V Provider/Settings: get setting for user -2 by user 0 so skipping cache
01-02 06:08:11.018216   775   827 V Provider/Settings: get setting for user -2 by user 0 so skipping cache
01-02 06:08:11.018343   775   827 D SettingsProvider: lookupValue table system cache contains Key haptic_feedback_enabled , value = Bundle[{value=1}]
01-02 06:08:11.018365   775   827 V Provider/Settings: from db cache, name = haptic_feedback_enabled , value = 1
01-02 06:08:11.018381   775   827 I Provider/Settings: call-query of user -2 by 0 so not updating cache
01-02 06:08:11.018842   775   827 D AppOps  : startOperation: allowing code 3 uid 1000 package android
01-02 06:08:11.019274   775   827 D dalvikvm: create interp thread : stack size=128KB
01-02 06:08:11.019311   775   827 D dalvikvm: create new thread
01-02 06:08:11.019396   775   827 D dalvikvm: new thread created
01-02 06:08:11.019400   775   827 D dalvikvm: update thread list
01-02 06:08:11.019585   775 11532 D dalvikvm: threadid=83: interp stack at 0x6d349000
01-02 06:08:11.019611   775 11532 D dalvikvm: threadid=83: created from interp
01-02 06:08:11.019646   775   827 D dalvikvm: start new thread
01-02 06:08:11.022264   775   827 D WindowManager: interceptKeyTq: result=1 keycode=4 screenIsOn=true keyguardActive=false policyFlags = #2000100 down =true canceled = false isWakeKey=false mVolumeDownKeyTriggered =false mVolumeUpKeyTriggered =false
01-02 06:08:11.023284   775   826 D WindowManager: interceptKeyTi keyCode=4 down=true repeatCount=0 keyguardOn=false mHomePressed=false canceled=false metaState:0
01-02 06:08:11.024097   775 11532 D dalvikvm: threadid=83: notify debugger
01-02 06:08:11.024181   775 11532 D dalvikvm: threadid=83 (Thread-652): calling run()
01-02 06:08:11.065026   775 11532 D dalvikvm: threadid=83: exiting
01-02 06:08:11.065155   775 11532 D dalvikvm: threadid=83: bye!
01-02 06:08:11.081716   775   827 I WindowManager: pressTime=64
01-02 06:08:11.081759   775   827 D WindowManager: interceptKeyTq: result=1 keycode=4 screenIsOn=true keyguardActive=false policyFlags = #2000100 down =false canceled = false isWakeKey=false mVolumeDownKeyTriggered =false mVolumeUpKeyTriggered =false
01-02 06:08:11.082238   775   826 D WindowManager: interceptKeyTi keyCode=4 down=false repeatCount=0 keyguardOn=false mHomePressed=false canceled=false metaState:0
01-02 06:08:11.083890   775   790 I BufferQueue: [unnamed-775-35](this:0x69eba9f8,id:35,api:0,p:-1,c:-1) BufferQueue queue=(775:system_server)
01-02 06:08:11.084170   775   790 I BufferQueue: [unnamed-775-35](this:0x69eba9f8,id:35,api:0,p:-1,c:775) consumerConnect consumer=(775:system_server) controlledByApp=false
01-02 06:08:11.084199   775   790 I BufferQueue: [unnamed-775-35](this:0x69eba9f8,id:35,api:0,p:-1,c:775) setConsumerName: unnamed-775-35
01-02 06:08:11.084229   775   790 I BufferQueue: [ScreenshotClient](this:0x69eba9f8,id:35,api:0,p:-1,c:775) setConsumerName: ScreenshotClient
01-02 06:08:11.084696   775   790 I BufferQueue: [ScreenshotClient](this:0x69eba9f8,id:35,api:1,p:235,c:775) connect: api=1 producer=(235:/system/bin/surfaceflinger) producerControlledByApp=false
01-02 06:08:11.084812   775   790 I BufferQueue: [ScreenshotClient](this:0x69eba9f8,id:35,api:1,p:235,c:775) new GraphicBuffer needed
01-02 06:08:11.084865   235  3123 I [MALI][Gralloc]: [MTK]GRALLOC enter alloc_device_alloc()! pHandle=0x0xb8aad0bc
01-02 06:08:11.084887   235  3123 I [MALI][Gralloc]: usage: 0x333, format: 0x1 stride: 336 vertical_stride: 583 size: 783552
01-02 06:08:11.084904   235  3123 I [MALI][Gralloc]: [MTK]GRALLOC ready to go ion alloc arrrrrrrrr!!!! pHandle=0x0xb8aad0bc
01-02 06:08:11.085024   235  3123 D GraphicBuffer: alloc, handle(0xb8ac2770) (w:328 h:583 s:336 f:0x1 u:0x000333) err(0)
01-02 06:08:11.085334   775   790 D GraphicBuffer: register, handle(0x6744c228) (w:328 h:583 s:336 f:0x1 u:0x000333)
01-02 06:08:11.085364   775   790 W GraphicBufferExtra_hal: gralloc extra device setBufInfo(...) is not supported
01-02 06:08:11.085452   235   819 D GraphicBuffer: free, handle(0xb8ac2770) (w:328 h:583 s:336 f:0x1 u:0x000333)
01-02 06:08:11.085733   235   235 D GraphicBuffer: register, handle(0xb8aad078) (w:328 h:583 s:336 f:0x1 u:0x000333)
01-02 06:08:11.088414   235   235 D GraphicBuffer: unregister, handle(0xb8aad078) (w:328 h:583 s:336 f:0x1 u:0x000333)
01-02 06:08:11.088990   775   790 I BufferQueue: [ScreenshotClient](this:0x69eba9f8,id:35,api:1,p:-1,c:775) disconnect: api=1
01-02 06:08:11.089133   775   790 I BufferQueue: [ScreenshotClient](this:0x69eba9f8,id:35,api:1,p:-1,c:775) getReleasedBuffers: returning mask 0xffffffff
01-02 06:08:11.089472   775   790 D dalvikvm: between the previous GC alloc  1086K
01-02 06:08:11.174893   775   790 D dalvikvm: GC_FOR_ALLOC freed 1055K (4967), 16% free 27270K/32412K, paused 85ms, total 86ms
01-02 06:08:11.176415   775   790 I BufferQueue: [ScreenshotClient](this:0x69eba9f8,id:35,api:1,p:-1,c:-1) consumerDisconnect
01-02 06:08:11.176527   775   790 D GraphicBuffer: unregister, handle(0x6744c228) (w:328 h:583 s:336 f:0x1 u:0x000333)
01-02 06:08:11.176825   775   790 D dalvikvm: between the previous GC alloc  717K
01-02 06:08:11.259327   775   790 D dalvikvm: GC_FOR_ALLOC freed 740K (527), 16% free 27247K/32412K, paused 83ms, total 83ms
01-02 06:08:11.260217   775  1125 I BufferQueue: [ScreenshotClient](this:0x69eba9f8,id:35,api:1,p:-1,c:-1) ~BufferQueue
01-02 06:08:11.260366   775   790 D AppOps  : startOperation: allowing code 40 uid 1000 package android
01-02 06:08:11.260827  4540  4540 D MTKLogger/MainActivity: onPause
01-02 06:08:11.260887  4540 11506 D dalvikvm: threadid=30: exiting
01-02 06:08:11.260944  4540 11493 D dalvikvm: threadid=25: exiting
01-02 06:08:11.260949  4540 11506 D dalvikvm: threadid=30: bye!
01-02 06:08:11.260973  4540 11493 D dalvikvm: threadid=25: bye!
01-02 06:08:11.261618   775  1098 I libPerfService: 1: set: 2
01-02 06:08:11.262234   775  1098 I libPerfService: set_rootgroup - tid: 1966
01-02 06:08:11.262272   775  1098 I libPerfService: set_rootgroup - tid: 1971
01-02 06:08:11.262332   775  1098 I libPerfService: set_rootgroup - tid: 1972
01-02 06:08:11.262348   775  1098 I libPerfService: set_rootgroup - tid: 1973
01-02 06:08:11.262366   775  1098 I libPerfService: set_rootgroup - tid: 1974
01-02 06:08:11.262380   775  1098 I libPerfService: set_rootgroup - tid: 1975
01-02 06:08:11.262395   775  1098 I libPerfService: set_rootgroup - tid: 1976
01-02 06:08:11.262409   775  1098 I libPerfService: set_rootgroup - tid: 1977
01-02 06:08:11.262423   775  1098 I libPerfService: set_rootgroup - tid: 1978
01-02 06:08:11.262931   775  1098 D InputReader: InputReader:: getSwitchState lock 
01-02 06:08:11.262948   775  1098 D InputReader: InputReader::getStateLocked:: return 
01-02 06:08:11.263213   775  1098 I ActivityManager: boardcastResumedActivityInfo: start ...packageName:com.mediatek.engineermode
01-02 06:08:11.263757   775  1098 V Provider/Settings: get setting for user 0 by user 0 so skipping cache
01-02 06:08:11.263820   775  1098 V Provider/Settings:  from settings cache , name = full_screen_expand_statusbar , value = 1
01-02 06:08:11.264824   775  1098 D dalvikvm: create interp thread : stack size=128KB
01-02 06:08:11.264867   775  1098 D dalvikvm: create new thread
01-02 06:08:11.264959   775  1098 D dalvikvm: new thread created
01-02 06:08:11.264969   775  1098 D dalvikvm: update thread list
01-02 06:08:11.265020   775 11533 D dalvikvm: threadid=83: interp stack at 0x6d349000
01-02 06:08:11.265034   775 11533 D dalvikvm: threadid=83: created from interp
01-02 06:08:11.265054   775  1098 D dalvikvm: start new thread
01-02 06:08:11.265339   775   833 D NetworkPolicy: onRecv: MSG_FOREGROUND_ACTIVITIES_CHANGED pid:uid:act=1966:1001:true
01-02 06:08:11.265431   775   775 D LenovoPowerMonitor: mBroadcastReceiver.onReceive,action:action.boardcast.resume.activity.info
01-02 06:08:11.265452   775   775 D LenovoPowerMonitor: isPackageChange, packageName:com.mediatek.engineermode
01-02 06:08:11.265469   775   775 V LenovoPowerMonitor: package changed: current package:com.mediatek.engineermode mCabcMode =true
01-02 06:08:11.265700   775 11533 D dalvikvm: threadid=83: notify debugger
01-02 06:08:11.265720   775 11533 D dalvikvm: threadid=83 (Thread-653): calling run()
01-02 06:08:11.265748  1112  1112 D bluewind: mConfigChangedReceiver action:action.boardcast.resume.activity.info
01-02 06:08:11.265993   775 11533 D dalvikvm: threadid=83: exiting
01-02 06:08:11.266116   775 11533 D dalvikvm: threadid=83: bye!
01-02 06:08:11.275571  1966  1966 D PreferenceFragment: onStart, this = PrefsFragment{427bc9b0 #0 id=0x7f0b0369 0}
01-02 06:08:11.279766  1966  1966 D PreferenceFragment: onStart, this = PrefsFragment{427bcd20 #1 id=0x7f0b0369 1}
01-02 06:08:11.281038  1966  1966 D PreferenceFragment: onStart, this = PrefsFragment{427bce98 #2 id=0x7f0b0369 2}
01-02 06:08:11.284684  1966  1966 D PreferenceFragment: onStart, this = PrefsFragment{427bd010 #3 id=0x7f0b0369 3}
01-02 06:08:11.285679  1966  1966 D PreferenceFragment: onStart, this = PrefsFragment{427bd188 #4 id=0x7f0b0369 4}
01-02 06:08:11.287233  1966  1966 D PreferenceFragment: onStart, this = PrefsFragment{427bd300 #5 id=0x7f0b0369 5}
01-02 06:08:11.289530  1966  1966 V PhoneWindow: DecorView setVisiblity: visibility = 0 ,Parent =ViewRoot{4284a8d0 com.mediatek.engineermode/com.mediatek.engineermode.EngineerMode,ident = 1}, this =com.android.internal.policy.impl.PhoneWindow$DecorView{427a3c08 V.E..... R.....ID 0,0-720,1280}
01-02 06:08:11.289698   235   235 I SurfaceFlinger: [Built-in Screen (type:0)] fps:14.994462,dur:1000.37,max:492.19,min:15.81
01-02 06:08:11.291529   235   235 I BufferQueue: [unnamed-235-137](this:0xb8a9ab00,id:137,api:0,p:-1,c:-1) BufferQueue queue=(235:/system/bin/surfaceflinger)
01-02 06:08:11.291604   235   235 I BufferQueue: [unnamed-235-137](this:0xb8a9ab00,id:137,api:0,p:-1,c:235) consumerConnect consumer=(235:/system/bin/surfaceflinger) controlledByApp=false
01-02 06:08:11.291619   235   235 I BufferQueue: [unnamed-235-137](this:0xb8a9ab00,id:137,api:0,p:-1,c:235) setConsumerName: unnamed-235-137
01-02 06:08:11.291639   235   235 I BufferQueue: [com.mediatek.engineermode/com.mediatek.engineermode.EngineerMode](this:0xb8a9ab00,id:137,api:0,p:-1,c:235) setConsumerName: com.mediatek.engineermode/com.mediatek.engineermode.EngineerMode
01-02 06:08:11.291667   235   235 I BufferQueue: [com.mediatek.engineermode/com.mediatek.engineermode.EngineerMode](this:0xb8a9ab00,id:137,api:0,p:-1,c:235) setDefaultBufferSize: w=720, h=1280
01-02 06:08:11.292406   775  1151 V Provider/Settings: get setting for user 0 by user 0 so skipping cache
01-02 06:08:11.292439   775  1151 V Provider/Settings:  from settings cache , name = full_screen_expand_statusbar , value = 1
01-02 06:08:11.292694   775  1151 V Provider/Settings: get setting for user 0 by user 0 so skipping cache
01-02 06:08:11.292721   775  1151 V Provider/Settings:  from settings cache , name = full_screen_expand_statusbar , value = 1
01-02 06:08:11.293161   897   897 V PhoneStatusBar: setLightsOn(true)
01-02 06:08:11.293210   897   897 I PhoneStatusBar: vis = 0 mask = 1
01-02 06:08:11.294394  1966  1966 D AbsListView: onWindowFocusChanged: hasWindowFocus=true, this=android.widget.ListView{4280b2d0 VFED.VC. ......ID 0,0-720,1070 #102000a android:id/list}
01-02 06:08:11.294640  1966  1966 D AbsListView: onWindowFocusChanged: hasWindowFocus=true, this=android.widget.ListView{428121a0 VFED.VC. ......ID 0,0-720,1070 #102000a android:id/list}
01-02 06:08:11.294820  1966  1966 D AbsListView: onWindowFocusChanged: hasWindowFocus=true, this=android.widget.ListView{428184a8 VFED.VC. ......ID 0,0-720,1070 #102000a android:id/list}
01-02 06:08:11.295025  1966  1966 D AbsListView: onWindowFocusChanged: hasWindowFocus=true, this=android.widget.ListView{4281e928 VFED.VC. ......ID 0,0-720,1070 #102000a android:id/list}
01-02 06:08:11.295181  1966  1966 D AbsListView: onWindowFocusChanged: hasWindowFocus=true, this=android.widget.ListView{42824bd8 VFED.VC. .F....ID 0,0-720,1070 #102000a android:id/list}
01-02 06:08:11.295347  1966  1966 D AbsListView: onWindowFocusChanged: hasWindowFocus=true, this=android.widget.ListView{4282aee0 VFED.VC. ......ID 0,0-720,1070 #102000a android:id/list}
01-02 06:08:11.295570  1966  1966 V InputMethodManager: onWindowFocus: android.widget.ListView{42824bd8 VFED.VC. .F....ID 0,0-720,1070 #102000a android:id/list} softInputMode=16 first=true flags=#40010100
01-02 06:08:11.295634  1966  1966 V InputMethodManager: START INPUT: android.widget.ListView{42824bd8 VFED.VC. .F....ID 0,0-720,1070 #102000a android:id/list} ic=null tba=android.view.inputmethod.EditorInfo@42c75eb8 controlFlags=#105
01-02 06:08:11.306193   235   472 I BufferQueue: [com.mediatek.engineermode/com.mediatek.engineermode.EngineerMode](this:0xb8a9ab00,id:137,api:2,p:1966,c:235) connect: api=2 producer=(1966:com.mediatek.engineermode) producerControlledByApp=true
01-02 06:08:11.306333   235   468 I BufferQueue: [com.mediatek.engineermode/com.mediatek.engineermode.EngineerMode](this:0xb8a9ab00,id:137,api:2,p:1966,c:235) new GraphicBuffer needed
01-02 06:08:11.306354   235   468 I [MALI][Gralloc]: [MTK]GRALLOC enter alloc_device_alloc()! pHandle=0x0xb8b4c13c
01-02 06:08:11.306366   235   468 I [MALI][Gralloc]: usage: 0x933, format: 0x2 stride: 720 vertical_stride: 1280 size: 3686400
01-02 06:08:11.306377   235   468 I [MALI][Gralloc]: [MTK]GRALLOC ready to go ion alloc arrrrrrrrr!!!! pHandle=0x0xb8b4c13c
01-02 06:08:11.306646   235   468 D GraphicBuffer: alloc, handle(0xb8ae8680) (w:720 h:1280 s:720 f:0x2 u:0x000933) err(0)
01-02 06:08:11.306662   235   468 W GraphicBufferExtra_hal: gralloc extra device setBufInfo(...) is not supported
01-02 06:08:11.306978  1966  1966 D GraphicBuffer: register, handle(0x65b1c7a8) (w:720 h:1280 s:720 f:0x2 u:0x000933)
01-02 06:08:11.311768   775   791 V Provider/Settings: get setting for user 0 by user 0 so skipping cache
01-02 06:08:11.311807   775   791 V Provider/Settings:  from settings cache , name = full_screen_expand_statusbar , value = 1
01-02 06:08:11.312302   775  1055 I libPerfService: 1: set: 2
01-02 06:08:11.312445   775  1055 I libPerfService: 1: set freq: 1690000
01-02 06:08:11.314142   775   791 E CubicBezierInterpolator: ####:PointF(0.2, 0.2)
01-02 06:08:11.314170   775   791 E CubicBezierInterpolator: ####:PointF(0.2, 1.0)
01-02 06:08:11.315135   775   791 V Provider/Settings: get setting for user 0 by user 0 so skipping cache
01-02 06:08:11.315174   775   791 V Provider/Settings:  from settings cache , name = full_screen_expand_statusbar , value = 1
01-02 06:08:11.321779   775   791 V Provider/Settings: get setting for user 0 by user 0 so skipping cache
01-02 06:08:11.321819   775   791 V Provider/Settings:  from settings cache , name = full_screen_expand_statusbar , value = 1
01-02 06:08:11.322043  4540  4540 D OpenGLRenderer: Flushing caches (mode 0)
01-02 06:08:11.324666   235   472 D BufferQueue: [com.mediatek.mtklogger/com.mediatek.mtklogger.MainActivity](this:0xb8aeba20,id:135,api:1,p:4540,c:235) cancelBuffer: slot=0
01-02 06:08:11.324766  4540  4540 D GraphicBuffer: unregister, handle(0x67a82908) (w:720 h:1280 s:720 f:0x1 u:0x000900)
01-02 06:08:11.325010  4540  4540 D GraphicBuffer: unregister, handle(0x67c0b9a0) (w:720 h:1280 s:720 f:0x1 u:0x000900)
01-02 06:08:11.325168  4540  4540 D GraphicBuffer: unregister, handle(0x67850f78) (w:720 h:1280 s:720 f:0x1 u:0x000900)
01-02 06:08:11.325296  4540  4540 D GraphicBuffer: unregister, handle(0x67aa49f0) (w:720 h:1280 s:720 f:0x1 u:0x000900)
01-02 06:08:11.325485   235   819 I BufferQueue: [com.mediatek.mtklogger/com.mediatek.mtklogger.MainActivity](this:0xb8aeba20,id:135,api:1,p:-1,c:235) disconnect: api=1
01-02 06:08:11.325609   235   819 I BufferQueue: [com.mediatek.mtklogger/com.mediatek.mtklogger.MainActivity](this:0xb8aeba20,id:135,api:1,p:-1,c:235) getReleasedBuffers: returning mask 0xffffffff
01-02 06:08:11.325675   235   819 D GraphicBuffer: free, handle(0xb8adca98) (w:720 h:1280 s:720 f:0x1 u:0x000900)
01-02 06:08:11.326014   235   819 D GraphicBuffer: free, handle(0xb8af0510) (w:720 h:1280 s:720 f:0x1 u:0x000900)
01-02 06:08:11.326283   235   819 D GraphicBuffer: free, handle(0xb8b563b0) (w:720 h:1280 s:720 f:0x1 u:0x000900)
01-02 06:08:11.328053   775  1203 V Provider/Settings: get setting for user 0 by user 0 so skipping cache
01-02 06:08:11.328090   775  1203 V Provider/Settings:  from settings cache , name = full_screen_expand_statusbar , value = 1
01-02 06:08:11.354447   235   235 I BufferQueue: [FrameBufferSurface_0](this:0xb8a4b670,id:0,api:1,p:235,c:235) queueBuffer: fps=11.87 dur=3032.93 max=2049.10 min=10.74
01-02 06:08:11.453834   897  1558 V Provider/Settings: get setting for user 0 by user 0 so skipping cache
01-02 06:08:11.453871   897  1558 V Provider/Settings:  from settings cache , name = full_screen_expand_statusbar , value = 1
01-02 06:08:11.454256   897  1558 V Provider/Settings: get setting for user 0 by user 0 so skipping cache
01-02 06:08:11.454281   897  1558 V Provider/Settings:  from settings cache , name = full_screen_expand_statusbar , value = 1
01-02 06:08:11.630124   775   775 V Provider/Settings: get setting for user 0 by user 0 so skipping cache
01-02 06:08:11.630262   775   775 D SettingsProvider: lookupValue table global cache contains Key sys_free_storage_log_interval , value = null
01-02 06:08:11.630279   775   775 D SettingsProvider: lookupValue table global cache.fullyMatchesDisk() sys_free_storage_log_interval
01-02 06:08:11.630303   775   775 V Provider/Settings: from db cache, name = sys_free_storage_log_interval , value = null
01-02 06:08:11.630334   775   775 V Provider/Settings: get setting for user 0 by user 0 so skipping cache
01-02 06:08:11.630388   775   775 D SettingsProvider: lookupValue table global cache contains Key disk_free_change_reporting_threshold , value = null
01-02 06:08:11.630408   775   775 D SettingsProvider: lookupValue table global cache.fullyMatchesDisk() disk_free_change_reporting_threshold
01-02 06:08:11.630430   775   775 V Provider/Settings: from db cache, name = disk_free_change_reporting_threshold , value = null
01-02 06:08:11.766988   775   791 V Provider/Settings: get setting for user 0 by user 0 so skipping cache
01-02 06:08:11.767025   775   791 V Provider/Settings:  from settings cache , name = full_screen_expand_statusbar , value = 1
01-02 06:08:11.767475  4540  4540 D MTKLogger/MainActivity: onStop
01-02 06:08:11.767505  4540  4540 D MTKLogger/MainActivity: onDestroy
01-02 06:08:11.767540   775   833 D NetworkPolicy: onRecv: MSG_FOREGROUND_ACTIVITIES_CHANGED pid:uid:act=4540:10069:false
01-02 06:08:11.769584   775   791 V Provider/Settings: get setting for user 0 by user 0 so skipping cache
01-02 06:08:11.769692   775   791 V Provider/Settings:  from settings cache , name = full_screen_expand_statusbar , value = 1
01-02 06:08:11.770860  4540  4540 D OpenGLRenderer: Flushing caches (mode 0)
01-02 06:08:11.771444   775  1124 V Provider/Settings: get setting for user 0 by user 0 so skipping cache
01-02 06:08:11.771482   775  1124 V Provider/Settings:  from settings cache , name = full_screen_expand_statusbar , value = 1
01-02 06:08:11.781587   235   235 I BufferQueue: [com.mediatek.mtklogger/com.mediatek.mtklogger.MainActivity](this:0xb8aeba20,id:135,api:1,p:-1,c:-1) consumerDisconnect
01-02 06:08:11.781730   235   235 I BufferQueue: [com.mediatek.mtklogger/com.mediatek.mtklogger.MainActivity](this:0xb8aeba20,id:135,api:1,p:-1,c:-1) ~BufferQueue
01-02 06:08:11.781904   235   235 D GraphicBuffer: free, handle(0xb8a7c0a0) (w:720 h:1280 s:720 f:0x1 u:0x000900)
01-02 06:08:11.782102   775   791 V Provider/Settings: get setting for user 0 by user 0 so skipping cache
01-02 06:08:11.782134   775   791 V Provider/Settings:  from settings cache , name = full_screen_expand_statusbar , value = 1
01-02 06:08:11.836652   775   851 D PerfServiceManager: [PerfService] MESSAGE_TIMER_SCN_APP_TOUCH 
01-02 06:08:11.836690   775   851 I libPerfService: 5: set: 1
01-02 06:08:11.836777   775   851 I libPerfService: 5: set freq: 0
01-02 06:08:11.923941  1748  1748 D dalvikvm: create interp thread : stack size=128KB
01-02 06:08:11.923970  1748  1748 D dalvikvm: create new thread
01-02 06:08:11.924057  1748  1748 D dalvikvm: new thread created
01-02 06:08:11.924067  1748  1748 D dalvikvm: update thread list
01-02 06:08:11.924107  1748 11534 D dalvikvm: threadid=38: interp stack at 0x6801c000
01-02 06:08:11.924119  1748 11534 D dalvikvm: threadid=38: created from interp
01-02 06:08:11.924153  1748  1748 D dalvikvm: start new thread
01-02 06:08:11.924178  1748 11534 D dalvikvm: threadid=38: notify debugger
01-02 06:08:11.924192  1748 11534 D dalvikvm: threadid=38 (SharedPreferencesImpl-load): calling run()
01-02 06:08:11.925027  1748 11534 D dalvikvm: threadid=38: exiting
01-02 06:08:11.925101  1748 11534 D dalvikvm: threadid=38: bye!
01-02 06:08:11.925854  1748  1752 D dalvikvm: between the previous GC alloc  1923K
01-02 06:08:11.954029   897  1718 V Provider/Settings: get setting for user 0 by user 0 so skipping cache
01-02 06:08:11.954095   897  1718 V Provider/Settings:  from settings cache , name = full_screen_expand_statusbar , value = 1
01-02 06:08:11.954495   897  1718 V Provider/Settings: get setting for user 0 by user 0 so skipping cache
01-02 06:08:11.954535   897  1718 V Provider/Settings:  from settings cache , name = full_screen_expand_statusbar , value = 1
01-02 06:08:11.971017  1748  1752 D dalvikvm: GC_CONCURRENT freed 2503K (8594), 28% free 13647K/18700K, paused 2ms+2ms, total 45ms
01-02 06:08:12.363532 11417 11425 D jdwp    : Can't connect to ADB control socket:Connection refused
01-02 06:08:12.454452   897  1603 V Provider/Settings: get setting for user 0 by user 0 so skipping cache
01-02 06:08:12.454555   897  1603 V Provider/Settings:  from settings cache , name = full_screen_expand_statusbar , value = 1
01-02 06:08:12.456715   897  1603 V Provider/Settings: get setting for user 0 by user 0 so skipping cache
01-02 06:08:12.456810   897  1603 V Provider/Settings:  from settings cache , name = full_screen_expand_statusbar , value = 1
01-02 06:08:12.496571   235   468 I BufferQueue: [com.mediatek.engineermode/com.mediatek.engineermode.EngineerMode](this:0xb8a9ab00,id:137,api:2,p:1966,c:235) new GraphicBuffer needed
01-02 06:08:12.496630   235   468 I [MALI][Gralloc]: [MTK]GRALLOC enter alloc_device_alloc()! pHandle=0x0xb8b0dc64
01-02 06:08:12.496687   235   468 I [MALI][Gralloc]: usage: 0x933, format: 0x2 stride: 720 vertical_stride: 1280 size: 3686400
01-02 06:08:12.496703   235   468 I [MALI][Gralloc]: [MTK]GRALLOC ready to go ion alloc arrrrrrrrr!!!! pHandle=0x0xb8b0dc64
01-02 06:08:12.497690   235   468 D GraphicBuffer: alloc, handle(0xb8aad860) (w:720 h:1280 s:720 f:0x2 u:0x000933) err(0)
01-02 06:08:12.497746   235   468 W GraphicBufferExtra_hal: gralloc extra device setBufInfo(...) is not supported
01-02 06:08:12.498687  1966  1966 D GraphicBuffer: register, handle(0x65f72c10) (w:720 h:1280 s:720 f:0x2 u:0x000933)
01-02 06:08:12.510239   235  1332 I BufferQueue: [com.mediatek.engineermode/com.mediatek.engineermode.EngineerMode](this:0xb8a9ab00,id:137,api:2,p:1966,c:235) queueBuffer: fps=0.83 dur=1198.85 max=1198.85 min=1198.85
01-02 06:08:12.513037   235   819 I BufferQueue: [com.mediatek.engineermode/com.mediatek.engineermode.EngineerMode](this:0xb8a9ab00,id:137,api:2,p:1966,c:235) new GraphicBuffer needed
01-02 06:08:12.513094   235   819 I [MALI][Gralloc]: [MTK]GRALLOC enter alloc_device_alloc()! pHandle=0x0xb8aaa6ac
01-02 06:08:12.513119   235   819 I [MALI][Gralloc]: usage: 0x933, format: 0x2 stride: 720 vertical_stride: 1280 size: 3686400
01-02 06:08:12.513133   235   819 I [MALI][Gralloc]: [MTK]GRALLOC ready to go ion alloc arrrrrrrrr!!!! pHandle=0x0xb8aaa6ac
01-02 06:08:12.513767   235   235 I SurfaceFlinger: [Built-in Screen (type:0)] fps:26.142788,dur:1224.05,max:731.25,min:14.78
01-02 06:08:12.514464   235   819 D GraphicBuffer: alloc, handle(0xb8a66660) (w:720 h:1280 s:720 f:0x2 u:0x000933) err(0)
01-02 06:08:12.514564   235   819 W GraphicBufferExtra_hal: gralloc extra device setBufInfo(...) is not supported
01-02 06:08:12.515810  1966  1966 D GraphicBuffer: register, handle(0x65f9f298) (w:720 h:1280 s:720 f:0x2 u:0x000933)
01-02 06:08:12.528453   235  1332 I BufferQueue: [com.mediatek.engineermode/com.mediatek.engineermode.EngineerMode](this:0xb8a9ab00,id:137,api:2,p:1966,c:235) new GraphicBuffer needed
01-02 06:08:12.528517   235  1332 I [MALI][Gralloc]: [MTK]GRALLOC enter alloc_device_alloc()! pHandle=0x0xb8a5d8e4
01-02 06:08:12.528542   235  1332 I [MALI][Gralloc]: usage: 0x933, format: 0x2 stride: 720 vertical_stride: 1280 size: 3686400
01-02 06:08:12.528555   235  1332 I [MALI][Gralloc]: [MTK]GRALLOC ready to go ion alloc arrrrrrrrr!!!! pHandle=0x0xb8a5d8e4
01-02 06:08:12.529885   235  1332 D GraphicBuffer: alloc, handle(0xb8ae7ff8) (w:720 h:1280 s:720 f:0x2 u:0x000933) err(0)
01-02 06:08:12.529944   235  1332 W GraphicBufferExtra_hal: gralloc extra device setBufInfo(...) is not supported
01-02 06:08:12.531964  1966  1966 D GraphicBuffer: register, handle(0x65fc37e0) (w:720 h:1280 s:720 f:0x2 u:0x000933)
01-02 06:08:12.766194  1778  1790 D jdwp    : Can't connect to ADB control socket:Connection refused
01-02 06:08:12.798614   775   827 D InputReader: AP_PROF:AppLaunch_dispatchPtr:Down:26031355, ID:0, Index:1732617960
01-02 06:08:12.798763   775   827 I AP_PROF : unable to open /proc/mtprof/status entry
01-02 06:08:12.798792   775   827 D InputReader: dispatchTouches:: areaValue=1000
01-02 06:08:12.798809   775   827 D InputReader: [JX] dispatchMotion action:0 
01-02 06:08:12.799090   775   826 I PerfService: PerfServiceNative_boostEnable:5
01-02 06:08:12.799430   775   851 D PerfServiceManager: [PerfService] MESSAGE_BOOST_ENABLE 
01-02 06:08:12.800434  1966  1966 I View    : Touch down dispatch to android.widget.ListView{42824bd8 VFED.VC. .F....I. 0,0-720,1070 #102000a android:id/list}, event = MotionEvent { action=ACTION_DOWN, id[0]=0, x[0]=644.1054, y[0]=518.4309, Xw[0]=13.0, Yw[0]=13.0, toolType[0]=TOOL_TYPE_FINGER, buttonState=0, metaState=0, flags=0x0, edgeFlags=0x0, pointerCount=1, historySize=0, eventTime=26031355, downTime=26031355, deviceId=2, source=0x1002 }
01-02 06:08:12.800626  1966  1966 D AbsListView: Touch down: touch mode = 0,mScrollY = 0,y = 518.4309,mFirstPosition = 0,mActivePointerId = 0,mDataChanged = false,adatper size = 6,this = android.widget.ListView{42824bd8 VFED.VC. .F....I. 0,0-720,1070 #102000a android:id/list}
01-02 06:08:12.801278   775   851 I libPerfService: 5: set freq: 1690000
01-02 06:08:12.806468   775   851 I libPerfService: 5: set: 2
01-02 06:08:12.829962   775   827 D InputReader: [JX] dispatchMotion action:2 
01-02 06:08:12.851077   775   827 D InputReader: [JX] dispatchMotion action:2 
01-02 06:08:12.861647   775   827 D InputReader: [JX] dispatchMotion action:2 
01-02 06:08:12.872627   775   827 D InputReader: [JX] dispatchMotion action:2 
01-02 06:08:12.883252   775   827 D InputReader: [JX] dispatchMotion action:2 
01-02 06:08:12.893654   775   827 D InputReader: [JX] dispatchMotion action:2 
01-02 06:08:12.904180   775   827 D InputReader: [JX] dispatchMotion action:2 
01-02 06:08:12.909448  1966  1966 D AbsListView: reportScrollStateChange: newState=0, mLastScrollState=0, mOnScrollListener=null, mScrollY=0, mTouchMode=-1, mFirstPosition=0
01-02 06:08:12.915259   775   827 D InputReader: [JX] dispatchMotion action:2 
01-02 06:08:12.925839   775   827 D InputReader: [JX] dispatchMotion action:2 
01-02 06:08:12.936403   775   827 D InputReader: [JX] dispatchMotion action:2 
01-02 06:08:12.944697   235  3123 I BufferQueue: [StatusBar](this:0xb8a7ec18,id:5,api:1,p:897,c:235) queueBuffer: fps=11.65 dur=3003.37 max=2463.71 min=14.40
01-02 06:08:12.947221   775   827 D InputReader: [JX] dispatchMotion action:2 
01-02 06:08:12.957865   775   827 D InputReader: [JX] dispatchMotion action:2 
01-02 06:08:12.960461   897  1218 V Provider/Settings: get setting for user 0 by user 0 so skipping cache
01-02 06:08:12.960503   897  1218 V Provider/Settings:  from settings cache , name = full_screen_expand_statusbar , value = 1
01-02 06:08:12.960962   897  1218 V Provider/Settings: get setting for user 0 by user 0 so skipping cache
01-02 06:08:12.960988   897  1218 V Provider/Settings:  from settings cache , name = full_screen_expand_statusbar , value = 1
01-02 06:08:12.968490   775   827 D InputReader: [JX] dispatchMotion action:2 
01-02 06:08:12.979091   775   827 D InputReader: [JX] dispatchMotion action:2 
01-02 06:08:12.992554   775   827 D InputReader: [JX] dispatchMotion action:2 
01-02 06:08:13.000404   775   827 D InputReader: [JX] dispatchMotion action:2 
01-02 06:08:13.011005   775   827 D InputReader: [JX] dispatchMotion action:2 
01-02 06:08:13.021700   775   827 D InputReader: [JX] dispatchMotion action:2 
01-02 06:08:13.032284   775   827 D InputReader: [JX] dispatchMotion action:2 
01-02 06:08:13.042958   775   827 D InputReader: [JX] dispatchMotion action:2 
01-02 06:08:13.057922   775   827 D InputReader: [JX] dispatchMotion action:2 
01-02 06:08:13.064422   775   827 D InputReader: [JX] dispatchMotion action:2 
01-02 06:08:13.075215   775   827 D InputReader: [JX] dispatchMotion action:2 
01-02 06:08:13.085688   775   827 D InputReader: [JX] dispatchMotion action:2 
01-02 06:08:13.096327   775   827 D InputReader: [JX] dispatchMotion action:2 
01-02 06:08:13.106829   775   827 D InputReader: [JX] dispatchMotion action:2 
01-02 06:08:13.119918   775   827 D InputReader: [JX] dispatchMotion action:2 
01-02 06:08:13.128168   775   827 D InputReader: [JX] dispatchMotion action:2 
01-02 06:08:13.138811   775   827 D InputReader: [JX] dispatchMotion action:2 
01-02 06:08:13.149702   775   827 D InputReader: [JX] dispatchMotion action:2 
01-02 06:08:13.160222   775   827 D InputReader: [JX] dispatchMotion action:2 
01-02 06:08:13.170819   775   827 D InputReader: [JX] dispatchMotion action:2 
01-02 06:08:13.183006   775   827 D InputReader: [JX] dispatchMotion action:2 
01-02 06:08:13.192098   775   827 D InputReader: [JX] dispatchMotion action:2 
01-02 06:08:13.203118   775   827 D InputReader: [JX] dispatchMotion action:2 
01-02 06:08:13.213831   775   827 D InputReader: [JX] dispatchMotion action:2 
01-02 06:08:13.224277   775   827 D InputReader: [JX] dispatchMotion action:2 
01-02 06:08:13.239769   775   827 D InputReader: [JX] dispatchMotion action:2 
01-02 06:08:13.252573   775   827 D InputReader: [JX] dispatchMotion action:2 
01-02 06:08:13.265416   775   827 D InputReader: [JX] dispatchMotion action:2 
01-02 06:08:13.278343   775   827 D InputReader: [JX] dispatchMotion action:2 
01-02 06:08:13.289957   775   827 D InputReader: AP_PROF:AppLaunch_dispatchPtr:Up:26031847, ID:0, Index:1732619256
01-02 06:08:13.289971   775   827 D InputReader: [JX] dispatchMotion action:1 
01-02 06:08:13.290089   775   826 I PerfService: PerfServiceNative_boostEnableTimeout:5, 3
01-02 06:08:13.290228   775   851 D PerfServiceManager: [PerfService] MESSAGE_BOOST_ENABLE_TIMEOUT 
01-02 06:08:13.291519  1966  1966 I View    : Touch up dispatch to android.support.v4.view.ViewPager{427ae890 VFED.... ......ID 0,0-720,1134 #7f0b0369 app:id/viewpager}, event = MotionEvent { action=ACTION_UP, id[0]=0, x[0]=306.57422, y[0]=710.331, Xw[0]=13.0, Yw[0]=13.0, toolType[0]=TOOL_TYPE_FINGER, buttonState=0, metaState=0, flags=0x0, edgeFlags=0x0, pointerCount=1, historySize=0, eventTime=26031847, downTime=26031355, deviceId=2, source=0x1002 }
01-02 06:08:13.450828   897   897 I StatusBarIconView: updateNotificationIconForTheme mIcon.contentDescription com.mediatek.mtklogger
01-02 06:08:13.451433   897   897 I StatusBarIconView: updateNotificationIconForTheme mIcon.contentDescription com.lenovo.safecenter
01-02 06:08:13.469765   897  1676 V Provider/Settings: get setting for user 0 by user 0 so skipping cache
01-02 06:08:13.470028   897  1676 V Provider/Settings:  from settings cache , name = full_screen_expand_statusbar , value = 1
01-02 06:08:13.470492   897  1676 V Provider/Settings: get setting for user 0 by user 0 so skipping cache
01-02 06:08:13.470523   897  1676 V Provider/Settings:  from settings cache , name = full_screen_expand_statusbar , value = 1
01-02 06:08:13.517410   235  1332 I BufferQueue: [com.mediatek.engineermode/com.mediatek.engineermode.EngineerMode](this:0xb8a9ab00,id:137,api:2,p:1966,c:235) queueBuffer: fps=54.61 dur=1007.21 max=154.83 min=9.66
01-02 06:08:13.528718   235   235 I SurfaceFlinger: [Built-in Screen (type:0)] fps:54.188538,dur:1014.97,max:157.87,min:13.06
01-02 06:08:13.702488   775   827 D InputReader: AP_PROF:AppLaunch_dispatchPtr:Down:26032259, ID:0, Index:1732617960
01-02 06:08:13.702577   775   827 I AP_PROF : unable to open /proc/mtprof/status entry
01-02 06:08:13.702589   775   827 D InputReader: dispatchTouches:: areaValue=1000
01-02 06:08:13.702600   775   827 D InputReader: [JX] dispatchMotion action:0 
01-02 06:08:13.702697   775   826 I PerfService: PerfServiceNative_boostEnable:5
01-02 06:08:13.703905  1966  1966 I View    : Touch down dispatch to android.widget.RelativeLayout{42bfef40 V.E..... ......I. 16,27-636,100}, event = MotionEvent { action=ACTION_DOWN, id[0]=0, x[0]=583.1235, y[0]=16.395813, Xw[0]=10.0, Yw[0]=10.0, toolType[0]=TOOL_TYPE_FINGER, buttonState=0, metaState=0, flags=0x0, edgeFlags=0x0, pointerCount=1, historySize=0, eventTime=26032259, downTime=26032259, deviceId=2, source=0x1002 }
01-02 06:08:13.704101  1966  1966 I View    : Touch down dispatch to android.widget.LinearLayout{42bfe310 V.E..... ......I. 32,520-688,648}, event = MotionEvent { action=ACTION_DOWN, id[0]=0, x[0]=599.1235, y[0]=43.395813, Xw[0]=10.0, Yw[0]=10.0, toolType[0]=TOOL_TYPE_FINGER, buttonState=0, metaState=0, flags=0x0, edgeFlags=0x0, pointerCount=1, historySize=0, eventTime=26032259, downTime=26032259, deviceId=2, source=0x1002 }
01-02 06:08:13.704200  1966  1966 I View    : Touch down dispatch to android.widget.ListView{42824bd8 VFED.VC. .F....I. 0,0-720,1070 #102000a android:id/list}, event = MotionEvent { action=ACTION_DOWN, id[0]=0, x[0]=631.1235, y[0]=563.3958, Xw[0]=10.0, Yw[0]=10.0, toolType[0]=TOOL_TYPE_FINGER, buttonState=0, metaState=0, flags=0x0, edgeFlags=0x0, pointerCount=1, historySize=0, eventTime=26032259, downTime=26032259, deviceId=2, source=0x1002 }
01-02 06:08:13.704276  1966  1966 D AbsListView: Touch down: touch mode = 0,mScrollY = 0,y = 563.3958,mFirstPosition = 0,mActivePointerId = 0,mDataChanged = false,adatper size = 6,this = android.widget.ListView{42824bd8 VFED.VC. .F....I. 0,0-720,1070 #102000a android:id/list}
01-02 06:08:13.704498   775   851 D PerfServiceManager: [PerfService] MESSAGE_BOOST_ENABLE 
01-02 06:08:13.745089   775   827 D InputReader: [JX] dispatchMotion action:2 
01-02 06:08:13.755866   775   827 D InputReader: [JX] dispatchMotion action:2 
01-02 06:08:13.766580   775   827 D InputReader: [JX] dispatchMotion action:2 
01-02 06:08:13.777442   775   827 D InputReader: [JX] dispatchMotion action:2 
01-02 06:08:13.787992   775   827 D InputReader: [JX] dispatchMotion action:2 
01-02 06:08:13.798666  1966  1966 D AbsListView: reportScrollStateChange: newState=0, mLastScrollState=0, mOnScrollListener=null, mScrollY=0, mTouchMode=-1, mFirstPosition=0
01-02 06:08:13.798765   775   827 D InputReader: [JX] dispatchMotion action:2 
01-02 06:08:13.809570   775   827 D InputReader: [JX] dispatchMotion action:2 
01-02 06:08:13.819865   775   827 D InputReader: [JX] dispatchMotion action:2 
01-02 06:08:13.830476   775   827 D InputReader: [JX] dispatchMotion action:2 
01-02 06:08:13.840344   775   827 D InputReader: AP_PROF:AppLaunch_dispatchPtr:Up:26032397, ID:0, Index:1732619256
01-02 06:08:13.840363   775   827 D InputReader: [JX] dispatchMotion action:1 
01-02 06:08:13.840473   775   826 I PerfService: PerfServiceNative_boostEnableTimeout:5, 3
01-02 06:08:13.841276  1966  1966 I View    : Touch up dispatch to android.support.v4.view.ViewPager{427ae890 VFED.... ......ID 0,0-720,1134 #7f0b0369 app:id/viewpager}, event = MotionEvent { action=ACTION_UP, id[0]=0, x[0]=441.38696, y[0]=660.37, Xw[0]=10.0, Yw[0]=10.0, toolType[0]=TOOL_TYPE_FINGER, buttonState=0, metaState=0, flags=0x0, edgeFlags=0x0, pointerCount=1, historySize=0, eventTime=26032397, downTime=26032259, deviceId=2, source=0x1002 }
01-02 06:08:13.842133   775   851 D PerfServiceManager: [PerfService] MESSAGE_BOOST_ENABLE_TIMEOUT 
01-02 06:08:13.954000   897  1097 V Provider/Settings: get setting for user 0 by user 0 so skipping cache
01-02 06:08:13.954036   897  1097 V Provider/Settings:  from settings cache , name = full_screen_expand_statusbar , value = 1
01-02 06:08:13.954406   897  1097 V Provider/Settings: get setting for user 0 by user 0 so skipping cache
01-02 06:08:13.954429   897  1097 V Provider/Settings:  from settings cache , name = full_screen_expand_statusbar , value = 1
01-02 06:08:14.160595   775   827 D InputReader: AP_PROF:AppLaunch_dispatchPtr:Down:26032717, ID:0, Index:1732617960
01-02 06:08:14.160682   775   827 I AP_PROF : unable to open /proc/mtprof/status entry
01-02 06:08:14.160694   775   827 D InputReader: dispatchTouches:: areaValue=1000
01-02 06:08:14.160704   775   827 D InputReader: [JX] dispatchMotion action:0 
01-02 06:08:14.160792   775   826 I PerfService: PerfServiceNative_boostEnable:5
01-02 06:08:14.160949   775   851 D PerfServiceManager: [PerfService] MESSAGE_BOOST_ENABLE 
01-02 06:08:14.161638  1966  1966 I View    : Touch down dispatch to android.widget.RelativeLayout{42c37210 V.E..... ......I. 16,27-636,100}, event = MotionEvent { action=ACTION_DOWN, id[0]=0, x[0]=583.1235, y[0]=12.398926, Xw[0]=11.0, Yw[0]=11.0, toolType[0]=TOOL_TYPE_FINGER, buttonState=0, metaState=0, flags=0x0, edgeFlags=0x0, pointerCount=1, historySize=0, eventTime=26032717, downTime=26032717, deviceId=2, source=0x1002 }
01-02 06:08:14.161722  1966  1966 I View    : Touch down dispatch to android.widget.LinearLayout{42c365e0 V.E..... ......I. 32,520-688,648}, event = MotionEvent { action=ACTION_DOWN, id[0]=0, x[0]=599.1235, y[0]=39.398926, Xw[0]=11.0, Yw[0]=11.0, toolType[0]=TOOL_TYPE_FINGER, buttonState=0, metaState=0, flags=0x0, edgeFlags=0x0, pointerCount=1, historySize=0, eventTime=26032717, downTime=26032717, deviceId=2, source=0x1002 }
01-02 06:08:14.161819  1966  1966 I View    : Touch down dispatch to android.widget.ListView{4282aee0 VFED.VC. .F....ID 0,0-720,1070 #102000a android:id/list}, event = MotionEvent { action=ACTION_DOWN, id[0]=0, x[0]=631.1235, y[0]=559.3989, Xw[0]=11.0, Yw[0]=11.0, toolType[0]=TOOL_TYPE_FINGER, buttonState=0, metaState=0, flags=0x0, edgeFlags=0x0, pointerCount=1, historySize=0, eventTime=26032717, downTime=26032717, deviceId=2, source=0x1002 }
01-02 06:08:14.161878  1966  1966 D AbsListView: Touch down: touch mode = 0,mScrollY = 0,y = 559.3989,mFirstPosition = 0,mActivePointerId = 0,mDataChanged = false,adatper size = 7,this = android.widget.ListView{4282aee0 VFED.VC. .F....ID 0,0-720,1070 #102000a android:id/list}
01-02 06:08:14.163893  1966  1966 D ListView: mSelectorRect.setEmpty in layoutChildren this=android.widget.ListView{42824bd8 VFED.VC. ......ID 0,0-720,1070 #102000a android:id/list}
01-02 06:08:14.164210  1966  1966 D ListView: mSelectorRect.setEmpty in layoutChildren this=android.widget.ListView{4282aee0 VFED.VC. .F....ID 0,0-720,1070 #102000a android:id/list}
01-02 06:08:14.168016  1966  1966 V InputMethodManager: START INPUT: android.widget.ListView{4282aee0 VFED.VC. .F....I. 0,0-720,1070 #102000a android:id/list} ic=null tba=android.view.inputmethod.EditorInfo@42c95e10 controlFlags=#100
01-02 06:08:14.182122   775   827 D InputReader: [JX] dispatchMotion action:2 
01-02 06:08:14.203541   775   827 D InputReader: [JX] dispatchMotion action:2 
01-02 06:08:14.214121   775   827 D InputReader: [JX] dispatchMotion action:2 
01-02 06:08:14.225049   775   827 D InputReader: [JX] dispatchMotion action:2 
01-02 06:08:14.235367   775   827 D InputReader: [JX] dispatchMotion action:2 
01-02 06:08:14.243104  1966  1966 D AbsListView: reportScrollStateChange: newState=0, mLastScrollState=0, mOnScrollListener=null, mScrollY=0, mTouchMode=-1, mFirstPosition=0
01-02 06:08:14.246322   775   827 D InputReader: [JX] dispatchMotion action:2 
01-02 06:08:14.256672   775   827 D InputReader: [JX] dispatchMotion action:2 
01-02 06:08:14.267536   775   827 D InputReader: [JX] dispatchMotion action:2 
01-02 06:08:14.278223   775   827 D InputReader: [JX] dispatchMotion action:2 
01-02 06:08:14.288794   775   827 D InputReader: [JX] dispatchMotion action:2 
01-02 06:08:14.299250   775   827 D InputReader: [JX] dispatchMotion action:2 
01-02 06:08:14.309111   775   827 D InputReader: AP_PROF:AppLaunch_dispatchPtr:Up:26032866, ID:0, Index:1732619256
01-02 06:08:14.309130   775   827 D InputReader: [JX] dispatchMotion action:1 
01-02 06:08:14.309230   775   826 I PerfService: PerfServiceNative_boostEnableTimeout:5, 3
01-02 06:08:14.309427   775   851 D PerfServiceManager: [PerfService] MESSAGE_BOOST_ENABLE_TIMEOUT 
01-02 06:08:14.315678  1966  1966 I View    : Touch up dispatch to android.support.v4.view.ViewPager{427ae890 VFED.... ......I. 0,0-720,1134 #7f0b0369 app:id/viewpager}, event = MotionEvent { action=ACTION_UP, id[0]=0, x[0]=414.4244, y[0]=671.36145, Xw[0]=11.0, Yw[0]=11.0, toolType[0]=TOOL_TYPE_FINGER, buttonState=0, metaState=0, flags=0x0, edgeFlags=0x0, pointerCount=1, historySize=0, eventTime=26032866, downTime=26032717, deviceId=2, source=0x1002 }
01-02 06:08:14.363665 11417 11425 D jdwp    : Can't connect to ADB control socket:Connection refused
01-02 06:08:14.454430   897  1484 V Provider/Settings: get setting for user 0 by user 0 so skipping cache
01-02 06:08:14.454466   897  1484 V Provider/Settings:  from settings cache , name = full_screen_expand_statusbar , value = 1
01-02 06:08:14.454899   897  1484 V Provider/Settings: get setting for user 0 by user 0 so skipping cache
01-02 06:08:14.454928   897  1484 V Provider/Settings:  from settings cache , name = full_screen_expand_statusbar , value = 1
01-02 06:08:14.519674   235   819 I BufferQueue: [com.mediatek.engineermode/com.mediatek.engineermode.EngineerMode](this:0xb8a9ab00,id:137,api:2,p:1966,c:235) queueBuffer: fps=53.88 dur=1002.26 max=94.71 min=13.95
01-02 06:08:14.529053   235   235 I SurfaceFlinger: [Built-in Screen (type:0)] fps:53.982906,dur:1000.32,max:95.26,min:15.45
01-02 06:08:14.725469   775   827 D InputReader: AP_PROF:AppLaunch_dispatchPtr:Down:26033282, ID:0, Index:1732617960
01-02 06:08:14.725552   775   827 I AP_PROF : unable to open /proc/mtprof/status entry
01-02 06:08:14.725563   775   827 D InputReader: dispatchTouches:: areaValue=1000
01-02 06:08:14.725568   775   827 D InputReader: [JX] dispatchMotion action:0 
01-02 06:08:14.725652   775   826 I PerfService: PerfServiceNative_boostEnable:5
01-02 06:08:14.725802   775   851 D PerfServiceManager: [PerfService] MESSAGE_BOOST_ENABLE 
01-02 06:08:14.726504  1966  1966 I View    : Touch down dispatch to android.widget.LinearLayout{42c365e0 V.E..... ......I. 32,520-688,648}, event = MotionEvent { action=ACTION_DOWN, id[0]=0, x[0]=361.45355, y[0]=114.34033, Xw[0]=20.0, Yw[0]=20.0, toolType[0]=TOOL_TYPE_FINGER, buttonState=0, metaState=0, flags=0x0, edgeFlags=0x0, pointerCount=1, historySize=0, eventTime=26033282, downTime=26033282, deviceId=2, source=0x1002 }
01-02 06:08:14.726609  1966  1966 I View    : Touch down dispatch to android.widget.ListView{4282aee0 VFED.VC. .F....I. 0,0-720,1070 #102000a android:id/list}, event = MotionEvent { action=ACTION_DOWN, id[0]=0, x[0]=393.45355, y[0]=634.34033, Xw[0]=20.0, Yw[0]=20.0, toolType[0]=TOOL_TYPE_FINGER, buttonState=0, metaState=0, flags=0x0, edgeFlags=0x0, pointerCount=1, historySize=0, eventTime=26033282, downTime=26033282, deviceId=2, source=0x1002 }
01-02 06:08:14.726669  1966  1966 D AbsListView: Touch down: touch mode = 0,mScrollY = 0,y = 634.34033,mFirstPosition = 0,mActivePointerId = 0,mDataChanged = false,adatper size = 7,this = android.widget.ListView{4282aee0 VFED.VC. .F....I. 0,0-720,1070 #102000a android:id/list}
01-02 06:08:14.736607   775   827 D InputReader: [JX] dispatchMotion action:2 
01-02 06:08:14.746975   775   827 D InputReader: [JX] dispatchMotion action:2 
01-02 06:08:14.757493   775   827 D InputReader: [JX] dispatchMotion action:2 
01-02 06:08:14.766320  1778  1790 D jdwp    : Can't connect to ADB control socket:Connection refused
01-02 06:08:14.768465   775   827 D InputReader: [JX] dispatchMotion action:2 
01-02 06:08:14.778867   775   827 D InputReader: [JX] dispatchMotion action:2 
01-02 06:08:14.789313   775   827 D InputReader: [JX] dispatchMotion action:2 
01-02 06:08:14.799239   775   827 D InputReader: AP_PROF:AppLaunch_dispatchPtr:Up:26033356, ID:0, Index:1732619256
01-02 06:08:14.799293   775   827 D InputReader: [JX] dispatchMotion action:1 
01-02 06:08:14.799478   775   826 I PerfService: PerfServiceNative_boostEnableTimeout:5, 3
01-02 06:08:14.799728   775   851 D PerfServiceManager: [PerfService] MESSAGE_BOOST_ENABLE_TIMEOUT 
01-02 06:08:14.799820  1966  1966 D AbsListView: reportScrollStateChange: newState=0, mLastScrollState=0, mOnScrollListener=null, mScrollY=0, mTouchMode=-1, mFirstPosition=0
01-02 06:08:14.800132  1966  1966 I View    : Touch up dispatch to android.support.v4.view.ViewPager{427ae890 VFED.... ......ID 0,0-720,1134 #7f0b0369 app:id/viewpager}, event = MotionEvent { action=ACTION_UP, id[0]=0, x[0]=467.35092, y[0]=699.3396, Xw[0]=20.0, Yw[0]=20.0, toolType[0]=TOOL_TYPE_FINGER, buttonState=0, metaState=0, flags=0x0, edgeFlags=0x0, pointerCount=1, historySize=0, eventTime=26033356, downTime=26033282, deviceId=2, source=0x1002 }
01-02 06:08:14.954407   897  1367 V Provider/Settings: get setting for user 0 by user 0 so skipping cache
01-02 06:08:14.954444   897  1367 V Provider/Settings:  from settings cache , name = full_screen_expand_statusbar , value = 1
01-02 06:08:14.954821   897  1367 V Provider/Settings: get setting for user 0 by user 0 so skipping cache
