01-02 06:08:04.447857  4540  4540 D ListView: mSelectorRect.setEmpty in layoutChildren this=android.widget.ListView{42992ca8 VFED.VC. .F....ID 0,0-720,1134 #102000a android:id/list}
01-02 06:08:04.450684   897  1676 V Provider/Settings: get setting for user 0 by user 0 so skipping cache
01-02 06:08:04.450713   897  1676 V Provider/Settings:  from settings cache , name = full_screen_expand_statusbar , value = 1
01-02 06:08:04.451218   897  1676 V Provider/Settings: get setting for user 0 by user 0 so skipping cache
01-02 06:08:04.451246   897  1676 V Provider/Settings:  from settings cache , name = full_screen_expand_statusbar , value = 1
01-02 06:08:04.452345   235   819 I BufferQueue: [com.mediatek.mtklogger/com.mediatek.mtklogger.settings.SettingsActivity](this:0xb8a9ab00,id:134,api:1,p:4540,c:235) new GraphicBuffer needed
01-02 06:08:04.452364   235   819 I [MALI][Gralloc]: [MTK]GRALLOC enter alloc_device_alloc()! pHandle=0x0xb8b4c14c
01-02 06:08:04.452371   235   819 I [MALI][Gralloc]: usage: 0x900, format: 0x1 stride: 720 vertical_stride: 1280 size: 3686400
01-02 06:08:04.452375   235   819 I [MALI][Gralloc]: [MTK]GRALLOC ready to go ion alloc arrrrrrrrr!!!! pHandle=0x0xb8b4c14c
01-02 06:08:04.452652   235   819 D GraphicBuffer: alloc, handle(0xb8a78048) (w:720 h:1280 s:720 f:0x1 u:0x000900) err(0)
01-02 06:08:04.452667   235   819 W GraphicBufferExtra_hal: gralloc extra device setBufInfo(...) is not supported
01-02 06:08:04.453075  4540  4540 D GraphicBuffer: register, handle(0x679c9d88) (w:720 h:1280 s:720 f:0x1 u:0x000900)
01-02 06:08:04.453948   775   791 V Provider/Settings: get setting for user 0 by user 0 so skipping cache
01-02 06:08:04.454004   775   791 V Provider/Settings:  from settings cache , name = full_screen_expand_statusbar , value = 1
01-02 06:08:04.454297   775   786 I libPerfService: 1: set: 1
01-02 06:08:04.454407   775   786 I libPerfService: 1: set freq: 0
01-02 06:08:04.455101   775   791 E CubicBezierInterpolator: ####:PointF(0.1, 0.8)
01-02 06:08:04.455120   775   791 E CubicBezierInterpolator: ####:PointF(0.5, 1.0)
01-02 06:08:04.456038   775   791 E CubicBezierInterpolator: ####:PointF(0.1, 0.8)
01-02 06:08:04.456057   775   791 E CubicBezierInterpolator: ####:PointF(0.5, 1.0)
01-02 06:08:04.457068   775   791 V Provider/Settings: get setting for user 0 by user 0 so skipping cache
01-02 06:08:04.457099   775   791 V Provider/Settings:  from settings cache , name = full_screen_expand_statusbar , value = 1
01-02 06:08:04.461652  4540  4540 D OpenGLRenderer: Flushing caches (mode 0)
01-02 06:08:04.462428   235  3123 D BufferQueue: [com.mediatek.mtklogger/com.mediatek.mtklogger.settings.MobileLogSettings](this:0xb8aa99e0,id:133,api:1,p:4540,c:235) cancelBuffer: slot=2
01-02 06:08:04.462531  4540  4540 D GraphicBuffer: unregister, handle(0x65945360) (w:720 h:1280 s:720 f:0x1 u:0x000900)
01-02 06:08:04.463235  4540  4540 D GraphicBuffer: unregister, handle(0x679cfb78) (w:720 h:1280 s:720 f:0x1 u:0x000900)
01-02 06:08:04.463328   775   791 V Provider/Settings: get setting for user 0 by user 0 so skipping cache
01-02 06:08:04.463382   775   791 V Provider/Settings:  from settings cache , name = full_screen_expand_statusbar , value = 1
01-02 06:08:04.463533  4540  4540 D GraphicBuffer: unregister, handle(0x67827430) (w:720 h:1280 s:720 f:0x1 u:0x000900)
01-02 06:08:04.463718  4540  4540 D GraphicBuffer: unregister, handle(0x67a861b8) (w:720 h:1280 s:720 f:0x1 u:0x000900)
01-02 06:08:04.464156   235  1332 I BufferQueue: [com.mediatek.mtklogger/com.mediatek.mtklogger.settings.MobileLogSettings](this:0xb8aa99e0,id:133,api:1,p:-1,c:235) disconnect: api=1
01-02 06:08:04.464300   235  1332 I BufferQueue: [com.mediatek.mtklogger/com.mediatek.mtklogger.settings.MobileLogSettings](this:0xb8aa99e0,id:133,api:1,p:-1,c:235) getReleasedBuffers: returning mask 0xffffffff
01-02 06:08:04.464445   235  1332 D GraphicBuffer: free, handle(0xb8ad63f8) (w:720 h:1280 s:720 f:0x1 u:0x000900)
01-02 06:08:04.464786   235  1332 D GraphicBuffer: free, handle(0xb8b17250) (w:720 h:1280 s:720 f:0x1 u:0x000900)
01-02 06:08:04.465030   235  1332 D GraphicBuffer: free, handle(0xb8ad5cc0) (w:720 h:1280 s:720 f:0x1 u:0x000900)
01-02 06:08:04.467164   775  1176 V Provider/Settings: get setting for user 0 by user 0 so skipping cache
01-02 06:08:04.467195   775  1176 V Provider/Settings:  from settings cache , name = full_screen_expand_statusbar , value = 1
01-02 06:08:04.469162  4540  4540 D AbsListView: onWindowFocusChanged: hasWindowFocus=false, this=android.widget.ListView{42a503d8 VFED.VC. .F...... 0,0-720,1134 #102000a android:id/list}
01-02 06:08:04.494677   235   235 I BufferQueue: [FrameBufferSurface_0](this:0xb8a4b670,id:0,api:1,p:235,c:235) queueBuffer: fps=2.88 dur=7303.79 max=6986.47 min=15.68
01-02 06:08:04.765626  1778  1790 D jdwp    : Can't connect to ADB control socket:Connection refused
01-02 06:08:04.780189   775   791 V Provider/Settings: get setting for user 0 by user 0 so skipping cache
01-02 06:08:04.780220   775   791 V Provider/Settings:  from settings cache , name = full_screen_expand_statusbar , value = 1
01-02 06:08:04.780524  4540  4540 D PreferenceActivity: onStop
01-02 06:08:04.781072  4540  4540 D PreferenceActivity: onDestroy
01-02 06:08:04.781825  4540  4540 D OpenGLRenderer: Flushing caches (mode 0)
01-02 06:08:04.782472   775   791 V Provider/Settings: get setting for user 0 by user 0 so skipping cache
01-02 06:08:04.782503   775   791 V Provider/Settings:  from settings cache , name = full_screen_expand_statusbar , value = 1
01-02 06:08:04.783485   775  1203 V Provider/Settings: get setting for user 0 by user 0 so skipping cache
01-02 06:08:04.783516   775  1203 V Provider/Settings:  from settings cache , name = full_screen_expand_statusbar , value = 1
01-02 06:08:04.785720  4473  4473 D wpa_supplicant: wlan0: BSS: Remove id 5292 BSSID c8:f9:f9:a6:11:70 SSID 'lenovo' due to wpa_bss_flush_by_age
01-02 06:08:04.785745  4473  4473 D wpa_supplicant: CTRL_IFACE monitor send - hexdump(len=39): 2f 64 61 74 61 2f 6d 69 73 63 2f 77 69 66 69 2f 73 6f 63 6b 65 74 73 2f 77 70 61 5f 63 74 72 6c ...
01-02 06:08:04.785798  4473  4473 D wpa_supplicant: wlan0: BSS: Remove id 5295 BSSID d0:c2:82:af:39:a3 SSID 'lenovo-RD' due to wpa_bss_flush_by_age
01-02 06:08:04.785816  4473  4473 D wpa_supplicant: CTRL_IFACE monitor send - hexdump(len=39): 2f 64 61 74 61 2f 6d 69 73 63 2f 77 69 66 69 2f 73 6f 63 6b 65 74 73 2f 77 70 61 5f 63 74 72 6c ...
01-02 06:08:04.785818   775  4481 D WifiHW  : [1] get event: IFNAME=wlan0 <3>CTRL-EVENT-BSS-REMOVED 5292 c8:f9:f9:a6:11:70
01-02 06:08:04.785828   775  4481 D WifiHW  : [2] get event: IFNAME=wlan0 CTRL-EVENT-BSS-REMOVED 5292 c8:f9:f9:a6:11:70
01-02 06:08:04.785832  4473  4473 D wpa_supplicant: wlan0: BSS: Remove id 5318 BSSID d0:c2:82:af:39:a5 SSID '' due to wpa_bss_flush_by_age
01-02 06:08:04.785850  4473  4473 D wpa_supplicant: CTRL_IFACE monitor send - hexdump(len=39): 2f 64 61 74 61 2f 6d 69 73 63 2f 77 69 66 69 2f 73 6f 63 6b 65 74 73 2f 77 70 61 5f 63 74 72 6c ...
01-02 06:08:04.785866  4473  4473 D wpa_supplicant: wlan0: BSS: Remove id 5294 BSSID c8:f9:f9:a6:11:7c SSID 'lenovo-RD' due to wpa_bss_flush_by_age
01-02 06:08:04.785883  4473  4473 D wpa_supplicant: CTRL_IFACE monitor send - hexdump(len=39): 2f 64 61 74 61 2f 6d 69 73 63 2f 77 69 66 69 2f 73 6f 63 6b 65 74 73 2f 77 70 61 5f 63 74 72 6c ...
01-02 06:08:04.785899  4473  4473 D wpa_supplicant: wlan0: BSS: Remove id 5293 BSSID c8:f9:f9:a6:11:7f SSID 'lenovo' due to wpa_bss_flush_by_age
01-02 06:08:04.785916  4473  4473 D wpa_supplicant: CTRL_IFACE monitor send - hexdump(len=39): 2f 64 61 74 61 2f 6d 69 73 63 2f 77 69 66 69 2f 73 6f 63 6b 65 74 73 2f 77 70 61 5f 63 74 72 6c ...
01-02 06:08:04.785931  4473  4473 D wpa_supplicant: wlan0: BSS: Remove id 5300 BSSID d0:c2:82:af:39:af SSID 'lenovo' due to wpa_bss_flush_by_age
01-02 06:08:04.785937   775  4481 D WifiMonitor: Event [IFNAME=wlan0 CTRL-EVENT-BSS-REMOVED 5292 c8:f9:f9:a6:11:70]
01-02 06:08:04.785948  4473  4473 D wpa_supplicant: CTRL_IFACE monitor send - hexdump(len=39): 2f 64 61 74 61 2f 6d 69 73 63 2f 77 69 66 69 2f 73 6f 63 6b 65 74 73 2f 77 70 61 5f 63 74 72 6c ...
01-02 06:08:04.785952   775  4481 D WifiMonitor: iface wlan0
01-02 06:08:04.785963  4473  4473 D wpa_supplicant: wlan0: BSS: Remove id 5301 BSSID d0:c2:82:af:39:aa SSID '' due to wpa_bss_flush_by_age
01-02 06:08:04.785980  4473  4473 D wpa_supplicant: CTRL_IFACE monitor send - hexdump(len=39): 2f 64 61 74 61 2f 6d 69 73 63 2f 77 69 66 69 2f 73 6f 63 6b 65 74 73 2f 77 70 61 5f 63 74 72 6c ...
01-02 06:08:04.785989   775  4481 D WifiHW  : enter -->wifi_wait_on_socket buflen=2048
01-02 06:08:04.785993   775  4481 D WifiHW  : enter -->wifi_ctrl_recv
01-02 06:08:04.785995  4473  4473 D wpa_supplicant: wlan0: BSS: Remove id 5299 BSSID d0:c2:82:af:39:ac SSID 'lenovo-RD' due to wpa_bss_flush_by_age
01-02 06:08:04.786004   775  4481 D WifiHW  : [1] get event: IFNAME=wlan0 <3>CTRL-EVENT-BSS-REMOVED 5295 d0:c2:82:af:39:a3
01-02 06:08:04.786011   775  4481 D WifiHW  : [2] get event: IFNAME=wlan0 CTRL-EVENT-BSS-REMOVED 5295 d0:c2:82:af:39:a3
01-02 06:08:04.786012  4473  4473 D wpa_supplicant: CTRL_IFACE monitor send - hexdump(len=39): 2f 64 61 74 61 2f 6d 69 73 63 2f 77 69 66 69 2f 73 6f 63 6b 65 74 73 2f 77 70 61 5f 63 74 72 6c ...
01-02 06:08:04.786026  4473  4473 D wpa_supplicant: wlan0: BSS: Remove id 5302 BSSID b8:62:1f:44:88:90 SSID 'lenovo' due to wpa_bss_flush_by_age
01-02 06:08:04.786042   775  4481 D WifiMonitor: Event [IFNAME=wlan0 CTRL-EVENT-BSS-REMOVED 5295 d0:c2:82:af:39:a3]
01-02 06:08:04.786044  4473  4473 D wpa_supplicant: CTRL_IFACE monitor send - hexdump(len=39): 2f 64 61 74 61 2f 6d 69 73 63 2f 77 69 66 69 2f 73 6f 63 6b 65 74 73 2f 77 70 61 5f 63 74 72 6c ...
01-02 06:08:04.786053   775  4481 D WifiMonitor: iface wlan0
01-02 06:08:04.786058  4473  4473 D wpa_supplicant: wlan0: BSS: Remove id 5319 BSSID b8:62:1f:44:88:95 SSID '' due to wpa_bss_flush_by_age
01-02 06:08:04.786068   775  4481 D WifiHW  : enter -->wifi_wait_on_socket buflen=2048
01-02 06:08:04.786072   775  4481 D WifiHW  : enter -->wifi_ctrl_recv
01-02 06:08:04.786075  4473  4473 D wpa_supplicant: CTRL_IFACE monitor send - hexdump(len=39): 2f 64 61 74 61 2f 6d 69 73 63 2f 77 69 66 69 2f 73 6f 63 6b 65 74 73 2f 77 70 61 5f 63 74 72 6c ...
01-02 06:08:04.786080   775  4481 D WifiHW  : [1] get event: IFNAME=wlan0 <3>CTRL-EVENT-BSS-REMOVED 5318 d0:c2:82:af:39:a5
01-02 06:08:04.786090  4473  4473 D wpa_supplicant: wlan0: BSS: Remove id 5320 BSSID b8:ee:65:29:c3:46 SSID 'DIDAWEB' due to wpa_bss_flush_by_age
01-02 06:08:04.786100   775  4481 D WifiHW  : [2] get event: IFNAME=wlan0 CTRL-EVENT-BSS-REMOVED 5318 d0:c2:82:af:39:a5
01-02 06:08:04.786107  4473  4473 D wpa_supplicant: CTRL_IFACE monitor send - hexdump(len=39): 2f 64 61 74 61 2f 6d 69 73 63 2f 77 69 66 69 2f 73 6f 63 6b 65 74 73 2f 77 70 61 5f 63 74 72 6c ...
01-02 06:08:04.786122  4473  4473 D wpa_supplicant: wlan0: BSS: Remove id 5304 BSSID b8:62:1f:1c:63:73 SSID 'lenovo-RD' due to wpa_bss_flush_by_age
01-02 06:08:04.786129   775  4481 D WifiMonitor: Event [IFNAME=wlan0 CTRL-EVENT-BSS-REMOVED 5318 d0:c2:82:af:39:a5]
01-02 06:08:04.786139   775  4481 D WifiMonitor: iface wlan0
01-02 06:08:04.786139  4473  4473 D wpa_supplicant: CTRL_IFACE monitor send - hexdump(len=39): 2f 64 61 74 61 2f 6d 69 73 63 2f 77 69 66 69 2f 73 6f 63 6b 65 74 73 2f 77 70 61 5f 63 74 72 6c ...
01-02 06:08:04.786154   775  4481 D WifiHW  : enter -->wifi_wait_on_socket buflen=2048
01-02 06:08:04.786155  4473  4473 D wpa_supplicant: wlan0: BSS: Remove id 5321 BSSID f0:7f:06:66:1f:95 SSID '' due to wpa_bss_flush_by_age
01-02 06:08:04.786158   775  4481 D WifiHW  : enter -->wifi_ctrl_recv
01-02 06:08:04.786166   775  4481 D WifiHW  : [1] get event: IFNAME=wlan0 <3>CTRL-EVENT-BSS-REMOVED 5294 c8:f9:f9:a6:11:7c
01-02 06:08:04.786171   775  4481 D WifiHW  : [2] get event: IFNAME=wlan0 CTRL-EVENT-BSS-REMOVED 5294 c8:f9:f9:a6:11:7c
01-02 06:08:04.786172  4473  4473 D wpa_supplicant: CTRL_IFACE monitor send - hexdump(len=39): 2f 64 61 74 61 2f 6d 69 73 63 2f 77 69 66 69 2f 73 6f 63 6b 65 74 73 2f 77 70 61 5f 63 74 72 6c ...
01-02 06:08:04.786187  4473  4473 D wpa_supplicant: wlan0: BSS: Remove id 5310 BSSID d0:c2:82:af:39:a2 SSID 'lenovo-guest' due to wpa_bss_flush_by_age
01-02 06:08:04.786199   775  4481 D WifiMonitor: Event [IFNAME=wlan0 CTRL-EVENT-BSS-REMOVED 5294 c8:f9:f9:a6:11:7c]
01-02 06:08:04.786204  4473  4473 D wpa_supplicant: CTRL_IFACE monitor send - hexdump(len=39): 2f 64 61 74 61 2f 6d 69 73 63 2f 77 69 66 69 2f 73 6f 63 6b 65 74 73 2f 77 70 61 5f 63 74 72 6c ...
01-02 06:08:04.786210   775  4481 D WifiMonitor: iface wlan0
01-02 06:08:04.786218  4473  4473 D wpa_supplicant: wlan0: BSS: Remove id 5307 BSSID c8:f9:f9:a6:11:7d SSID 'lenovo-guest' due to wpa_bss_flush_by_age
01-02 06:08:04.786224   775  4481 D WifiHW  : enter -->wifi_wait_on_socket buflen=2048
01-02 06:08:04.786228   775  4481 D WifiHW  : enter -->wifi_ctrl_recv
01-02 06:08:04.786235  4473  4473 D wpa_supplicant: CTRL_IFACE monitor send - hexdump(len=39): 2f 64 61 74 61 2f 6d 69 73 63 2f 77 69 66 69 2f 73 6f 63 6b 65 74 73 2f 77 70 61 5f 63 74 72 6c ...
01-02 06:08:04.786236   775  4481 D WifiHW  : [1] get event: IFNAME=wlan0 <3>CTRL-EVENT-BSS-REMOVED 5293 c8:f9:f9:a6:11:7f
01-02 06:08:04.786241   775  4481 D WifiHW  : [2] get event: IFNAME=wlan0 CTRL-EVENT-BSS-REMOVED 5293 c8:f9:f9:a6:11:7f
01-02 06:08:04.786250  4473  4473 D wpa_supplicant: wlan0: BSS: Remove id 5308 BSSID c8:f9:f9:a6:11:7b SSID 'lenovo-internet' due to wpa_bss_flush_by_age
01-02 06:08:04.786267  4473  4473 D wpa_supplicant: CTRL_IFACE monitor send - hexdump(len=39): 2f 64 61 74 61 2f 6d 69 73 63 2f 77 69 66 69 2f 73 6f 63 6b 65 74 73 2f 77 70 61 5f 63 74 72 6c ...
01-02 06:08:04.786268   775  4481 D WifiMonitor: Event [IFNAME=wlan0 CTRL-EVENT-BSS-REMOVED 5293 c8:f9:f9:a6:11:7f]
01-02 06:08:04.786279   775  4481 D WifiMonitor: iface wlan0
01-02 06:08:04.786283  4473  4473 D wpa_supplicant: wlan0: BSS: Remove id 5312 BSSID d0:c2:82:af:39:ad SSID 'lenovo-guest' due to wpa_bss_flush_by_age
01-02 06:08:04.786293   775  4481 D WifiHW  : enter -->wifi_wait_on_socket buflen=2048
01-02 06:08:04.786296   775  4481 D WifiHW  : enter -->wifi_ctrl_recv
01-02 06:08:04.786300  4473  4473 D wpa_supplicant: CTRL_IFACE monitor send - hexdump(len=39): 2f 64 61 74 61 2f 6d 69 73 63 2f 77 69 66 69 2f 73 6f 63 6b 65 74 73 2f 77 70 61 5f 63 74 72 6c ...
01-02 06:08:04.786305   775  4481 D WifiHW  : [1] get event: IFNAME=wlan0 <3>CTRL-EVENT-BSS-REMOVED 5300 d0:c2:82:af:39:af
01-02 06:08:04.786309   775  4481 D WifiHW  : [2] get event: IFNAME=wlan0 CTRL-EVENT-BSS-REMOVED 5300 d0:c2:82:af:39:af
01-02 06:08:04.786315  4473  4473 D wpa_supplicant: wlan0: BSS: Remove id 5311 BSSID d0:c2:82:af:39:ab SSID 'lenovo-internet' due to wpa_bss_flush_by_age
01-02 06:08:04.786332  4473  4473 D wpa_supplicant: CTRL_IFACE monitor send - hexdump(len=39): 2f 64 61 74 61 2f 6d 69 73 63 2f 77 69 66 69 2f 73 6f 63 6b 65 74 73 2f 77 70 61 5f 63 74 72 6c ...
01-02 06:08:04.786337   775  4481 D WifiMonitor: Event [IFNAME=wlan0 CTRL-EVENT-BSS-REMOVED 5300 d0:c2:82:af:39:af]
01-02 06:08:04.786347  4473  4473 D wpa_supplicant: wlan0: BSS: Remove id 5313 BSSID b8:62:1f:44:88:92 SSID 'lenovo-guest' due to wpa_bss_flush_by_age
01-02 06:08:04.786348   775  4481 D WifiMonitor: iface wlan0
01-02 06:08:04.786362   775  4481 D WifiHW  : enter -->wifi_wait_on_socket buflen=2048
01-02 06:08:04.786364  4473  4473 D wpa_supplicant: CTRL_IFACE monitor send - hexdump(len=39): 2f 64 61 74 61 2f 6d 69 73 63 2f 77 69 66 69 2f 73 6f 63 6b 65 74 73 2f 77 70 61 5f 63 74 72 6c ...
01-02 06:08:04.786366   775  4481 D WifiHW  : enter -->wifi_ctrl_recv
01-02 06:08:04.786374   775  4481 D WifiHW  : [1] get event: IFNAME=wlan0 <3>CTRL-EVENT-BSS-REMOVED 5301 d0:c2:82:af:39:aa
01-02 06:08:04.786378  4473  4473 D wpa_supplicant: wlan0: BSS: Remove id 5314 BSSID b8:62:1f:44:88:94 SSID 'lenovo-internet' due to wpa_bss_flush_by_age
01-02 06:08:04.786379   775  4481 D WifiHW  : [2] get event: IFNAME=wlan0 CTRL-EVENT-BSS-REMOVED 5301 d0:c2:82:af:39:aa
01-02 06:08:04.786396  4473  4473 D wpa_supplicant: CTRL_IFACE monitor send - hexdump(len=39): 2f 64 61 74 61 2f 6d 69 73 63 2f 77 69 66 69 2f 73 6f 63 6b 65 74 73 2f 77 70 61 5f 63 74 72 6c ...
01-02 06:08:04.786407   775  4481 D WifiMonitor: Event [IFNAME=wlan0 CTRL-EVENT-BSS-REMOVED 5301 d0:c2:82:af:39:aa]
01-02 06:08:04.786410  4473  4473 D wpa_supplicant: wlan0: BSS: Remove id 5315 BSSID b8:62:1f:1c:63:72 SSID 'lenovo-guest' due to wpa_bss_flush_by_age
01-02 06:08:04.786417   775  4481 D WifiMonitor: iface wlan0
01-02 06:08:04.786427  4473  4473 D wpa_supplicant: CTRL_IFACE monitor send - hexdump(len=39): 2f 64 61 74 61 2f 6d 69 73 63 2f 77 69 66 69 2f 73 6f 63 6b 65 74 73 2f 77 70 61 5f 63 74 72 6c ...
01-02 06:08:04.786432   775  4481 D WifiHW  : enter -->wifi_wait_on_socket buflen=2048
01-02 06:08:04.786435   775  4481 D WifiHW  : enter -->wifi_ctrl_recv
01-02 06:08:04.786442  4473  4473 D wpa_supplicant: wlan0: BSS: Remove id 5322 BSSID f0:7f:06:66:1f:92 SSID 'lenovo-guest' due to wpa_bss_flush_by_age
01-02 06:08:04.786443   775  4481 D WifiHW  : [1] get event: IFNAME=wlan0 <3>CTRL-EVENT-BSS-REMOVED 5299 d0:c2:82:af:39:ac
01-02 06:08:04.786448   775  4481 D WifiHW  : [2] get event: IFNAME=wlan0 CTRL-EVENT-BSS-REMOVED 5299 d0:c2:82:af:39:ac
01-02 06:08:04.786460  4473  4473 D wpa_supplicant: CTRL_IFACE monitor send - hexdump(len=39): 2f 64 61 74 61 2f 6d 69 73 63 2f 77 69 66 69 2f 73 6f 63 6b 65 74 73 2f 77 70 61 5f 63 74 72 6c ...
01-02 06:08:04.786476   775  4481 D WifiMonitor: Event [IFNAME=wlan0 CTRL-EVENT-BSS-REMOVED 5299 d0:c2:82:af:39:ac]
01-02 06:08:04.786486   775  4481 D WifiMonitor: iface wlan0
01-02 06:08:04.786500   775  4481 D WifiHW  : enter -->wifi_wait_on_socket buflen=2048
01-02 06:08:04.786504   775  4481 D WifiHW  : enter -->wifi_ctrl_recv
01-02 06:08:04.786512   775  4481 D WifiHW  : [1] get event: IFNAME=wlan0 <3>CTRL-EVENT-BSS-REMOVED 5302 b8:62:1f:44:88:90
01-02 06:08:04.786517   775  4481 D WifiHW  : [2] get event: IFNAME=wlan0 CTRL-EVENT-BSS-REMOVED 5302 b8:62:1f:44:88:90
01-02 06:08:04.786545   775  4481 D WifiMonitor: Event [IFNAME=wlan0 CTRL-EVENT-BSS-REMOVED 5302 b8:62:1f:44:88:90]
01-02 06:08:04.786555   775  4481 D WifiMonitor: iface wlan0
01-02 06:08:04.786570   775  4481 D WifiHW  : enter -->wifi_wait_on_socket buflen=2048
01-02 06:08:04.786573   775  4481 D WifiHW  : enter -->wifi_ctrl_recv
01-02 06:08:04.786581   775  4481 D WifiHW  : [1] get event: IFNAME=wlan0 <3>CTRL-EVENT-BSS-REMOVED 5319 b8:62:1f:44:88:95
01-02 06:08:04.786586   775  4481 D WifiHW  : [2] get event: IFNAME=wlan0 CTRL-EVENT-BSS-REMOVED 5319 b8:62:1f:44:88:95
01-02 06:08:04.786614   775  4481 D WifiMonitor: Event [IFNAME=wlan0 CTRL-EVENT-BSS-REMOVED 5319 b8:62:1f:44:88:95]
01-02 06:08:04.786624   775  4481 D WifiMonitor: iface wlan0
01-02 06:08:04.786639   775  4481 D WifiHW  : enter -->wifi_wait_on_socket buflen=2048
01-02 06:08:04.786642   775  4481 D WifiHW  : enter -->wifi_ctrl_recv
01-02 06:08:04.786651   775  4481 D WifiHW  : [1] get event: IFNAME=wlan0 <3>CTRL-EVENT-BSS-REMOVED 5320 b8:ee:65:29:c3:46
01-02 06:08:04.786656   775  4481 D WifiHW  : [2] get event: IFNAME=wlan0 CTRL-EVENT-BSS-REMOVED 5320 b8:ee:65:29:c3:46
01-02 06:08:04.786683   775  4481 D WifiMonitor: Event [IFNAME=wlan0 CTRL-EVENT-BSS-REMOVED 5320 b8:ee:65:29:c3:46]
01-02 06:08:04.786693   775  4481 D WifiMonitor: iface wlan0
01-02 06:08:04.786708   775  4481 D WifiHW  : enter -->wifi_wait_on_socket buflen=2048
01-02 06:08:04.786711   775  4481 D WifiHW  : enter -->wifi_ctrl_recv
01-02 06:08:04.786719   775  4481 D WifiHW  : [1] get event: IFNAME=wlan0 <3>CTRL-EVENT-BSS-REMOVED 5304 b8:62:1f:1c:63:73
01-02 06:08:04.786724   775  4481 D WifiHW  : [2] get event: IFNAME=wlan0 CTRL-EVENT-BSS-REMOVED 5304 b8:62:1f:1c:63:73
01-02 06:08:04.786752   775  4481 D WifiMonitor: Event [IFNAME=wlan0 CTRL-EVENT-BSS-REMOVED 5304 b8:62:1f:1c:63:73]
01-02 06:08:04.786762   775  4481 D WifiMonitor: iface wlan0
01-02 06:08:04.786776   775  4481 D WifiHW  : enter -->wifi_wait_on_socket buflen=2048
01-02 06:08:04.786780   775  4481 D WifiHW  : enter -->wifi_ctrl_recv
01-02 06:08:04.786788   775  4481 D WifiHW  : [1] get event: IFNAME=wlan0 <3>CTRL-EVENT-BSS-REMOVED 5321 f0:7f:06:66:1f:95
01-02 06:08:04.786793   775  4481 D WifiHW  : [2] get event: IFNAME=wlan0 CTRL-EVENT-BSS-REMOVED 5321 f0:7f:06:66:1f:95
01-02 06:08:04.786820   775  4481 D WifiMonitor: Event [IFNAME=wlan0 CTRL-EVENT-BSS-REMOVED 5321 f0:7f:06:66:1f:95]
01-02 06:08:04.786841   775  4481 D WifiMonitor: iface wlan0
01-02 06:08:04.786856   775  4481 D WifiHW  : enter -->wifi_wait_on_socket buflen=2048
01-02 06:08:04.786860   775  4481 D WifiHW  : enter -->wifi_ctrl_recv
01-02 06:08:04.786868   775  4481 D WifiHW  : [1] get event: IFNAME=wlan0 <3>CTRL-EVENT-BSS-REMOVED 5310 d0:c2:82:af:39:a2
01-02 06:08:04.786873   775  4481 D WifiHW  : [2] get event: IFNAME=wlan0 CTRL-EVENT-BSS-REMOVED 5310 d0:c2:82:af:39:a2
01-02 06:08:04.786900   775  4481 D WifiMonitor: Event [IFNAME=wlan0 CTRL-EVENT-BSS-REMOVED 5310 d0:c2:82:af:39:a2]
01-02 06:08:04.786910   775  4481 D WifiMonitor: iface wlan0
01-02 06:08:04.786925   775  4481 D WifiHW  : enter -->wifi_wait_on_socket buflen=2048
01-02 06:08:04.786928   775  4481 D WifiHW  : enter -->wifi_ctrl_recv
01-02 06:08:04.786937   775  4481 D WifiHW  : [1] get event: IFNAME=wlan0 <3>CTRL-EVENT-BSS-REMOVED 5307 c8:f9:f9:a6:11:7d
01-02 06:08:04.786941   775  4481 D WifiHW  : [2] get event: IFNAME=wlan0 CTRL-EVENT-BSS-REMOVED 5307 c8:f9:f9:a6:11:7d
01-02 06:08:04.786968   775  4481 D WifiMonitor: Event [IFNAME=wlan0 CTRL-EVENT-BSS-REMOVED 5307 c8:f9:f9:a6:11:7d]
01-02 06:08:04.786979   775  4481 D WifiMonitor: iface wlan0
01-02 06:08:04.786994   775  4481 D WifiHW  : enter -->wifi_wait_on_socket buflen=2048
01-02 06:08:04.786997   775  4481 D WifiHW  : enter -->wifi_ctrl_recv
01-02 06:08:04.787005   775  4481 D WifiHW  : [1] get event: IFNAME=wlan0 <3>CTRL-EVENT-BSS-REMOVED 5308 c8:f9:f9:a6:11:7b
01-02 06:08:04.787010   775  4481 D WifiHW  : [2] get event: IFNAME=wlan0 CTRL-EVENT-BSS-REMOVED 5308 c8:f9:f9:a6:11:7b
01-02 06:08:04.787037   775  4481 D WifiMonitor: Event [IFNAME=wlan0 CTRL-EVENT-BSS-REMOVED 5308 c8:f9:f9:a6:11:7b]
01-02 06:08:04.787048   775  4481 D WifiMonitor: iface wlan0
01-02 06:08:04.787062   775  4481 D WifiHW  : enter -->wifi_wait_on_socket buflen=2048
01-02 06:08:04.787066   775  4481 D WifiHW  : enter -->wifi_ctrl_recv
01-02 06:08:04.787074   775  4481 D WifiHW  : [1] get event: IFNAME=wlan0 <3>CTRL-EVENT-BSS-REMOVED 5312 d0:c2:82:af:39:ad
01-02 06:08:04.787079   775  4481 D WifiHW  : [2] get event: IFNAME=wlan0 CTRL-EVENT-BSS-REMOVED 5312 d0:c2:82:af:39:ad
01-02 06:08:04.787106   775  4481 D WifiMonitor: Event [IFNAME=wlan0 CTRL-EVENT-BSS-REMOVED 5312 d0:c2:82:af:39:ad]
01-02 06:08:04.787117   775  4481 D WifiMonitor: iface wlan0
01-02 06:08:04.787140   775  4481 D WifiHW  : enter -->wifi_wait_on_socket buflen=2048
01-02 06:08:04.787144   775  4481 D WifiHW  : enter -->wifi_ctrl_recv
01-02 06:08:04.787152   775  4481 D WifiHW  : [1] get event: IFNAME=wlan0 <3>CTRL-EVENT-BSS-REMOVED 5311 d0:c2:82:af:39:ab
01-02 06:08:04.787157   775  4481 D WifiHW  : [2] get event: IFNAME=wlan0 CTRL-EVENT-BSS-REMOVED 5311 d0:c2:82:af:39:ab
01-02 06:08:04.787185   775  4481 D WifiMonitor: Event [IFNAME=wlan0 CTRL-EVENT-BSS-REMOVED 5311 d0:c2:82:af:39:ab]
01-02 06:08:04.787195   775  4481 D WifiMonitor: iface wlan0
01-02 06:08:04.787209   775  4481 D WifiHW  : enter -->wifi_wait_on_socket buflen=2048
01-02 06:08:04.787213   775  4481 D WifiHW  : enter -->wifi_ctrl_recv
01-02 06:08:04.787221   775  4481 D WifiHW  : [1] get event: IFNAME=wlan0 <3>CTRL-EVENT-BSS-REMOVED 5313 b8:62:1f:44:88:92
01-02 06:08:04.787226   775  4481 D WifiHW  : [2] get event: IFNAME=wlan0 CTRL-EVENT-BSS-REMOVED 5313 b8:62:1f:44:88:92
01-02 06:08:04.787253   775  4481 D WifiMonitor: Event [IFNAME=wlan0 CTRL-EVENT-BSS-REMOVED 5313 b8:62:1f:44:88:92]
01-02 06:08:04.787264   775  4481 D WifiMonitor: iface wlan0
01-02 06:08:04.787278   775  4481 D WifiHW  : enter -->wifi_wait_on_socket buflen=2048
01-02 06:08:04.787282   775  4481 D WifiHW  : enter -->wifi_ctrl_recv
01-02 06:08:04.787290   775  4481 D WifiHW  : [1] get event: IFNAME=wlan0 <3>CTRL-EVENT-BSS-REMOVED 5314 b8:62:1f:44:88:94
01-02 06:08:04.787295   775  4481 D WifiHW  : [2] get event: IFNAME=wlan0 CTRL-EVENT-BSS-REMOVED 5314 b8:62:1f:44:88:94
01-02 06:08:04.787322   775  4481 D WifiMonitor: Event [IFNAME=wlan0 CTRL-EVENT-BSS-REMOVED 5314 b8:62:1f:44:88:94]
01-02 06:08:04.787332   775  4481 D WifiMonitor: iface wlan0
01-02 06:08:04.787347   775  4481 D WifiHW  : enter -->wifi_wait_on_socket buflen=2048
01-02 06:08:04.787351   775  4481 D WifiHW  : enter -->wifi_ctrl_recv
01-02 06:08:04.787359   775  4481 D WifiHW  : [1] get event: IFNAME=wlan0 <3>CTRL-EVENT-BSS-REMOVED 5315 b8:62:1f:1c:63:72
01-02 06:08:04.787363   775  4481 D WifiHW  : [2] get event: IFNAME=wlan0 CTRL-EVENT-BSS-REMOVED 5315 b8:62:1f:1c:63:72
01-02 06:08:04.787391   775  4481 D WifiMonitor: Event [IFNAME=wlan0 CTRL-EVENT-BSS-REMOVED 5315 b8:62:1f:1c:63:72]
01-02 06:08:04.787401   775  4481 D WifiMonitor: iface wlan0
01-02 06:08:04.787416   775  4481 D WifiHW  : enter -->wifi_wait_on_socket buflen=2048
01-02 06:08:04.787420   775  4481 D WifiHW  : enter -->wifi_ctrl_recv
01-02 06:08:04.787428   775  4481 D WifiHW  : [1] get event: IFNAME=wlan0 <3>CTRL-EVENT-BSS-REMOVED 5322 f0:7f:06:66:1f:92
01-02 06:08:04.787433   775  4481 D WifiHW  : [2] get event: IFNAME=wlan0 CTRL-EVENT-BSS-REMOVED 5322 f0:7f:06:66:1f:92
01-02 06:08:04.787460   775  4481 D WifiMonitor: Event [IFNAME=wlan0 CTRL-EVENT-BSS-REMOVED 5322 f0:7f:06:66:1f:92]
01-02 06:08:04.787470   775  4481 D WifiMonitor: iface wlan0
01-02 06:08:04.787485   775  4481 D WifiHW  : enter -->wifi_wait_on_socket buflen=2048
01-02 06:08:04.787488   775  4481 D WifiHW  : enter -->wifi_ctrl_recv
01-02 06:08:04.795016   235   235 I BufferQueue: [com.mediatek.mtklogger/com.mediatek.mtklogger.settings.MobileLogSettings](this:0xb8aa99e0,id:133,api:1,p:-1,c:-1) consumerDisconnect
01-02 06:08:04.795159   235   235 I BufferQueue: [com.mediatek.mtklogger/com.mediatek.mtklogger.settings.MobileLogSettings](this:0xb8aa99e0,id:133,api:1,p:-1,c:-1) ~BufferQueue
01-02 06:08:04.795321   235   235 D GraphicBuffer: free, handle(0xb8a71b70) (w:720 h:1280 s:720 f:0x1 u:0x000900)
01-02 06:08:04.795858   775   791 V Provider/Settings: get setting for user 0 by user 0 so skipping cache
01-02 06:08:04.795890   775   791 V Provider/Settings:  from settings cache , name = full_screen_expand_statusbar , value = 1
01-02 06:08:04.950865   897  1097 V Provider/Settings: get setting for user 0 by user 0 so skipping cache
01-02 06:08:04.950948   897  1097 V Provider/Settings:  from settings cache , name = full_screen_expand_statusbar , value = 1
01-02 06:08:04.951855   897  1097 V Provider/Settings: get setting for user 0 by user 0 so skipping cache
01-02 06:08:04.951921   897  1097 V Provider/Settings:  from settings cache , name = full_screen_expand_statusbar , value = 1
01-02 06:08:04.967636   775   992 D AES     : AEEIOCTL_RT_MON_Kick IOCTL,lParam=0. 
01-02 06:08:04.967953   775   792 D InputReader: InputReader::monitor: lock
01-02 06:08:04.968007   775   792 D InputReader: InputReader::monitor: wait 
01-02 06:08:04.968093   775   792 D InputReader: InputReader::monitor: unlock
01-02 06:08:04.968108   775   792 D InputReader: InputReader::monitor: done
01-02 06:08:05.305958   775  1099 D BatteryService: mBatteryVoltage=3840, batteryLevel=50
01-02 06:08:05.306403   775  1099 V Provider/Settings: get setting for user 0 by user 0 so skipping cache
01-02 06:08:05.306478   775  1099 V Provider/Settings:  from settings cache , name = BatteryCalistatus , value = 0
01-02 06:08:05.309217   897   897 D PowerUI : action = android.intent.action.BATTERY_CHANGED
01-02 06:08:05.309297   897   897 D PowerUI : Intent start() ret = false mHideLowBDialog= true
01-02 06:08:05.309584   897   897 D PowerUI : oldBatteryLevel = 57mBatteryLevel = 57
01-02 06:08:05.311758   867   867 I lenovokeyguard.log: (867.0/main/1.5)[LenovoAdapterMtk]{mBroadcastReceiver.onReceive}<Context com.lenovo.keyguard.app.KeyguardApplication@425f7070><Intent #Intent;action=android.intent.action.BATTERY_CHANGED;launchFlags=0x60000010;S.technology=Li-ion;i.Icharging=0;i.level_2nd=50;i.icon-small=17302934;B.present_2nd=false;i.health=2;i.status=4;i.plugged=0;B.present=true;i.level=57;i.scale=100;i.status_2nd=4;i.temperature=200;i.voltage=3840;i.invalid_charger=0;end>
01-02 06:08:05.312126  2575  4454 D HeadsetStateMachine: Disconnected process message: 10
01-02 06:08:05.313417   897   897 I PowerUI : mBatteryStatus=4,plugged=false,isShowNoti=false
01-02 06:08:05.313622   897   897 D StatusBar.BatteryController: BatteryController onReceive action is android.intent.action.BATTERY_CHANGED
01-02 06:08:05.313952   897   897 D StatusBar.BatteryController: status_protection = 4
01-02 06:08:05.314046   897   897 D StatusBar.BatteryController: plugged is false fulled is false mBatteryProtection = true  R.drawable.stat_sys_battery_charge is 2130838447 R.drawable.stat_sys_battery is 2130838430  icon is 2130838430
01-02 06:08:05.314368   897   897 D StatusBar.BatteryController: mBatteryPercentage is 57 mShouldShowBatteryPercentage is false mLabelViews.size() 1
01-02 06:08:05.314518   897   897 D BatteryInfoReceiver: onReceive action:android.intent.action.BATTERY_CHANGED
01-02 06:08:05.314812   897   897 I BatteryInfoReceiver: battery_quick_charge = false
01-02 06:08:05.314842   897   897 I BatteryInfoReceiver: NOT CHARGE
01-02 06:08:05.451260   897  1484 V Provider/Settings: get setting for user 0 by user 0 so skipping cache
01-02 06:08:05.451342   897  1484 V Provider/Settings:  from settings cache , name = full_screen_expand_statusbar , value = 1
01-02 06:08:05.452232   897  1484 V Provider/Settings: get setting for user 0 by user 0 so skipping cache
01-02 06:08:05.452299   897  1484 V Provider/Settings:  from settings cache , name = full_screen_expand_statusbar , value = 1
01-02 06:08:05.559164   775   835 D WifiStateMachine: DisconnectedState{ when=-1ms what=131143 arg1=-1 target=com.android.internal.util.StateMachine$SmHandler target=Handler (com.android.internal.util.StateMachine$SmHandler) {42d3bf90} }
01-02 06:08:05.559500   775   835 D WifiStateMachine: ConnectModeState{ when=-1ms what=131143 arg1=-1 target=com.android.internal.util.StateMachine$SmHandler target=Handler (com.android.internal.util.StateMachine$SmHandler) {42d3bf90} }
01-02 06:08:05.559660   775   835 D WifiStateMachine: DriverStartedState{ when=-1ms what=131143 arg1=-1 target=com.android.internal.util.StateMachine$SmHandler target=Handler (com.android.internal.util.StateMachine$SmHandler) {42d3bf90} }
01-02 06:08:05.560431   775   835 D wifi    : doBooleanCommand IFNAME=wlan0 SCAN
01-02 06:08:05.560459   775   835 D WifiHW  : enter -->wifi_send_command cmd=IFNAME=wlan0 SCAN
01-02 06:08:05.560655  4473  4473 D wpa_supplicant: RX ctrl_iface - hexdump(len=4): 53 43 41 4e
01-02 06:08:05.560676  4473  4473 D wpa_supplicant: wlan0: Control interface command 'SCAN'
01-02 06:08:05.560718  4473  4473 D wpa_supplicant: hw.num_modes = 3
01-02 06:08:05.560736  4473  4473 D wpa_supplicant: wlan0: Setting scan request: 0 sec 0 usec
01-02 06:08:05.560868  4473  4473 D wpa_supplicant: wlan0: Starting AP scan for wildcard SSID
01-02 06:08:05.560885  4473  4473 D wpa_supplicant: WPS: Building WPS IE for Probe Request
01-02 06:08:05.560890   775   835 D wpa_ctrl: reply_len=4095
01-02 06:08:05.560898  4473  4473 D wpa_supplicant: WPS:  * Version (hardcoded 0x10)
01-02 06:08:05.560908  4473  4473 D wpa_supplicant: WPS:  * Request Type
01-02 06:08:05.560919   775   835 D WifiHW  : leave --> reply=OK
01-02 06:08:05.560919   775   835 D WifiHW  : 
01-02 06:08:05.560920  4473  4473 D wpa_supplicant: WPS:  * Config Methods (4288)
01-02 06:08:05.560932  4473  4473 D wpa_supplicant: WPS:  * UUID-E
01-02 06:08:05.560943  4473  4473 D wpa_supplicant: WPS:  * Primary Device Type
01-02 06:08:05.560953  4473  4473 D wpa_supplicant: WPS:  * RF Bands (3)
01-02 06:08:05.560963  4473  4473 D wpa_supplicant: WPS:  * Association State
01-02 06:08:05.560973  4473  4473 D wpa_supplicant: WPS:  * Configuration Error (0)
01-02 06:08:05.560984  4473  4473 D wpa_supplicant: WPS:  * Device Password ID (0)
01-02 06:08:05.560993  4473  4473 D wpa_supplicant: WPS:  * Manufacturer
01-02 06:08:05.561004  4473  4473 D wpa_supplicant: WPS:  * Model Name
01-02 06:08:05.561013  4473  4473 D wpa_supplicant: WPS:  * Model Number
01-02 06:08:05.561024  4473  4473 D wpa_supplicant: WPS:  * Device Name
01-02 06:08:05.561035  4473  4473 D wpa_supplicant: WPS:  * Version2 (0x20)
01-02 06:08:05.561056  4473  4473 D wpa_supplicant: P2P: * P2P IE header
01-02 06:08:05.561069  4473  4473 D wpa_supplicant: P2P: * Capability dev=25 group=00
01-02 06:08:05.561084  4473  4473 D wpa_supplicant: P2P: * Listen Channel: Regulatory Class 81 Channel 11
01-02 06:08:05.561101  4473  4473 D wpa_supplicant: wlan0: nl80211: scan request
01-02 06:08:05.561128  4473  4473 D wpa_supplicant: nl80211: Scan SSID - hexdump(len=0): [NULL]
01-02 06:08:05.561183  4473  4473 D wpa_supplicant: nl80211: Scan extra IEs - hexdump(len=163): dd 8e 00 50 f2 04 10 4a 00 01 10 10 3a 00 01 00 10 08 00 02 42 88 10 47 00 10 44 7e 64 b2 f1 84 ...
01-02 06:08:05.561672   276   276 D [BT3.0+HS]PAL: == chip_reset_fd is set ==
01-02 06:08:05.561683  4473  4473 D wpa_supplicant: Scan requested (ret=0) - scan timeout 30 seconds
01-02 06:08:05.561684   276   276 D [BT3.0+HS]PAL: 
01-02 06:08:05.561708   276   276 D [BT3.0+HS]PAL: invalid reply message
01-02 06:08:05.561718   276   276 D [BT3.0+HS]PAL: 
01-02 06:08:05.561745  4473  4473 D wpa_supplicant: nl80211: Event message available
01-02 06:08:05.561783  4473  4473 D wpa_supplicant: nl80211: Drv Event 33 (NL80211_CMD_TRIGGER_SCAN) received for wlan0
01-02 06:08:05.561800  4473  4473 D wpa_supplicant: wlan0: nl80211: Scan trigger
01-02 06:08:05.642935   235  3123 I BufferQueue: [com.mediatek.mtklogger/com.mediatek.mtklogger.settings.SettingsActivity](this:0xb8a9ab00,id:134,api:1,p:4540,c:235) queueBuffer: fps=0.84 dur=1190.56 max=1190.56 min=1190.56
01-02 06:08:05.643187   235   472 I BufferQueue: [com.mediatek.mtklogger/com.mediatek.mtklogger.settings.SettingsActivity](this:0xb8a9ab00,id:134,api:1,p:4540,c:235) new GraphicBuffer needed
01-02 06:08:05.643223   235   472 I [MALI][Gralloc]: [MTK]GRALLOC enter alloc_device_alloc()! pHandle=0x0xb8b0450c
01-02 06:08:05.643246   235   472 I [MALI][Gralloc]: usage: 0x900, format: 0x1 stride: 720 vertical_stride: 1280 size: 3686400
01-02 06:08:05.643258   235   472 I [MALI][Gralloc]: [MTK]GRALLOC ready to go ion alloc arrrrrrrrr!!!! pHandle=0x0xb8b0450c
01-02 06:08:05.644195   235   472 D GraphicBuffer: alloc, handle(0xb8ad5cc0) (w:720 h:1280 s:720 f:0x1 u:0x000900) err(0)
01-02 06:08:05.644230   235   472 W GraphicBufferExtra_hal: gralloc extra device setBufInfo(...) is not supported
01-02 06:08:05.645443  4540  4540 D GraphicBuffer: register, handle(0x67a861b8) (w:720 h:1280 s:720 f:0x1 u:0x000900)
01-02 06:08:05.653900   235   235 I SurfaceFlinger: [Built-in Screen (type:0)] fps:19.025928,dur:1208.88,max:857.96,min:13.19
01-02 06:08:05.657874   235  3123 I BufferQueue: [com.mediatek.mtklogger/com.mediatek.mtklogger.settings.SettingsActivity](this:0xb8a9ab00,id:134,api:1,p:4540,c:235) new GraphicBuffer needed
01-02 06:08:05.657918   235  3123 I [MALI][Gralloc]: [MTK]GRALLOC enter alloc_device_alloc()! pHandle=0x0xb8ad632c
01-02 06:08:05.657942   235  3123 I [MALI][Gralloc]: usage: 0x900, format: 0x1 stride: 720 vertical_stride: 1280 size: 3686400
01-02 06:08:05.657955   235  3123 I [MALI][Gralloc]: [MTK]GRALLOC ready to go ion alloc arrrrrrrrr!!!! pHandle=0x0xb8ad632c
01-02 06:08:05.659071   235  3123 D GraphicBuffer: alloc, handle(0xb8b563b0) (w:720 h:1280 s:720 f:0x1 u:0x000900) err(0)
01-02 06:08:05.659600   235  3123 W GraphicBufferExtra_hal: gralloc extra device setBufInfo(...) is not supported
01-02 06:08:05.660528  4540  4540 D GraphicBuffer: register, handle(0x680c3be0) (w:720 h:1280 s:720 f:0x1 u:0x000900)
01-02 06:08:05.904816   775   827 D InputReader: AP_PROF:AppLaunch_dispatchPtr:Down:26024461, ID:0, Index:1732617960
01-02 06:08:05.904940   775   827 I AP_PROF : unable to open /proc/mtprof/status entry
01-02 06:08:05.904970   775   827 D InputReader: dispatchTouches:: areaValue=1000
01-02 06:08:05.904986   775   827 D InputReader: [JX] dispatchMotion action:0 
01-02 06:08:05.905252   775   826 I PerfService: PerfServiceNative_boostEnable:5
01-02 06:08:05.906590  4540  4540 I View    : Touch down dispatch to android.widget.Switch{429f6458 V.ED..C. ........ 0,10-280,117 #1020300 android:id/switchWidget}, event = MotionEvent { action=ACTION_DOWN, id[0]=0, x[0]=168.22748, y[0]=78.66354, Xw[0]=19.0, Yw[0]=19.0, toolType[0]=TOOL_TYPE_FINGER, buttonState=0, metaState=0, flags=0x0, edgeFlags=0x0, pointerCount=1, historySize=0, eventTime=26024461, downTime=26024461, deviceId=2, source=0x1002 }
01-02 06:08:05.909471   775   851 D PerfServiceManager: [PerfService] MESSAGE_BOOST_ENABLE 
01-02 06:08:05.909576   775   851 I libPerfService: 5: set freq: 1690000
01-02 06:08:05.916114   775   851 I libPerfService: 5: set: 2
01-02 06:08:05.951049   897  1367 V Provider/Settings: get setting for user 0 by user 0 so skipping cache
01-02 06:08:05.951081   897  1367 V Provider/Settings:  from settings cache , name = full_screen_expand_statusbar , value = 1
01-02 06:08:05.951466   897  1367 V Provider/Settings: get setting for user 0 by user 0 so skipping cache
01-02 06:08:05.951485   897  1367 V Provider/Settings:  from settings cache , name = full_screen_expand_statusbar , value = 1
01-02 06:08:05.956901   775   827 D InputReader: [JX] dispatchMotion action:2 
01-02 06:08:05.967502   775   827 D InputReader: [JX] dispatchMotion action:2 
01-02 06:08:05.977378   775   827 D InputReader: AP_PROF:AppLaunch_dispatchPtr:Up:26024534, ID:0, Index:1732619256
01-02 06:08:05.977385   775   827 D InputReader: [JX] dispatchMotion action:1 
01-02 06:08:05.977448   775   826 I PerfService: PerfServiceNative_boostEnableTimeout:5, 3
01-02 06:08:05.977772   775   851 D PerfServiceManager: [PerfService] MESSAGE_BOOST_ENABLE_TIMEOUT 
01-02 06:08:05.977938  4540  4540 D AbsListView: reportScrollStateChange: newState=0, mLastScrollState=0, mOnScrollListener=null, mScrollY=0, mTouchMode=-1, mFirstPosition=0
01-02 06:08:05.978071  4540  4540 I View    : Touch up dispatch to android.widget.Switch{429f6458 V.ED..C. ...p.... 0,10-280,117 #1020300 android:id/switchWidget}, event = MotionEvent { action=ACTION_UP, id[0]=0, x[0]=171.22333, y[0]=75.66589, Xw[0]=19.0, Yw[0]=19.0, toolType[0]=TOOL_TYPE_FINGER, buttonState=0, metaState=0, flags=0x0, edgeFlags=0x0, pointerCount=1, historySize=0, eventTime=26024534, downTime=26024461, deviceId=2, source=0x1002 }
01-02 06:08:06.004850  4540  4540 D ListView: mSelectorRect.setEmpty in layoutChildren this=android.widget.ListView{42992ca8 VFED.VC. .F....ID 0,0-720,1134 #102000a android:id/list}
01-02 06:08:06.266032   775   827 D InputReader: AP_PROF:AppLaunch_dispatchPtr:Down:26024823, ID:0, Index:1732617960
01-02 06:08:06.266118   775   827 I AP_PROF : unable to open /proc/mtprof/status entry
01-02 06:08:06.266130   775   827 D InputReader: dispatchTouches:: areaValue=1000
01-02 06:08:06.266135   775   827 D InputReader: [JX] dispatchMotion action:0 
01-02 06:08:06.266231   775   826 I PerfService: PerfServiceNative_boostEnable:5
01-02 06:08:06.266391   775   851 D PerfServiceManager: [PerfService] MESSAGE_BOOST_ENABLE 
01-02 06:08:06.266792  4540  4540 I View    : Touch down dispatch to android.widget.Switch{429fbdc8 V.ED..C. ........ 0,10-280,117 #1020300 android:id/switchWidget}, event = MotionEvent { action=ACTION_DOWN, id[0]=0, x[0]=199.18451, y[0]=47.586243, Xw[0]=16.0, Yw[0]=16.0, toolType[0]=TOOL_TYPE_FINGER, buttonState=0, metaState=0, flags=0x0, edgeFlags=0x0, pointerCount=1, historySize=0, eventTime=26024823, downTime=26024823, deviceId=2, source=0x1002 }
01-02 06:08:06.340014   775   827 D InputReader: AP_PROF:AppLaunch_dispatchPtr:Up:26024897, ID:0, Index:1732619256
01-02 06:08:06.340021   775   827 D InputReader: [JX] dispatchMotion action:1 
01-02 06:08:06.340091   775   826 I PerfService: PerfServiceNative_boostEnableTimeout:5, 3
01-02 06:08:06.340327   775   851 D PerfServiceManager: [PerfService] MESSAGE_BOOST_ENABLE_TIMEOUT 
01-02 06:08:06.340550  4540  4540 D AbsListView: reportScrollStateChange: newState=0, mLastScrollState=0, mOnScrollListener=null, mScrollY=0, mTouchMode=-1, mFirstPosition=0
01-02 06:08:06.340687  4540  4540 I View    : Touch up dispatch to android.widget.Switch{429fbdc8 V.ED..C. ...p.... 0,10-280,117 #1020300 android:id/switchWidget}, event = MotionEvent { action=ACTION_UP, id[0]=0, x[0]=199.18451, y[0]=47.586243, Xw[0]=16.0, Yw[0]=16.0, toolType[0]=TOOL_TYPE_FINGER, buttonState=0, metaState=0, flags=0x0, edgeFlags=0x0, pointerCount=1, historySize=0, eventTime=26024897, downTime=26024823, deviceId=2, source=0x1002 }
01-02 06:08:06.363108 11417 11425 D jdwp    : Can't connect to ADB control socket:Connection refused
01-02 06:08:06.369723  4540  4540 D ListView: mSelectorRect.setEmpty in layoutChildren this=android.widget.ListView{42992ca8 VFED.VC. .F....ID 0,0-720,1134 #102000a android:id/list}
01-02 06:08:06.451213   897  1276 V Provider/Settings: get setting for user 0 by user 0 so skipping cache
01-02 06:08:06.451245   897  1276 V Provider/Settings:  from settings cache , name = full_screen_expand_statusbar , value = 1
01-02 06:08:06.451643   897  1276 V Provider/Settings: get setting for user 0 by user 0 so skipping cache
01-02 06:08:06.451665   897  1276 V Provider/Settings:  from settings cache , name = full_screen_expand_statusbar , value = 1
01-02 06:08:06.765740  1778  1790 D jdwp    : Can't connect to ADB control socket:Connection refused
01-02 06:08:06.951330   897  1558 V Provider/Settings: get setting for user 0 by user 0 so skipping cache
01-02 06:08:06.951362   897  1558 V Provider/Settings:  from settings cache , name = full_screen_expand_statusbar , value = 1
01-02 06:08:06.951752   897  1558 V Provider/Settings: get setting for user 0 by user 0 so skipping cache
01-02 06:08:06.951773   897  1558 V Provider/Settings:  from settings cache , name = full_screen_expand_statusbar , value = 1
01-02 06:08:07.320981   775   827 D InputReader: AP_PROF:AppLaunch_dispatchPtr:Down:26025878, ID:0, Index:1732617960
01-02 06:08:07.321072   775   827 I AP_PROF : unable to open /proc/mtprof/status entry
01-02 06:08:07.321083   775   827 D InputReader: dispatchTouches:: areaValue=1000
01-02 06:08:07.321088   775   827 D InputReader: [JX] dispatchMotion action:0 
01-02 06:08:07.321184   775   826 I PerfService: PerfServiceNative_boostEnable:5
01-02 06:08:07.321340   775   851 D PerfServiceManager: [PerfService] MESSAGE_BOOST_ENABLE 
01-02 06:08:07.321793  4540  4540 I View    : Touch down dispatch to android.widget.ImageView{42984108 V.ED.... ........ 8,16-72,80 #102002c android:id/home}, event = MotionEvent { action=ACTION_DOWN, id[0]=0, x[0]=45.901527, y[0]=25.928185, Xw[0]=17.0, Yw[0]=17.0, toolType[0]=TOOL_TYPE_FINGER, buttonState=0, metaState=0, flags=0x0, edgeFlags=0x0, pointerCount=1, historySize=0, eventTime=26025878, downTime=26025878, deviceId=2, source=0x1002 }
01-02 06:08:07.321867  4540  4540 I View    : Touch down dispatch to com.android.internal.widget.ActionBarView$HomeView{42983708 V.E..... ........ 0,0-80,96}, event = MotionEvent { action=ACTION_DOWN, id[0]=0, x[0]=53.901527, y[0]=41.928185, Xw[0]=17.0, Yw[0]=17.0, toolType[0]=TOOL_TYPE_FINGER, buttonState=0, metaState=0, flags=0x0, edgeFlags=0x0, pointerCount=1, historySize=0, eventTime=26025878, downTime=26025878, deviceId=2, source=0x1002 }
01-02 06:08:07.321934  4540  4540 I View    : Touch down dispatch to android.widget.LinearLayout{42982510 V.....C. ........ 17,0-244,96}, event = MotionEvent { action=ACTION_DOWN, id[0]=0, x[0]=53.901527, y[0]=41.928185, Xw[0]=17.0, Yw[0]=17.0, toolType[0]=TOOL_TYPE_FINGER, buttonState=0, metaState=0, flags=0x0, edgeFlags=0x0, pointerCount=1, historySize=0, eventTime=26025878, downTime=26025878, deviceId=2, source=0x1002 }
01-02 06:08:07.342359   775   827 D InputReader: [JX] dispatchMotion action:2 
01-02 06:08:07.362703   775   827 D InputReader: AP_PROF:AppLaunch_dispatchPtr:Up:26025919, ID:0, Index:1732619256
01-02 06:08:07.362711   775   827 D InputReader: [JX] dispatchMotion action:1 
01-02 06:08:07.362775   775   826 I PerfService: PerfServiceNative_boostEnableTimeout:5, 3
01-02 06:08:07.362927   775   851 D PerfServiceManager: [PerfService] MESSAGE_BOOST_ENABLE_TIMEOUT 
01-02 06:08:07.363213  4540  4540 I View    : Touch up dispatch to android.widget.LinearLayout{42982510 V.....C. ........ 17,0-244,96}, event = MotionEvent { action=ACTION_UP, id[0]=0, x[0]=54.90014, y[0]=41.928185, Xw[0]=17.0, Yw[0]=17.0, toolType[0]=TOOL_TYPE_FINGER, buttonState=0, metaState=0, flags=0x0, edgeFlags=0x0, pointerCount=1, historySize=0, eventTime=26025919, downTime=26025878, deviceId=2, source=0x1002 }
01-02 06:08:07.451468   897  1718 V Provider/Settings: get setting for user 0 by user 0 so skipping cache
01-02 06:08:07.451499   897  1718 V Provider/Settings:  from settings cache , name = full_screen_expand_statusbar , value = 1
01-02 06:08:07.451854   897  1718 V Provider/Settings: get setting for user 0 by user 0 so skipping cache
01-02 06:08:07.451875   897  1718 V Provider/Settings:  from settings cache , name = full_screen_expand_statusbar , value = 1
01-02 06:08:07.951595   897  1603 V Provider/Settings: get setting for user 0 by user 0 so skipping cache
01-02 06:08:07.951627   897  1603 V Provider/Settings:  from settings cache , name = full_screen_expand_statusbar , value = 1
01-02 06:08:07.952007   897  1603 V Provider/Settings: get setting for user 0 by user 0 so skipping cache
01-02 06:08:07.952028   897  1603 V Provider/Settings:  from settings cache , name = full_screen_expand_statusbar , value = 1
01-02 06:08:08.023817   775   827 V Provider/Settings: get setting for user -2 by user 0 so skipping cache
01-02 06:08:08.023836   775   827 V Provider/Settings: get setting for user -2 by user 0 so skipping cache
01-02 06:08:08.023980   775   827 D SettingsProvider: lookupValue table system cache contains Key haptic_feedback_enabled , value = Bundle[{value=1}]
01-02 06:08:08.024000   775   827 V Provider/Settings: from db cache, name = haptic_feedback_enabled , value = 1
01-02 06:08:08.024016   775   827 I Provider/Settings: call-query of user -2 by 0 so not updating cache
01-02 06:08:08.024319   775   827 D AppOps  : startOperation: allowing code 3 uid 1000 package android
01-02 06:08:08.024721   775   827 D dalvikvm: create interp thread : stack size=128KB
01-02 06:08:08.024756   775   827 D dalvikvm: create new thread
01-02 06:08:08.024839   775   827 D dalvikvm: new thread created
01-02 06:08:08.024843   775   827 D dalvikvm: update thread list
01-02 06:08:08.024866   775 11490 D dalvikvm: threadid=83: interp stack at 0x6d349000
01-02 06:08:08.024875   775 11490 D dalvikvm: threadid=83: created from interp
01-02 06:08:08.024889   775   827 D dalvikvm: start new thread
01-02 06:08:08.024902   775 11490 D dalvikvm: threadid=83: notify debugger
01-02 06:08:08.024912   775 11490 D dalvikvm: threadid=83 (Thread-650): calling run()
01-02 06:08:08.024947   775   827 D WindowManager: interceptKeyTq: result=1 keycode=4 screenIsOn=true keyguardActive=false policyFlags = #2000100 down =true canceled = false isWakeKey=false mVolumeDownKeyTriggered =false mVolumeUpKeyTriggered =false
01-02 06:08:08.025654   775   826 D WindowManager: interceptKeyTi keyCode=4 down=true repeatCount=0 keyguardOn=false mHomePressed=false canceled=false metaState:0
01-02 06:08:08.026127  4540  4540 I View    : Key down dispatch to android.widget.ListView{42992ca8 VFED.VC. .F...... 0,0-720,1134 #102000a android:id/list}, event = KeyEvent { action=ACTION_DOWN, keyCode=KEYCODE_BACK, scanCode=158, metaState=0, flags=0x48, repeatCount=0, eventTime=26026580, downTime=26026580, deviceId=2, source=0x101 }
01-02 06:08:08.065652   775 11490 D dalvikvm: threadid=83: exiting
01-02 06:08:08.065780   775 11490 D dalvikvm: threadid=83: bye!
01-02 06:08:08.066220   775   827 I WindowManager: pressTime=43
01-02 06:08:08.066256   775   827 D WindowManager: interceptKeyTq: result=1 keycode=4 screenIsOn=true keyguardActive=false policyFlags = #2000100 down =false canceled = false isWakeKey=false mVolumeDownKeyTriggered =false mVolumeUpKeyTriggered =false
01-02 06:08:08.066544   775   826 D WindowManager: interceptKeyTi keyCode=4 down=false repeatCount=0 keyguardOn=false mHomePressed=false canceled=false metaState:0
01-02 06:08:08.067802   775  1176 I BufferQueue: [unnamed-775-34](this:0x69eba9f8,id:34,api:0,p:-1,c:-1) BufferQueue queue=(775:system_server)
01-02 06:08:08.067986   775  1176 I BufferQueue: [unnamed-775-34](this:0x69eba9f8,id:34,api:0,p:-1,c:775) consumerConnect consumer=(775:system_server) controlledByApp=false
01-02 06:08:08.067997   775  1176 I BufferQueue: [unnamed-775-34](this:0x69eba9f8,id:34,api:0,p:-1,c:775) setConsumerName: unnamed-775-34
01-02 06:08:08.068011   775  1176 I BufferQueue: [ScreenshotClient](this:0x69eba9f8,id:34,api:0,p:-1,c:775) setConsumerName: ScreenshotClient
01-02 06:08:08.068373   775  1176 I BufferQueue: [ScreenshotClient](this:0x69eba9f8,id:34,api:1,p:235,c:775) connect: api=1 producer=(235:/system/bin/surfaceflinger) producerControlledByApp=false
01-02 06:08:08.068464   775  1176 I BufferQueue: [ScreenshotClient](this:0x69eba9f8,id:34,api:1,p:235,c:775) new GraphicBuffer needed
01-02 06:08:08.068498   235   472 I [MALI][Gralloc]: [MTK]GRALLOC enter alloc_device_alloc()! pHandle=0x0xb8aedcdc
