01-02 06:07:57.115488  4540  4540 D jiayh2  : FontThemeManager createThemeFont typefacetype=2, curfontpath=/system/fonts/FangZhengLTH.ttf
01-02 06:07:57.115535  4540  4540 D jiayh2  : FontThemeManager createThemeFont typefacetype=2, curfontpath=/system/fonts/FangZhengLTH.ttf
01-02 06:07:57.115565  4540  4540 D jiayh2  : FontThemeManager createThemeFont typefacetype=2, curfontpath=/system/fonts/FangZhengLTH.ttf
01-02 06:07:57.118711  4540  4540 D jiayh2  : FontThemeManager createThemeFont typefacetype=2, curfontpath=/system/fonts/FangZhengLTH.ttf
01-02 06:07:57.118749  4540  4540 D jiayh2  : FontThemeManager createThemeFont typefacetype=2, curfontpath=/system/fonts/FangZhengLTH.ttf
01-02 06:07:57.118779  4540  4540 D jiayh2  : FontThemeManager createThemeFont typefacetype=2, curfontpath=/system/fonts/FangZhengLTH.ttf
01-02 06:07:57.121368  4540  4540 D jiayh2  : FontThemeManager createThemeFont typefacetype=2, curfontpath=/system/fonts/FangZhengLTH.ttf
01-02 06:07:57.121407  4540  4540 D jiayh2  : FontThemeManager createThemeFont typefacetype=2, curfontpath=/system/fonts/FangZhengLTH.ttf
01-02 06:07:57.124608  4540  4540 D jiayh2  : FontThemeManager createThemeFont typefacetype=2, curfontpath=/system/fonts/FangZhengLTH.ttf
01-02 06:07:57.124648  4540  4540 D jiayh2  : FontThemeManager createThemeFont typefacetype=2, curfontpath=/system/fonts/FangZhengLTH.ttf
01-02 06:07:57.129110  4540  4540 D jiayh2  : FontThemeManager createThemeFont typefacetype=2, curfontpath=/system/fonts/FangZhengLTH.ttf
01-02 06:07:57.129159  4540  4540 D jiayh2  : FontThemeManager createThemeFont typefacetype=2, curfontpath=/system/fonts/FangZhengLTH.ttf
01-02 06:07:57.129190  4540  4540 D jiayh2  : FontThemeManager createThemeFont typefacetype=2, curfontpath=/system/fonts/FangZhengLTH.ttf
01-02 06:07:57.131236  4540  4540 D ListView: mSelectorRect.setEmpty in layoutChildren this=android.widget.ListView{42a503d8 VFED.VC. .F....ID 0,0-720,1134 #102000a android:id/list}
01-02 06:07:57.149194   235   472 I BufferQueue: [com.mediatek.mtklogger/com.mediatek.mtklogger.settings.MobileLogSettings](this:0xb8aa99e0,id:133,api:1,p:4540,c:235) new GraphicBuffer needed
01-02 06:07:57.149213   235   472 I [MALI][Gralloc]: [MTK]GRALLOC enter alloc_device_alloc()! pHandle=0x0xb8ad60e4
01-02 06:07:57.149220   235   472 I [MALI][Gralloc]: usage: 0x900, format: 0x1 stride: 720 vertical_stride: 1280 size: 3686400
01-02 06:07:57.149224   235   472 I [MALI][Gralloc]: [MTK]GRALLOC ready to go ion alloc arrrrrrrrr!!!! pHandle=0x0xb8ad60e4
01-02 06:07:57.149503   235   472 D GraphicBuffer: alloc, handle(0xb8a71b70) (w:720 h:1280 s:720 f:0x1 u:0x000900) err(0)
01-02 06:07:57.149524   235   472 W GraphicBufferExtra_hal: gralloc extra device setBufInfo(...) is not supported
01-02 06:07:57.149845  4540  4540 D GraphicBuffer: register, handle(0x679cfb78) (w:720 h:1280 s:720 f:0x1 u:0x000900)
01-02 06:07:57.150581   775   791 V Provider/Settings: get setting for user 0 by user 0 so skipping cache
01-02 06:07:57.150616   775   791 V Provider/Settings:  from settings cache , name = full_screen_expand_statusbar , value = 1
01-02 06:07:57.151468   775   791 E CubicBezierInterpolator: ####:PointF(0.1, 0.8)
01-02 06:07:57.151490   775   791 E CubicBezierInterpolator: ####:PointF(0.5, 1.0)
01-02 06:07:57.153393   775   791 E CubicBezierInterpolator: ####:PointF(0.1, 0.8)
01-02 06:07:57.153417   775   791 E CubicBezierInterpolator: ####:PointF(0.5, 1.0)
01-02 06:07:57.154242  4540  4540 D AbsListView: onWindowFocusChanged: hasWindowFocus=true, this=android.widget.ListView{42a503d8 VFED.VC. .F....I. 0,0-720,1134 #102000a android:id/list}
01-02 06:07:57.155025   775   791 V Provider/Settings: get setting for user 0 by user 0 so skipping cache
01-02 06:07:57.155064   775   791 V Provider/Settings:  from settings cache , name = full_screen_expand_statusbar , value = 1
01-02 06:07:57.155628  4540  4540 V InputMethodManager: onWindowFocus: android.widget.ListView{42a503d8 VFED.VC. .F....ID 0,0-720,1134 #102000a android:id/list} softInputMode=272 first=true flags=#1810100
01-02 06:07:57.155728  4540  4540 V InputMethodManager: START INPUT: android.widget.ListView{42a503d8 VFED.VC. .F....ID 0,0-720,1134 #102000a android:id/list} ic=null tba=android.view.inputmethod.EditorInfo@42aac850 controlFlags=#105
01-02 06:07:57.156711   775   791 I ActivityManager: [AppLaunch] Displayed Displayed com.mediatek.mtklogger/.settings.MobileLogSettings: +98ms
01-02 06:07:57.156754   775   791 D ActivityManager: AP_PROF:AppLaunch_LaunchTime:com.mediatek.mtklogger/.settings.MobileLogSettings:98:26015713
01-02 06:07:57.161041   775   791 V Provider/Settings: get setting for user 0 by user 0 so skipping cache
01-02 06:07:57.161081   775   791 V Provider/Settings:  from settings cache , name = full_screen_expand_statusbar , value = 1
01-02 06:07:57.163700  4540  4540 D ListView: mSelectorRect.setEmpty in layoutChildren this=android.widget.ListView{42a503d8 VFED.VC. .F....ID 0,0-720,1134 #102000a android:id/list}
01-02 06:07:57.170828   235  1332 I BufferQueue: [com.mediatek.mtklogger/com.mediatek.mtklogger.settings.MobileLogSettings](this:0xb8aa99e0,id:133,api:1,p:4540,c:235) new GraphicBuffer needed
01-02 06:07:57.170846   235  1332 I [MALI][Gralloc]: [MTK]GRALLOC enter alloc_device_alloc()! pHandle=0x0xb8aaa21c
01-02 06:07:57.170853   235  1332 I [MALI][Gralloc]: usage: 0x900, format: 0x1 stride: 720 vertical_stride: 1280 size: 3686400
01-02 06:07:57.170857   235  1332 I [MALI][Gralloc]: [MTK]GRALLOC ready to go ion alloc arrrrrrrrr!!!! pHandle=0x0xb8aaa21c
01-02 06:07:57.171135   235  1332 D GraphicBuffer: alloc, handle(0xb8b17250) (w:720 h:1280 s:720 f:0x1 u:0x000900) err(0)
01-02 06:07:57.171147   235  1332 W GraphicBufferExtra_hal: gralloc extra device setBufInfo(...) is not supported
01-02 06:07:57.171464  4540  4540 D GraphicBuffer: register, handle(0x67827430) (w:720 h:1280 s:720 f:0x1 u:0x000900)
01-02 06:07:57.175767  4540  4540 D OpenGLRenderer: Flushing caches (mode 0)
01-02 06:07:57.176415   235   472 D BufferQueue: [com.mediatek.mtklogger/com.mediatek.mtklogger.settings.SettingsActivity](this:0xb8aeba20,id:132,api:1,p:4540,c:235) cancelBuffer: slot=3
01-02 06:07:57.176483  4540  4540 D GraphicBuffer: unregister, handle(0x678ba4d8) (w:720 h:1280 s:720 f:0x1 u:0x000900)
01-02 06:07:57.176850  4540  4540 D GraphicBuffer: unregister, handle(0x679bc688) (w:720 h:1280 s:720 f:0x1 u:0x000900)
01-02 06:07:57.176995  4540  4540 D GraphicBuffer: unregister, handle(0x67850f78) (w:720 h:1280 s:720 f:0x1 u:0x000900)
01-02 06:07:57.177118  4540  4540 D GraphicBuffer: unregister, handle(0x67a861b8) (w:720 h:1280 s:720 f:0x1 u:0x000900)
01-02 06:07:57.177295   235  1332 I BufferQueue: [com.mediatek.mtklogger/com.mediatek.mtklogger.settings.SettingsActivity](this:0xb8aeba20,id:132,api:1,p:-1,c:235) disconnect: api=1
01-02 06:07:57.177418   235  1332 I BufferQueue: [com.mediatek.mtklogger/com.mediatek.mtklogger.settings.SettingsActivity](this:0xb8aeba20,id:132,api:1,p:-1,c:235) getReleasedBuffers: returning mask 0xffffffff
01-02 06:07:57.177517   235  1332 D GraphicBuffer: free, handle(0xb8a77d18) (w:720 h:1280 s:720 f:0x1 u:0x000900)
01-02 06:07:57.177683   235  1332 D GraphicBuffer: free, handle(0xb8ad6218) (w:720 h:1280 s:720 f:0x1 u:0x000900)
01-02 06:07:57.177834   235  1332 D GraphicBuffer: free, handle(0xb8ad64e8) (w:720 h:1280 s:720 f:0x1 u:0x000900)
01-02 06:07:57.179135   775  1203 V Provider/Settings: get setting for user 0 by user 0 so skipping cache
01-02 06:07:57.179166   775  1203 V Provider/Settings:  from settings cache , name = full_screen_expand_statusbar , value = 1
01-02 06:07:57.190896   235   235 I BufferQueue: [FrameBufferSurface_0](this:0xb8a4b670,id:0,api:1,p:235,c:235) queueBuffer: fps=16.59 dur=1205.76 max=905.16 min=14.88
01-02 06:07:57.450117   897  1276 V Provider/Settings: get setting for user 0 by user 0 so skipping cache
01-02 06:07:57.450150   897  1276 V Provider/Settings:  from settings cache , name = full_screen_expand_statusbar , value = 1
01-02 06:07:57.450532   897  1276 V Provider/Settings: get setting for user 0 by user 0 so skipping cache
01-02 06:07:57.450554   897  1276 V Provider/Settings:  from settings cache , name = full_screen_expand_statusbar , value = 1
01-02 06:07:57.539234   775   791 V Provider/Settings: get setting for user 0 by user 0 so skipping cache
01-02 06:07:57.539266   775   791 V Provider/Settings:  from settings cache , name = full_screen_expand_statusbar , value = 1
01-02 06:07:57.540700   775   791 V Provider/Settings: get setting for user 0 by user 0 so skipping cache
01-02 06:07:57.540757   775   791 V Provider/Settings:  from settings cache , name = full_screen_expand_statusbar , value = 1
01-02 06:07:57.554320   235   235 I BufferQueue: [com.mediatek.mtklogger/com.mediatek.mtklogger.settings.SettingsActivity](this:0xb8aeba20,id:132,api:1,p:-1,c:-1) consumerDisconnect
01-02 06:07:57.554453   235   235 I BufferQueue: [com.mediatek.mtklogger/com.mediatek.mtklogger.settings.SettingsActivity](this:0xb8aeba20,id:132,api:1,p:-1,c:-1) ~BufferQueue
01-02 06:07:57.554548  4540  4540 D PreferenceActivity: onSaveInstanceState
01-02 06:07:57.554617  4540  4540 D PreferenceActivity: onStop
01-02 06:07:57.554622   235   235 D GraphicBuffer: free, handle(0xb8a91f08) (w:720 h:1280 s:720 f:0x1 u:0x000900)
01-02 06:07:57.554940  4540  4540 V PhoneWindow: DecorView setVisiblity: visibility = 4 ,Parent =ViewRoot{429b27f8 com.mediatek.mtklogger/com.mediatek.mtklogger.settings.SettingsActivity,ident = 4}, this =com.android.internal.policy.impl.PhoneWindow$DecorView{4297fca0 I.E..... R......D 0,0-720,1280}
01-02 06:07:57.556360   775   791 V Provider/Settings: get setting for user 0 by user 0 so skipping cache
01-02 06:07:57.556393   775   791 V Provider/Settings:  from settings cache , name = full_screen_expand_statusbar , value = 1
01-02 06:07:57.570932   775  1150 V Provider/Settings: get setting for user 0 by user 0 so skipping cache
01-02 06:07:57.570963   775  1150 V Provider/Settings:  from settings cache , name = full_screen_expand_statusbar , value = 1
01-02 06:07:57.950242   897  1558 V Provider/Settings: get setting for user 0 by user 0 so skipping cache
01-02 06:07:57.950273   897  1558 V Provider/Settings:  from settings cache , name = full_screen_expand_statusbar , value = 1
01-02 06:07:57.950666   897  1558 V Provider/Settings: get setting for user 0 by user 0 so skipping cache
01-02 06:07:57.950688   897  1558 V Provider/Settings:  from settings cache , name = full_screen_expand_statusbar , value = 1
01-02 06:07:58.303173   235   472 I BufferQueue: [com.mediatek.mtklogger/com.mediatek.mtklogger.settings.MobileLogSettings](this:0xb8aa99e0,id:133,api:1,p:4540,c:235) queueBuffer: fps=1.73 dur=1154.02 max=1132.39 min=21.64
01-02 06:07:58.303254   235   819 I BufferQueue: [com.mediatek.mtklogger/com.mediatek.mtklogger.settings.MobileLogSettings](this:0xb8aa99e0,id:133,api:1,p:4540,c:235) new GraphicBuffer needed
01-02 06:07:58.303271   235   819 I [MALI][Gralloc]: [MTK]GRALLOC enter alloc_device_alloc()! pHandle=0x0xb8a5d8e4
01-02 06:07:58.303277   235   819 I [MALI][Gralloc]: usage: 0x900, format: 0x1 stride: 720 vertical_stride: 1280 size: 3686400
01-02 06:07:58.303280   235   819 I [MALI][Gralloc]: [MTK]GRALLOC ready to go ion alloc arrrrrrrrr!!!! pHandle=0x0xb8a5d8e4
01-02 06:07:58.303562   235   819 D GraphicBuffer: alloc, handle(0xb8ad5cc0) (w:720 h:1280 s:720 f:0x1 u:0x000900) err(0)
01-02 06:07:58.303575   235   819 W GraphicBufferExtra_hal: gralloc extra device setBufInfo(...) is not supported
01-02 06:07:58.303891  4540  4540 D GraphicBuffer: register, handle(0x67a861b8) (w:720 h:1280 s:720 f:0x1 u:0x000900)
01-02 06:07:58.316928   235   235 I SurfaceFlinger: [Built-in Screen (type:0)] fps:21.649845,dur:1524.26,max:761.62,min:11.48
01-02 06:07:58.359532 11417 11425 D jdwp    : Can't connect to ADB control socket:Connection refused
01-02 06:07:58.449372   897  1718 V Provider/Settings: get setting for user 0 by user 0 so skipping cache
01-02 06:07:58.449406   897  1718 V Provider/Settings:  from settings cache , name = full_screen_expand_statusbar , value = 1
01-02 06:07:58.449790   897  1718 V Provider/Settings: get setting for user 0 by user 0 so skipping cache
01-02 06:07:58.449811   897  1718 V Provider/Settings:  from settings cache , name = full_screen_expand_statusbar , value = 1
01-02 06:07:58.765192  1778  1790 D jdwp    : Can't connect to ADB control socket:Connection refused
01-02 06:07:58.818644   775   827 D InputReader: AP_PROF:AppLaunch_dispatchPtr:Down:26017375, ID:0, Index:1732617960
01-02 06:07:58.818705   775   827 I AP_PROF : unable to open /proc/mtprof/status entry
01-02 06:07:58.818717   775   827 D InputReader: dispatchTouches:: areaValue=1000
01-02 06:07:58.818722   775   827 D InputReader: [JX] dispatchMotion action:0 
01-02 06:07:58.818835   775   826 I PerfService: PerfServiceNative_boostEnable:5
01-02 06:07:58.818991   775   851 D PerfServiceManager: [PerfService] MESSAGE_BOOST_ENABLE 
01-02 06:07:58.819156   775   826 V PowerManagerService: BRIGHT--------now = 26017376, nextTimeout = 27808175
01-02 06:07:58.819357  4540  4540 D VelocityTracker: Couldn't open '/dev/touch' (Permission denied)
01-02 06:07:58.819362  4540  4540 D VelocityTracker: tpd read x fail: Bad file number
01-02 06:07:58.819366  4540  4540 D VelocityTracker: tpd read y fail: Bad file number
01-02 06:07:58.819547  4540  4540 I View    : Touch down dispatch to android.widget.CheckBox{42a93938 V.ED.... ........ 16,32-80,96 #1020001 android:id/checkbox}, event = MotionEvent { action=ACTION_DOWN, id[0]=0, x[0]=26.147034, y[0]=8.549561, Xw[0]=23.0, Yw[0]=23.0, toolType[0]=TOOL_TYPE_FINGER, buttonState=0, metaState=0, flags=0x0, edgeFlags=0x0, pointerCount=1, historySize=0, eventTime=26017375, downTime=26017375, deviceId=2, source=0x1002 }
01-02 06:07:58.819633  4540  4540 I View    : Touch down dispatch to android.widget.LinearLayout{42a934a8 V.E..... ........ 540,0-636,128 #1020018 android:id/widget_frame}, event = MotionEvent { action=ACTION_DOWN, id[0]=0, x[0]=42.147034, y[0]=40.54956, Xw[0]=23.0, Yw[0]=23.0, toolType[0]=TOOL_TYPE_FINGER, buttonState=0, metaState=0, flags=0x0, edgeFlags=0x0, pointerCount=1, historySize=0, eventTime=26017375, downTime=26017375, deviceId=2, source=0x1002 }
01-02 06:07:58.819710  4540  4540 I View    : Touch down dispatch to android.widget.LinearLayout{42a90c20 V.E..... ........ 32,390-688,518}, event = MotionEvent { action=ACTION_DOWN, id[0]=0, x[0]=582.14703, y[0]=40.54956, Xw[0]=23.0, Yw[0]=23.0, toolType[0]=TOOL_TYPE_FINGER, buttonState=0, metaState=0, flags=0x0, edgeFlags=0x0, pointerCount=1, historySize=0, eventTime=26017375, downTime=26017375, deviceId=2, source=0x1002 }
01-02 06:07:58.819788  4540  4540 I View    : Touch down dispatch to android.widget.ListView{42a503d8 VFED.VC. .F...... 0,0-720,1134 #102000a android:id/list}, event = MotionEvent { action=ACTION_DOWN, id[0]=0, x[0]=614.14703, y[0]=430.54956, Xw[0]=23.0, Yw[0]=23.0, toolType[0]=TOOL_TYPE_FINGER, buttonState=0, metaState=0, flags=0x0, edgeFlags=0x0, pointerCount=1, historySize=0, eventTime=26017375, downTime=26017375, deviceId=2, source=0x1002 }
01-02 06:07:58.819857  4540  4540 D AbsListView: Touch down: touch mode = 0,mScrollY = 0,y = 430.54956,mFirstPosition = 0,mActivePointerId = 0,mDataChanged = false,adatper size = 8,this = android.widget.ListView{42a503d8 VFED.VC. .F...... 0,0-720,1134 #102000a android:id/list}
01-02 06:07:58.891976   775   827 D InputReader: AP_PROF:AppLaunch_dispatchPtr:Up:26017449, ID:0, Index:1732619256
01-02 06:07:58.891984   775   827 D InputReader: [JX] dispatchMotion action:1 
01-02 06:07:58.892059   775   826 I PerfService: PerfServiceNative_boostEnableTimeout:5, 3
01-02 06:07:58.892207   775   851 D PerfServiceManager: [PerfService] MESSAGE_BOOST_ENABLE_TIMEOUT 
01-02 06:07:58.892591  4540  4540 I View    : Touch up dispatch to android.widget.ListView{42a503d8 VFED.VC. .F...... 0,0-720,1134 #102000a android:id/list}, event = MotionEvent { action=ACTION_UP, id[0]=0, x[0]=614.14703, y[0]=430.54956, Xw[0]=23.0, Yw[0]=23.0, toolType[0]=TOOL_TYPE_FINGER, buttonState=0, metaState=0, flags=0x0, edgeFlags=0x0, pointerCount=1, historySize=0, eventTime=26017449, downTime=26017375, deviceId=2, source=0x1002 }
01-02 06:07:58.892648  4540  4540 D AbsListView: Touch up: touch mode = 0,mScrollY = 0,mLastY = -2147483648,mMotionPosition = 3,mFirstPosition = 0,mDataChanged = false,adatper size = 8,this = android.widget.ListView{42a503d8 VFED.VC. .F...... 0,0-720,1134 #102000a android:id/list}
01-02 06:07:58.949507   897  1603 V Provider/Settings: get setting for user 0 by user 0 so skipping cache
01-02 06:07:58.949540   897  1603 V Provider/Settings:  from settings cache , name = full_screen_expand_statusbar , value = 1
01-02 06:07:58.949925   897  1603 V Provider/Settings: get setting for user 0 by user 0 so skipping cache
01-02 06:07:58.949947   897  1603 V Provider/Settings:  from settings cache , name = full_screen_expand_statusbar , value = 1
01-02 06:07:58.957421  4540  4540 D AbsListView: performItemClick view=android.widget.LinearLayout{42a90c20 V.E..... .......D 32,390-688,518}, position=3, id=6, mChoiceMode=0, dispatchItemClick=true
01-02 06:07:58.957569  4540  4540 V Provider/Settings: get setting for user 0 by user 0 so skipping cache
01-02 06:07:58.957592  4540  4540 V Provider/Settings:  from settings cache , name = sound_effects_enabled , value = 0
01-02 06:07:58.957658  4540  4540 D MTKLogger/MobileLogSettings: Preference Change Key : mobilelog_md32log newValue : false
01-02 06:07:58.957725  4540  4540 D MTKLogger/MTKLoggerService: -->setSubLogEnableState(), logType=1, subType=4, enable?false
01-02 06:07:58.957833  4540  4578 I MTKLogger/MobileLog: Handle receive message, what=7
01-02 06:07:58.957856  4540  4578 D MTKLogger/MobileLog: Receive config command, parameter=sublog_
01-02 06:07:58.957874  4540  4578 V MTKLogger/MobileLog: Try to set mobile sub log enable state, subType=4, enable?0
01-02 06:07:58.957910  4540  4578 I MTKLogger/LogConnection: -->send cmd: [sublog_MD32Log=0] to [mobilelogd]
01-02 06:07:58.957923  4540  4578 D MTKLogger/LogConnection: Command builder success
01-02 06:07:58.958946   243   681 I MobileLogD: recv sublog_MD32Log=0 from 11
01-02 06:07:58.958953   243   681 D MobileLogD/lib: write sublog_MD32Log=0,1 to client 11 
01-02 06:07:58.958973   243   681 D MobileLogD/lib: write to client over
01-02 06:07:58.959016  4540  7469 V MTKLogger/LogConnection: Response from native byte size=18
01-02 06:07:58.959045  4540  7469 I MTKLogger/MobileLog: -->dealWithResponse(), resp=sublog_MD32Log=0,1
01-02 06:07:58.961419   243 11487 I MobileLogD: thread 11487 handle msg
01-02 06:07:58.961674   243 11487 I MobileLogD/config: thread 11487 comes
01-02 06:07:58.962052   243 11487 I MobileLogD/config: thread 11487 ends
01-02 06:07:58.968132  4540  4578 I MTKLogger/LogConnection: <--send cmd done : [sublog_MD32Log=0] to [mobilelogd]
01-02 06:07:58.968173  4540  4578 I MTKLogger/MobileLog: Handle receive message, what=0
01-02 06:07:58.968194  4540  4578 W MTKLogger/MobileLog: Not supported message: 0
01-02 06:07:58.971337  4540  4540 D ListView: mSelectorRect.setEmpty in layoutChildren this=android.widget.ListView{42a503d8 VFED.VC. .F....ID 0,0-720,1134 #102000a android:id/list}
01-02 06:07:59.449637   897  1218 V Provider/Settings: get setting for user 0 by user 0 so skipping cache
01-02 06:07:59.449669   897  1218 V Provider/Settings:  from settings cache , name = full_screen_expand_statusbar , value = 1
01-02 06:07:59.450057   897  1218 V Provider/Settings: get setting for user 0 by user 0 so skipping cache
01-02 06:07:59.450078   897  1218 V Provider/Settings:  from settings cache , name = full_screen_expand_statusbar , value = 1
01-02 06:07:59.949771   897  1676 V Provider/Settings: get setting for user 0 by user 0 so skipping cache
01-02 06:07:59.949803   897  1676 V Provider/Settings:  from settings cache , name = full_screen_expand_statusbar , value = 1
01-02 06:07:59.950170   897  1676 V Provider/Settings: get setting for user 0 by user 0 so skipping cache
01-02 06:07:59.950191   897  1676 V Provider/Settings:  from settings cache , name = full_screen_expand_statusbar , value = 1
01-02 06:08:00.000970   867   867 I lenovokeyguard.log: (867.0/main/1.5)[LenovoAdapterMtk]{mBroadcastReceiver.onReceive}<Context com.lenovo.keyguard.app.KeyguardApplication@425f7070><Intent #Intent;action=android.intent.action.TIME_TICK;launchFlags=0x50000094;i.android.intent.extra.ALARM_COUNT=1;end>
01-02 06:08:00.001538   897   897 D Clock   : action =android.intent.action.TIME_TICK
01-02 06:08:00.001749   897   897 I Clock   : getContextForUser failed!Application package com.android.systemui not found
01-02 06:08:00.001785   897   897 V Provider/Settings: get setting for user -2 by user 0 so skipping cache
01-02 06:08:00.001800   897   897 V Provider/Settings: get setting for user -2 by user 0 so skipping cache
01-02 06:08:00.002054   775  1124 D SettingsProvider: lookupValue table system cache contains Key time_12_24 , value = null
01-02 06:08:00.002070   775  1124 D SettingsProvider: lookupValue table system cache.fullyMatchesDisk() time_12_24
01-02 06:08:00.002147   897   897 V Provider/Settings: from db cache, name = time_12_24 , value = null
01-02 06:08:00.002166   897   897 I Provider/Settings: call-query of user -2 by 0 so not updating cache
01-02 06:08:00.002177   897   897 I Clock   : is24HourFormat:null
01-02 06:08:00.002591   897   897 E MyTag   : updateClock : 6:08
01-02 06:08:00.002763   897   897 I Clock   : getContextForUser failed!Application package com.android.systemui not found
01-02 06:08:00.002807   897   897 V Provider/Settings: get setting for user -2 by user 0 so skipping cache
01-02 06:08:00.002823   897   897 V Provider/Settings: get setting for user -2 by user 0 so skipping cache
01-02 06:08:00.003080   775  1151 D SettingsProvider: lookupValue table system cache contains Key time_12_24 , value = null
01-02 06:08:00.003096   775  1151 D SettingsProvider: lookupValue table system cache.fullyMatchesDisk() time_12_24
01-02 06:08:00.003169   897   897 V Provider/Settings: from db cache, name = time_12_24 , value = null
01-02 06:08:00.003185   897   897 I Provider/Settings: call-query of user -2 by 0 so not updating cache
01-02 06:08:00.003195   897   897 I Clock   : is24HourFormat:null
01-02 06:08:00.004046   897   897 D Clock   : action =android.intent.action.TIME_TICK
01-02 06:08:00.004223   897   897 I Clock   : getContextForUser failed!Application package com.android.systemui not found
01-02 06:08:00.004256   897   897 V Provider/Settings: get setting for user -2 by user 0 so skipping cache
01-02 06:08:00.004270   897   897 V Provider/Settings: get setting for user -2 by user 0 so skipping cache
01-02 06:08:00.004551   775  1176 D SettingsProvider: lookupValue table system cache contains Key time_12_24 , value = null
01-02 06:08:00.004581   775  1176 D SettingsProvider: lookupValue table system cache.fullyMatchesDisk() time_12_24
01-02 06:08:00.004660   897   897 V Provider/Settings: from db cache, name = time_12_24 , value = null
01-02 06:08:00.004678   897   897 I Provider/Settings: call-query of user -2 by 0 so not updating cache
01-02 06:08:00.004688   897   897 I Clock   : is24HourFormat:null
01-02 06:08:00.005080   897   897 E MyTag   : updateClock : 6:08 
01-02 06:08:00.005244   897   897 I Clock   : getContextForUser failed!Application package com.android.systemui not found
01-02 06:08:00.005271   897   897 V Provider/Settings: get setting for user -2 by user 0 so skipping cache
01-02 06:08:00.005285   897   897 V Provider/Settings: get setting for user -2 by user 0 so skipping cache
01-02 06:08:00.005502   775  1099 D SettingsProvider: lookupValue table system cache contains Key time_12_24 , value = null
01-02 06:08:00.005517   775  1099 D SettingsProvider: lookupValue table system cache.fullyMatchesDisk() time_12_24
01-02 06:08:00.005588   897   897 V Provider/Settings: from db cache, name = time_12_24 , value = null
01-02 06:08:00.005604   897   897 I Provider/Settings: call-query of user -2 by 0 so not updating cache
01-02 06:08:00.005615   897   897 I Clock   : is24HourFormat:null
01-02 06:08:00.017932   235   819 I BufferQueue: [StatusBar](this:0xb8a7ec18,id:5,api:1,p:897,c:235) queueBuffer: fps=1.10 dur=13624.08 max=13338.29 min=12.32
01-02 06:08:00.018391   897   897 D Clock   : action =android.intent.action.TIME_TICK
01-02 06:08:00.018683   897   897 I Clock   : getContextForUser failed!Application package com.android.systemui not found
01-02 06:08:00.018720   897   897 V Provider/Settings: get setting for user -2 by user 0 so skipping cache
01-02 06:08:00.018734   897   897 V Provider/Settings: get setting for user -2 by user 0 so skipping cache
01-02 06:08:00.018997   775  1125 D SettingsProvider: lookupValue table system cache contains Key time_12_24 , value = null
01-02 06:08:00.019014   775  1125 D SettingsProvider: lookupValue table system cache.fullyMatchesDisk() time_12_24
01-02 06:08:00.019099   897   897 V Provider/Settings: from db cache, name = time_12_24 , value = null
01-02 06:08:00.019116   897   897 I Provider/Settings: call-query of user -2 by 0 so not updating cache
01-02 06:08:00.019126   897   897 I Clock   : is24HourFormat:null
01-02 06:08:00.019530   897   897 E MyTag   : updateClock : 6:08 
01-02 06:08:00.019695   897   897 I Clock   : getContextForUser failed!Application package com.android.systemui not found
01-02 06:08:00.019722   897   897 V Provider/Settings: get setting for user -2 by user 0 so skipping cache
01-02 06:08:00.019736   897   897 V Provider/Settings: get setting for user -2 by user 0 so skipping cache
01-02 06:08:00.019950   775   786 D SettingsProvider: lookupValue table system cache contains Key time_12_24 , value = null
01-02 06:08:00.019966   775   786 D SettingsProvider: lookupValue table system cache.fullyMatchesDisk() time_12_24
01-02 06:08:00.020039   897   897 V Provider/Settings: from db cache, name = time_12_24 , value = null
01-02 06:08:00.020056   897   897 I Provider/Settings: call-query of user -2 by 0 so not updating cache
01-02 06:08:00.020065   897   897 I Clock   : is24HourFormat:null
01-02 06:08:00.021785  1204  1204 E ActionIcon: time changed: time = 20140102T060800Asia/Shanghai(4,1,28800,0,1388614080)
01-02 06:08:00.022607  1138  1138 D TimeTickService: TimeTickService action = android.intent.action.TIME_TICK
01-02 06:08:00.024498  2126  2126 D LenovoWeatherApp: CommonReceiver action=com.lenovo.weather.action.TIME_TICK
01-02 06:08:00.025717  2126  2126 D LenovoWeatherApp: WeatherWidget action = com.lenovo.weather.action.TIME_TICK
01-02 06:08:00.026564  2126  2126 D AppWidgetProvider: com.lenovo.weather.action.TIME_TICK
01-02 06:08:00.026942  2126  2126 D ActivityThread: SVC-Calling onStartCommand: com.lenovo.weather.service.UpdateAppWidgetService@427560d8, flags=0, startId=1
01-02 06:08:00.027154  2126  2126 D AppWidgetManager: getAppWidgetIds ComponentName: ComponentInfo{com.lenovo.lewea/com.lenovo.lewea.widget.WeatherWidget}
01-02 06:08:00.027480  2126  2126 D LenovoWeatherApp: UpdateAppWidgetService ids.length = 1
01-02 06:08:00.028521  2126  2126 D RemoteViews: RemoteViews packageName: com.lenovo.lewea layoutId: 2130903080
01-02 06:08:00.028633  2126  2126 D RemoteViews: RemoteViews packageName: com.lenovo.weather.theme.dreamland layoutId: 2130903044
01-02 06:08:00.028650  2126  2126 D RemoteViews: RemoteViews packageName: com.lenovo.weather.theme.dreamland layoutId: 2130903043
01-02 06:08:00.028728  2126  2126 V Provider/Settings: get setting for user 0 by user 0 so skipping cache
01-02 06:08:00.028752  2126  2126 V Provider/Settings:  from settings cache , name = time_12_24 , value = null
01-02 06:08:00.031696   235   235 I SurfaceFlinger: [Built-in Screen (type:0)] fps:11.663379,dur:1714.77,max:1048.03,min:15.46
01-02 06:08:00.033288  2126  2126 D AppWidgetManager: updateAppWidget provider: ComponentInfo{com.lenovo.lewea/com.lenovo.lewea.widget.WeatherWidget}
01-02 06:08:00.033579   775  1176 D RemoteViews: RemoteViews parcel: android.os.Parcel@42912fe0 bitmapCache: null
01-02 06:08:00.033636   775  1176 D RemoteViews: RemoteViews parcel: android.os.Parcel@42912fe0 bitmapCache: android.widget.RemoteViews$BitmapCache@42722668
01-02 06:08:00.033682   775  1176 D RemoteViews: RemoteViews parcel: android.os.Parcel@42912fe0 bitmapCache: android.widget.RemoteViews$BitmapCache@42722668
01-02 06:08:00.034341  1204  1290 D RemoteViews: RemoteViews parcel: android.os.Parcel@425f6e08 bitmapCache: null
01-02 06:08:00.034399  1204  1290 D RemoteViews: RemoteViews parcel: android.os.Parcel@425f6e08 bitmapCache: android.widget.RemoteViews$BitmapCache@425fff28
01-02 06:08:00.034438  1204  1290 D RemoteViews: RemoteViews parcel: android.os.Parcel@425f6e08 bitmapCache: android.widget.RemoteViews$BitmapCache@425fff28
01-02 06:08:00.034712  1204  1204 D AppWidgetHost: updateAppWidgetView HANDLE_UPDATE 
01-02 06:08:00.034718  2126  2126 D LenovoWeatherApp: UpdateAppWidgetService update end
01-02 06:08:00.034748  1204  1204 D AppWidgetHost: updateAppWidgetView appWidgetId 1 com.lenovo.launcher.LauncherAppWidgetHost@426f7d68
01-02 06:08:00.034832  1204  1204 D AppWidgetHostView: updateAppWidget called mOld=null
01-02 06:08:00.034839  1204  1204 D AppWidgetHostView: updateAppWidget remoteViews != null
01-02 06:08:00.035125  1204  1204 V AppWidgetContext: package name: com.lenovo.lewea
01-02 06:08:00.035135  1204  1204 V AppWidgetContext: context permission not changed
01-02 06:08:00.035952  1204  1204 D RemoteViews: apply LayoutId: 2130903044
01-02 06:08:00.035969  1204  1204 V AppWidgetContext: package name: com.lenovo.weather.theme.dreamland
01-02 06:08:00.035978  1204  1204 V AppWidgetContext: context permission not changed
01-02 06:08:00.042588  1204  1204 D RemoteViews: apply LayoutId: 2130903043
01-02 06:08:00.042608  1204  1204 V AppWidgetContext: package name: com.lenovo.weather.theme.dreamland
01-02 06:08:00.042616  1204  1204 V AppWidgetContext: context permission not changed
01-02 06:08:00.051023  1204  1204 D RemoteViews: ReflectionAction apply viewId: 2131296268
01-02 06:08:00.051076  1204  1204 D RemoteViews: ReflectionAction apply viewId: 2131296267
01-02 06:08:00.051099  1204  1204 D RemoteViews: ReflectionAction apply viewId: 2131296262
01-02 06:08:00.051147  1204  1204 D RemoteViews: ReflectionAction apply viewId: 2131296263
01-02 06:08:00.051177  1204  1204 D RemoteViews: ReflectionAction apply viewId: 2131296265
01-02 06:08:00.051206  1204  1204 D RemoteViews: ReflectionAction apply viewId: 2131296266
01-02 06:08:00.052360  1204  1204 D RemoteViews: ReflectionAction apply viewId: 2131296276
01-02 06:08:00.052419  1204  1204 D RemoteViews: ReflectionAction apply viewId: 2131296279
01-02 06:08:00.052445  1204  1204 D RemoteViews: ReflectionAction apply viewId: 2131296282
01-02 06:08:00.052469  1204  1204 D RemoteViews: ReflectionAction apply viewId: 2131296285
01-02 06:08:00.052493  1204  1204 D RemoteViews: ReflectionAction apply viewId: 2131296288
01-02 06:08:00.052522  1204  1204 D RemoteViews: ReflectionAction apply viewId: 2131296269
01-02 06:08:00.052548  1204  1204 D RemoteViews: ReflectionAction apply viewId: 2131296271
01-02 06:08:00.052570  1204  1204 D RemoteViews: ReflectionAction apply viewId: 2131296270
01-02 06:08:00.052972  1204  1204 D jiayh2  : FontThemeManager createThemeFont typefacetype=2, curfontpath=/system/fonts/FangZhengLTH.ttf
01-02 06:08:00.053011  1204  1204 D jiayh2  : FontThemeManager createThemeFont typefacetype=2, curfontpath=/system/fonts/FangZhengLTH.ttf
01-02 06:08:00.053040  1204  1204 D jiayh2  : FontThemeManager createThemeFont typefacetype=2, curfontpath=/system/fonts/FangZhengLTH.ttf
01-02 06:08:00.053066  1204  1204 D jiayh2  : FontThemeManager createThemeFont typefacetype=2, curfontpath=/system/fonts/FangZhengLTH.ttf
01-02 06:08:00.053091  1204  1204 D jiayh2  : FontThemeManager createThemeFont typefacetype=2, curfontpath=/system/fonts/FangZhengLTH.ttf
01-02 06:08:00.053132  1204  1204 D jiayh2  : FontThemeManager createThemeFont typefacetype=2, curfontpath=/system/fonts/FangZhengLTH.ttf
01-02 06:08:00.053161  1204  1204 D jiayh2  : FontThemeManager createThemeFont typefacetype=2, curfontpath=/system/fonts/FangZhengLTH.ttf
01-02 06:08:00.053189  1204  1204 D jiayh2  : FontThemeManager createThemeFont typefacetype=2, curfontpath=/system/fonts/FangZhengLTH.ttf
01-02 06:08:00.053217  1204  1204 D jiayh2  : FontThemeManager createThemeFont typefacetype=2, curfontpath=/system/fonts/FangZhengLTH.ttf
01-02 06:08:00.053245  1204  1204 D jiayh2  : FontThemeManager createThemeFont typefacetype=2, curfontpath=/system/fonts/FangZhengLTH.ttf
01-02 06:08:00.053375  1204  1204 D AppWidgetHostView: was able to recycled existing layout
01-02 06:08:00.359646 11417 11425 D jdwp    : Can't connect to ADB control socket:Connection refused
01-02 06:08:00.449912   897  1097 V Provider/Settings: get setting for user 0 by user 0 so skipping cache
01-02 06:08:00.449943   897  1097 V Provider/Settings:  from settings cache , name = full_screen_expand_statusbar , value = 1
01-02 06:08:00.450328   897  1097 V Provider/Settings: get setting for user 0 by user 0 so skipping cache
01-02 06:08:00.450349   897  1097 V Provider/Settings:  from settings cache , name = full_screen_expand_statusbar , value = 1
01-02 06:08:00.765311  1778  1790 D jdwp    : Can't connect to ADB control socket:Connection refused
01-02 06:08:00.950045   897  1484 V Provider/Settings: get setting for user 0 by user 0 so skipping cache
01-02 06:08:00.950077   897  1484 V Provider/Settings:  from settings cache , name = full_screen_expand_statusbar , value = 1
01-02 06:08:00.950469   897  1484 V Provider/Settings: get setting for user 0 by user 0 so skipping cache
01-02 06:08:00.950489   897  1484 V Provider/Settings:  from settings cache , name = full_screen_expand_statusbar , value = 1
01-02 06:08:01.450164   897  1367 V Provider/Settings: get setting for user 0 by user 0 so skipping cache
01-02 06:08:01.450194   897  1367 V Provider/Settings:  from settings cache , name = full_screen_expand_statusbar , value = 1
01-02 06:08:01.450533   897  1367 V Provider/Settings: get setting for user 0 by user 0 so skipping cache
01-02 06:08:01.450553   897  1367 V Provider/Settings:  from settings cache , name = full_screen_expand_statusbar , value = 1
01-02 06:08:01.894229   775   851 D PerfServiceManager: [PerfService] MESSAGE_TIMER_SCN_APP_TOUCH 
01-02 06:08:01.894265   775   851 I libPerfService: 5: set: 1
01-02 06:08:01.894360   775   851 I libPerfService: 5: set freq: 0
01-02 06:08:01.950375   897  1276 V Provider/Settings: get setting for user 0 by user 0 so skipping cache
01-02 06:08:01.950408   897  1276 V Provider/Settings:  from settings cache , name = full_screen_expand_statusbar , value = 1
01-02 06:08:01.950820   897  1276 V Provider/Settings: get setting for user 0 by user 0 so skipping cache
01-02 06:08:01.950841   897  1276 V Provider/Settings:  from settings cache , name = full_screen_expand_statusbar , value = 1
01-02 06:08:02.359829 11417 11425 D jdwp    : Can't connect to ADB control socket:Connection refused
01-02 06:08:02.450849   897  1558 V Provider/Settings: get setting for user 0 by user 0 so skipping cache
01-02 06:08:02.450929   897  1558 V Provider/Settings:  from settings cache , name = full_screen_expand_statusbar , value = 1
01-02 06:08:02.451921   897  1558 V Provider/Settings: get setting for user 0 by user 0 so skipping cache
01-02 06:08:02.451989   897  1558 V Provider/Settings:  from settings cache , name = full_screen_expand_statusbar , value = 1
01-02 06:08:02.765509  1778  1790 D jdwp    : Can't connect to ADB control socket:Connection refused
01-02 06:08:02.951071   897  1718 V Provider/Settings: get setting for user 0 by user 0 so skipping cache
01-02 06:08:02.951152   897  1718 V Provider/Settings:  from settings cache , name = full_screen_expand_statusbar , value = 1
01-02 06:08:02.952114   897  1718 V Provider/Settings: get setting for user 0 by user 0 so skipping cache
01-02 06:08:02.952181   897  1718 V Provider/Settings:  from settings cache , name = full_screen_expand_statusbar , value = 1
01-02 06:08:02.958753   897   897 D NetworkControllerMTK: PhoneStateListener:onSignalStrengthsChanged, sim0 before.
01-02 06:08:02.958901   897   897 D NetworkControllerMTK: PhoneStateListener:onSignalStrengthsChanged, signalStrength=4
01-02 06:08:02.959122   897   897 D SIMHelper: isSimInserted(0), SimInserted=false
01-02 06:08:02.960359   897   897 D NetworkControllerMTK: updateTelephonySignalStrength slotId : 0 isSimInserted : false , hasService : false , simIndicatorState : 3
01-02 06:08:02.960463   897   897 D NetworkControllerMTK: updateTelephonySignalStrength(0), is null signal.
01-02 06:08:02.960566   897   897 D NetworkControllerMTK: refreshViews getMobileLabelIndex return : 2
01-02 06:08:02.960742   897   897 E LenovoCarrierTextPolicy: [LenovoCarrierTextPolicy ] two card carrier text : 1 :     2 : 
01-02 06:08:02.960856   897   897 D NetworkControllerMTK: PhoneStateListener:onSignalStrengthsChanged, sim0 after.
01-02 06:08:02.964957  1695  1695 D Mms     : onReceive(): intent=Intent { act=android.intent.action.SIG_STR flg=0x10 cmp=com.lenovo.ideafriend/.mms.android.transaction.MmsSystemEventReceiver (has extras) }
01-02 06:08:03.451334   897  1603 V Provider/Settings: get setting for user 0 by user 0 so skipping cache
01-02 06:08:03.451416   897  1603 V Provider/Settings:  from settings cache , name = full_screen_expand_statusbar , value = 1
01-02 06:08:03.452385   897  1603 V Provider/Settings: get setting for user 0 by user 0 so skipping cache
01-02 06:08:03.452455   897  1603 V Provider/Settings:  from settings cache , name = full_screen_expand_statusbar , value = 1
01-02 06:08:03.951562   897  1218 V Provider/Settings: get setting for user 0 by user 0 so skipping cache
01-02 06:08:03.951644   897  1218 V Provider/Settings:  from settings cache , name = full_screen_expand_statusbar , value = 1
01-02 06:08:03.952635   897  1218 V Provider/Settings: get setting for user 0 by user 0 so skipping cache
01-02 06:08:03.952702   897  1218 V Provider/Settings:  from settings cache , name = full_screen_expand_statusbar , value = 1
01-02 06:08:04.146246   775   827 V Provider/Settings: get setting for user -2 by user 0 so skipping cache
01-02 06:08:04.146307   775   827 V Provider/Settings: get setting for user -2 by user 0 so skipping cache
01-02 06:08:04.146613   775   827 D SettingsProvider: lookupValue table system cache contains Key haptic_feedback_enabled , value = Bundle[{value=1}]
01-02 06:08:04.146672   775   827 V Provider/Settings: from db cache, name = haptic_feedback_enabled , value = 1
01-02 06:08:04.146723   775   827 I Provider/Settings: call-query of user -2 by 0 so not updating cache
01-02 06:08:04.147617   775   827 D AppOps  : startOperation: allowing code 3 uid 1000 package android
01-02 06:08:04.148997   775   827 D dalvikvm: create interp thread : stack size=128KB
01-02 06:08:04.149069   775   827 D dalvikvm: create new thread
01-02 06:08:04.149267   775   827 D dalvikvm: new thread created
01-02 06:08:04.149282   775   827 D dalvikvm: update thread list
01-02 06:08:04.149751   775 11488 D dalvikvm: threadid=83: interp stack at 0x6d349000
01-02 06:08:04.149776   775 11488 D dalvikvm: threadid=83: created from interp
01-02 06:08:04.149859   775   827 D dalvikvm: start new thread
01-02 06:08:04.150026   775   827 D WindowManager: interceptKeyTq: result=1 keycode=4 screenIsOn=true keyguardActive=false policyFlags = #2000100 down =true canceled = false isWakeKey=false mVolumeDownKeyTriggered =false mVolumeUpKeyTriggered =false
01-02 06:08:04.150878   775   826 D LightsService: setLight_native: light=2, colorARGB=0xffffffff, flashMode=0, onMS=0, offMS=0, brightnessMode=0
01-02 06:08:04.150997   775   826 D lights  : write_int open fd=-1
01-02 06:08:04.151498   775 11488 D dalvikvm: threadid=83: notify debugger
01-02 06:08:04.151527   775 11488 D dalvikvm: threadid=83 (Thread-648): calling run()
01-02 06:08:04.152761   775   826 D WindowManager: interceptKeyTi keyCode=4 down=true repeatCount=0 keyguardOn=false mHomePressed=false canceled=false metaState:0
01-02 06:08:04.156836  4540  4540 I View    : Key down dispatch to android.widget.ListView{42a503d8 VFED.VC. .F...... 0,0-720,1134 #102000a android:id/list}, event = KeyEvent { action=ACTION_DOWN, keyCode=KEYCODE_BACK, scanCode=158, metaState=0, flags=0x48, repeatCount=0, eventTime=26022702, downTime=26022702, deviceId=2, source=0x101 }
01-02 06:08:04.193176   775 11488 D dalvikvm: threadid=83: exiting
01-02 06:08:04.193484   775 11488 D dalvikvm: threadid=83: bye!
01-02 06:08:04.241324   775   827 I WindowManager: pressTime=96
01-02 06:08:04.241370   775   827 D WindowManager: interceptKeyTq: result=1 keycode=4 screenIsOn=true keyguardActive=false policyFlags = #2000100 down =false canceled = false isWakeKey=false mVolumeDownKeyTriggered =false mVolumeUpKeyTriggered =false
01-02 06:08:04.241715   775   826 D WindowManager: interceptKeyTi keyCode=4 down=false repeatCount=0 keyguardOn=false mHomePressed=false canceled=false metaState:0
01-02 06:08:04.243307   775  1203 I BufferQueue: [unnamed-775-33](this:0x69eba9f8,id:33,api:0,p:-1,c:-1) BufferQueue queue=(775:system_server)
01-02 06:08:04.243525   775  1203 I BufferQueue: [unnamed-775-33](this:0x69eba9f8,id:33,api:0,p:-1,c:775) consumerConnect consumer=(775:system_server) controlledByApp=false
01-02 06:08:04.243536   775  1203 I BufferQueue: [unnamed-775-33](this:0x69eba9f8,id:33,api:0,p:-1,c:775) setConsumerName: unnamed-775-33
01-02 06:08:04.243550   775  1203 I BufferQueue: [ScreenshotClient](this:0x69eba9f8,id:33,api:0,p:-1,c:775) setConsumerName: ScreenshotClient
01-02 06:08:04.244067   775  1203 I BufferQueue: [ScreenshotClient](this:0x69eba9f8,id:33,api:1,p:235,c:775) connect: api=1 producer=(235:/system/bin/surfaceflinger) producerControlledByApp=false
01-02 06:08:04.244210   775  1203 I BufferQueue: [ScreenshotClient](this:0x69eba9f8,id:33,api:1,p:235,c:775) new GraphicBuffer needed
01-02 06:08:04.244250   235   819 I [MALI][Gralloc]: [MTK]GRALLOC enter alloc_device_alloc()! pHandle=0x0xb8a823b4
01-02 06:08:04.244257   235   819 I [MALI][Gralloc]: usage: 0x333, format: 0x1 stride: 336 vertical_stride: 583 size: 783552
01-02 06:08:04.244260   235   819 I [MALI][Gralloc]: [MTK]GRALLOC ready to go ion alloc arrrrrrrrr!!!! pHandle=0x0xb8a823b4
01-02 06:08:04.244373   235   819 D GraphicBuffer: alloc, handle(0xb8ad61a0) (w:328 h:583 s:336 f:0x1 u:0x000333) err(0)
01-02 06:08:04.244656   775  1203 D GraphicBuffer: register, handle(0x6acbb570) (w:328 h:583 s:336 f:0x1 u:0x000333)
01-02 06:08:04.244667   775  1203 W GraphicBufferExtra_hal: gralloc extra device setBufInfo(...) is not supported
01-02 06:08:04.244742   235   468 D GraphicBuffer: free, handle(0xb8ad61a0) (w:328 h:583 s:336 f:0x1 u:0x000333)
01-02 06:08:04.245013   235   235 D GraphicBuffer: register, handle(0xb8ae8df0) (w:328 h:583 s:336 f:0x1 u:0x000333)
01-02 06:08:04.247678   235   235 D GraphicBuffer: unregister, handle(0xb8ae8df0) (w:328 h:583 s:336 f:0x1 u:0x000333)
01-02 06:08:04.247905   775  1203 I BufferQueue: [ScreenshotClient](this:0x69eba9f8,id:33,api:1,p:-1,c:775) disconnect: api=1
01-02 06:08:04.247995   775  1203 I BufferQueue: [ScreenshotClient](this:0x69eba9f8,id:33,api:1,p:-1,c:775) getReleasedBuffers: returning mask 0xffffffff
01-02 06:08:04.248552   775  1203 D dalvikvm: between the previous GC alloc  934K
01-02 06:08:04.332670   775  1203 D dalvikvm: GC_FOR_ALLOC freed 924K (2895), 16% free 27243K/32412K, paused 84ms, total 84ms
01-02 06:08:04.333908   775  1203 I BufferQueue: [ScreenshotClient](this:0x69eba9f8,id:33,api:1,p:-1,c:-1) consumerDisconnect
01-02 06:08:04.334014   775  1203 D GraphicBuffer: unregister, handle(0x6acbb570) (w:328 h:583 s:336 f:0x1 u:0x000333)
01-02 06:08:04.334321   775  1203 D dalvikvm: between the previous GC alloc  717K
01-02 06:08:04.362986 11417 11425 D jdwp    : Can't connect to ADB control socket:Connection refused
01-02 06:08:04.418122   775  1203 D dalvikvm: GC_FOR_ALLOC freed 723K (138), 16% free 27238K/32412K, paused 84ms, total 84ms
01-02 06:08:04.419143   775   786 I BufferQueue: [ScreenshotClient](this:0x69eba9f8,id:33,api:1,p:-1,c:-1) ~BufferQueue
01-02 06:08:04.419318   775  1203 D AppOps  : startOperation: allowing code 40 uid 1000 package android
01-02 06:08:04.419974   775  1124 I libPerfService: 1: set: 2
01-02 06:08:04.420592   775  1124 D InputReader: InputReader:: getSwitchState lock 
01-02 06:08:04.420604   775  1124 D InputReader: InputReader::getStateLocked:: return 
01-02 06:08:04.420824   775  1124 I ActivityManager: boardcastResumedActivityInfo: start ...packageName:com.mediatek.mtklogger
01-02 06:08:04.420971   775  1124 V Provider/Settings: get setting for user 0 by user 0 so skipping cache
01-02 06:08:04.420998   775  1124 V Provider/Settings:  from settings cache , name = full_screen_expand_statusbar , value = 1
01-02 06:08:04.422013   775  1124 D dalvikvm: create interp thread : stack size=128KB
01-02 06:08:04.422049   775  1124 D dalvikvm: create new thread
01-02 06:08:04.422137   775  1124 D dalvikvm: new thread created
01-02 06:08:04.422142   775  1124 D dalvikvm: update thread list
01-02 06:08:04.422166   775 11489 D dalvikvm: threadid=83: interp stack at 0x6d349000
01-02 06:08:04.422174   775 11489 D dalvikvm: threadid=83: created from interp
01-02 06:08:04.422189   775  1124 D dalvikvm: start new thread
01-02 06:08:04.422203   775 11489 D dalvikvm: threadid=83: notify debugger
01-02 06:08:04.422212   775 11489 D dalvikvm: threadid=83 (Thread-649): calling run()
01-02 06:08:04.422724  4540  4540 D MTKLogger/SettingsActivity: onResume()
01-02 06:08:04.422742  4540  4540 D MTKLogger/SettingsActivity: updateUI()
01-02 06:08:04.422823  4540  4540 D PreferenceGroup: removePreferenceInt, preference.getKey() = metlog_switch, this.getKey() = general_settings_category
01-02 06:08:04.423223  4540  4540 V PhoneWindow: DecorView setVisiblity: visibility = 0 ,Parent =ViewRoot{429b27f8 com.mediatek.mtklogger/com.mediatek.mtklogger.settings.SettingsActivity,ident = 4}, this =com.android.internal.policy.impl.PhoneWindow$DecorView{4297fca0 V.E..... R.....ID 0,0-720,1280}
01-02 06:08:04.423250   775 11489 D dalvikvm: threadid=83: exiting
01-02 06:08:04.423535   775 11489 D dalvikvm: threadid=83: bye!
01-02 06:08:04.429600   235   235 I BufferQueue: [unnamed-235-134](this:0xb8a9ab00,id:134,api:0,p:-1,c:-1) BufferQueue queue=(235:/system/bin/surfaceflinger)
01-02 06:08:04.429666   235   235 I BufferQueue: [unnamed-235-134](this:0xb8a9ab00,id:134,api:0,p:-1,c:235) consumerConnect consumer=(235:/system/bin/surfaceflinger) controlledByApp=false
01-02 06:08:04.429677   235   235 I BufferQueue: [unnamed-235-134](this:0xb8a9ab00,id:134,api:0,p:-1,c:235) setConsumerName: unnamed-235-134
01-02 06:08:04.429691   235   235 I BufferQueue: [com.mediatek.mtklogger/com.mediatek.mtklogger.settings.SettingsActivity](this:0xb8a9ab00,id:134,api:0,p:-1,c:235) setConsumerName: com.mediatek.mtklogger/com.mediatek.mtklogger.settings.SettingsActivity
01-02 06:08:04.429713   235   235 I BufferQueue: [com.mediatek.mtklogger/com.mediatek.mtklogger.settings.SettingsActivity](this:0xb8a9ab00,id:134,api:0,p:-1,c:235) setDefaultBufferSize: w=720, h=1280
01-02 06:08:04.430473   775  1150 V Provider/Settings: get setting for user 0 by user 0 so skipping cache
01-02 06:08:04.430501   775  1150 V Provider/Settings:  from settings cache , name = full_screen_expand_statusbar , value = 1
01-02 06:08:04.430740   775  1150 V Provider/Settings: get setting for user 0 by user 0 so skipping cache
01-02 06:08:04.430762   775  1150 V Provider/Settings:  from settings cache , name = full_screen_expand_statusbar , value = 1
01-02 06:08:04.432162   235   468 I BufferQueue: [com.mediatek.mtklogger/com.mediatek.mtklogger.settings.SettingsActivity](this:0xb8a9ab00,id:134,api:1,p:4540,c:235) connect: api=1 producer=(4540:com.mediatek.mtklogger) producerControlledByApp=true
01-02 06:08:04.432375  4540  4540 D mali_winsys: new_window_surface returns 0x3000
01-02 06:08:04.432642   235  1332 I BufferQueue: [com.mediatek.mtklogger/com.mediatek.mtklogger.settings.SettingsActivity](this:0xb8a9ab00,id:134,api:1,p:4540,c:235) new GraphicBuffer needed
01-02 06:08:04.432659   235  1332 I [MALI][Gralloc]: [MTK]GRALLOC enter alloc_device_alloc()! pHandle=0x0xb8a7c0e4
01-02 06:08:04.432665   235  1332 I [MALI][Gralloc]: usage: 0x900, format: 0x1 stride: 720 vertical_stride: 1280 size: 3686400
01-02 06:08:04.432669   235  1332 I [MALI][Gralloc]: [MTK]GRALLOC ready to go ion alloc arrrrrrrrr!!!! pHandle=0x0xb8a7c0e4
01-02 06:08:04.433113   235  1332 D GraphicBuffer: alloc, handle(0xb8a7c238) (w:720 h:1280 s:720 f:0x1 u:0x000900) err(0)
01-02 06:08:04.433133   235  1332 W GraphicBufferExtra_hal: gralloc extra device setBufInfo(...) is not supported
01-02 06:08:04.433711  4540  4540 D GraphicBuffer: register, handle(0x679cfa60) (w:720 h:1280 s:720 f:0x1 u:0x000900)
01-02 06:08:04.434700  4540  4540 D AbsListView: onWindowFocusChanged: hasWindowFocus=true, this=android.widget.ListView{42992ca8 VFED.VC. .F....ID 0,0-720,1134 #102000a android:id/list}
01-02 06:08:04.435209  4540  4540 V InputMethodManager: onWindowFocus: android.widget.ListView{42992ca8 VFED.VC. .F....ID 0,0-720,1134 #102000a android:id/list} softInputMode=16 first=true flags=#1810100
01-02 06:08:04.435273  4540  4540 V InputMethodManager: START INPUT: android.widget.ListView{42992ca8 VFED.VC. .F....ID 0,0-720,1134 #102000a android:id/list} ic=null tba=android.view.inputmethod.EditorInfo@42ace130 controlFlags=#105
01-02 06:08:04.445012   235   235 I SurfaceFlinger: [Built-in Screen (type:0)] fps:0.226588,dur:4413.30,max:4413.30,min:4413.30
